Microchip MPLAB XC8 Compiler V1.45 ()

Linker command line:

-W-3 --edf=/Applications/microchip/xc8/v1.45/dat/en_msgs.txt -cs \
  -h+dist/default/production/final_integration3.0_test.X.production.sym \
  --cmf=dist/default/production/final_integration3.0_test.X.production.cmf \
  -z -Q18F4620 -o/tmp/xcljEVyQg \
  -Mdist/default/production/final_integration3.0_test.X.production.map -E1 \
  -ver=XC8 -ASTACK=02C8h-0f7fh -pstack=STACK -ACODE=00h-0FFFFh \
  -ACONST=00h-0FFFFh -ASMALLCONST=01000h-010FFhx240 \
  -AMEDIUMCONST=01000h-0FFFFh -ACOMRAM=01h-07Fh -AABS1=00h-0F7Fh \
  -ABIGRAM=01h-0F7Fh -ARAM=080h-0FFh,0100h-01FFhx14,0F00h-0F7Fh \
  -ABANK0=080h-0FFh -ABANK1=0100h-01FFh -ABANK2=0200h-02FFh \
  -ABANK3=0300h-03FFh -ABANK4=0400h-04FFh -ABANK5=0500h-05FFh \
  -ABANK6=0600h-06FFh -ABANK7=0700h-07FFh -ABANK8=0800h-08FFh \
  -ABANK9=0900h-09FFh -ABANK10=0A00h-0AFFh -ABANK11=0B00h-0BFFh \
  -ABANK12=0C00h-0CFFh -ABANK13=0D00h-0DFFh -ABANK14=0E00h-0EFFh \
  -ABANK15=0F00h-0F7Fh -ASFR=0F80h-0FFFh \
  -preset_vec=00h,intcode=08h,intcodelo,powerup,init -pramtop=01000h \
  -psmallconst=SMALLCONST -pmediumconst=MEDIUMCONST -pconst=CONST \
  -AFARRAM=00h-00h -ACONFIG=0300000h-030000Dh -pconfig=CONFIG \
  -AIDLOC=0200000h-0200007h -pidloc=IDLOC -AEEDATA=0F00000h-0F003FFh \
  -peeprom_data=EEDATA \
  -prdata=COMRAM,nvrram=COMRAM,nvbit=COMRAM,rbss=COMRAM,rbit=COMRAM \
  -pfarbss=FARRAM,fardata=FARRAM,nvFARRAM=FARRAM \
  -pintsave_regs=BIGRAM,bigbss=BIGRAM,bigdata=BIGRAM -pbss=RAM \
  -pidata=CODE,irdata=CODE,ibigdata=CODE,ifardata=CODE -prparam=COMRAM \
  /tmp/xcdebDzoJ.obj \
  dist/default/production/final_integration3.0_test.X.production.obj 

Object code version is 3.11

Machine type is 18F4620

Call graph: (short form)




                Name                               Link     Load   Length Selector   Space Scale
/tmp/xcdebDzoJ.obj
                init                                  E        E        4        4       0
                reset_vec                             0        0        4        0       0
                idloc                            200000   200000        8   200000       0
                config                           300000   300000        E   300000       0
dist/default/production/final_integration3.0_test.X.production.obj
                intcode                               8        8        6        4       0
                temp                                 7F       7F        1        1       1
                mediumconst                        FD6A     FD6A      296     7EB5       0
                text47                             34BC     34BC       70        4       0
                text46                             352C     352C       64        4       0
                text45                             2BB6     2BB6      26C        4       0
                text44                             37D4     37D4       4A        4       0
                text43                             39E0     39E0       26        4       0
                text42                               12       12      E50        4       0
                text41                             38EA     38EA       42        4       0
                text40                             381E     381E       46        4       0
                text39                             3232     3232       86        4       0
                text38                             33C0     33C0       82        4       0
                text37                             35F0     35F0       5C        4       0
                text36                             3AF8     3AF8       12     1D37       0
                text35                             3A06     3A06       24        4       0
                text34                             3B36     3B36        8     1D37       0
                text33                             3B2E     3B2E        8     1D37       0
                text32                             3B14     3B14        A     1D37       0
                text31                             333C     333C       84        4       0
                text30                             31AC     31AC       86        4       0
                text29                             3AE4     3AE4       14     1D37       0
                text28                             373E     373E       4C        4       0
                text27                             36A0     36A0       52        4       0
                text26                             38A8     38A8       42        4       0
                text25                             3A6E     3A6E       1E     1D37       0
                text24                             3AD0     3AD0       14     1D37       0
                text23                             279C     279C      41A        4       0
                intcode_body                        E62      E62      BE2        4       0
                text21                             32B8     32B8       84        4       0
                text20                             3590     3590       60        4       0
                text19                             3ABC     3ABC       14     1D37       0
                text18                             3B26     3B26        8     1D37       0
                text17                             3B1E     3B1E        8     1D37       0
                text16                             3B0A     3B0A        A     1D37       0
                text15                             39B8     39B8       28        4       0
                text14                             3966     3966       2A        4       0
                text13                             3126     3126       86        4       0
                text12                             3990     3990       28        4       0
                text11                             2F6C     2F6C      132        4       0
                text10                             309E     309E       88        4       0
                text9                              3AA4     3AA4       18     1D37       0
                text8                              36F2     36F2       4C        4       0
                text7                              2E22     2E22      14A        4       0
                text6                              364C     364C       54        4       0
                text5                              3864     3864       44        4       0
                text4                              3A2A     3A2A       22        4       0
                text3                              3A8C     3A8C       18     1D37       0
                text2                              2354     2354      448        4       0
                text1                              392C     392C       3A        4       0
                text0                              1A44     1A44      910        4       0
                cstackCOMRAM                          1        1       41        1       1
                cstackBANK0                          B9       B9       26       80       1
                bssBANK2                            200      200       C8      200       1
                dataBANK1                           184      184       4A      100       1
                bssBANK1                            100      100       84      100       1
                dataBANK0                            DF       DF       21       80       1
                bssBANK0                             80       80       39       80       1
                bssCOMRAM                            42       42       3D        1       1
                cinit                              3442     3442       7A        4       0
                idataBANK1                         378A     378A       4A        4       0
                idataBANK0                         3A4C     3A4C       21        4       0

TOTAL           Name                               Link     Load   Length     Space
        CLASS   STACK          

        CLASS   CODE           
                intcode                               8        8        6         0
                init                                  E        E        4         0
                reset_vec                             0        0        4         0
                text47                             34BC     34BC       70         0
                text46                             352C     352C       64         0
                text45                             2BB6     2BB6      26C         0
                text44                             37D4     37D4       4A         0
                text43                             39E0     39E0       26         0
                text42                               12       12      E50         0
                text41                             38EA     38EA       42         0
                text40                             381E     381E       46         0
                text39                             3232     3232       86         0
                text38                             33C0     33C0       82         0
                text37                             35F0     35F0       5C         0
                text36                             3AF8     3AF8       12         0
                text35                             3A06     3A06       24         0
                text34                             3B36     3B36        8         0
                text33                             3B2E     3B2E        8         0
                text32                             3B14     3B14        A         0
                text31                             333C     333C       84         0
                text30                             31AC     31AC       86         0
                text29                             3AE4     3AE4       14         0
                text28                             373E     373E       4C         0
                text27                             36A0     36A0       52         0
                text26                             38A8     38A8       42         0
                text25                             3A6E     3A6E       1E         0
                text24                             3AD0     3AD0       14         0
                text23                             279C     279C      41A         0
                intcode_body                        E62      E62      BE2         0
                text21                             32B8     32B8       84         0
                text20                             3590     3590       60         0
                text19                             3ABC     3ABC       14         0
                text18                             3B26     3B26        8         0
                text17                             3B1E     3B1E        8         0
                text16                             3B0A     3B0A        A         0
                text15                             39B8     39B8       28         0
                text14                             3966     3966       2A         0
                text13                             3126     3126       86         0
                text12                             3990     3990       28         0
                text11                             2F6C     2F6C      132         0
                text10                             309E     309E       88         0
                text9                              3AA4     3AA4       18         0
                text8                              36F2     36F2       4C         0
                text7                              2E22     2E22      14A         0
                text6                              364C     364C       54         0
                text5                              3864     3864       44         0
                text4                              3A2A     3A2A       22         0
                text3                              3A8C     3A8C       18         0
                text2                              2354     2354      448         0
                text1                              392C     392C       3A         0
                text0                              1A44     1A44      910         0
                cinit                              3442     3442       7A         0
                idataBANK1                         378A     378A       4A         0
                idataBANK0                         3A4C     3A4C       21         0

        CLASS   CONST          

        CLASS   SMALLCONST     

        CLASS   MEDIUMCONST    
                mediumconst                        FD6A     FD6A      296         0

        CLASS   COMRAM         
                temp                                 7F       7F        1         1
                cstackCOMRAM                          1        1       41         1
                bssCOMRAM                            42       42       3D         1

        CLASS   ABS1           

        CLASS   BIGRAM         

        CLASS   RAM            

        CLASS   BANK0          
                cstackBANK0                          B9       B9       26         1
                dataBANK0                            DF       DF       21         1
                bssBANK0                             80       80       39         1

        CLASS   BANK1          
                dataBANK1                           184      184       4A         1
                bssBANK1                            100      100       84         1

        CLASS   BANK2          
                bssBANK2                            200      200       C8         1

        CLASS   BANK3          

        CLASS   BANK4          

        CLASS   BANK5          

        CLASS   BANK6          

        CLASS   BANK7          

        CLASS   BANK8          

        CLASS   BANK9          

        CLASS   BANK10         

        CLASS   BANK11         

        CLASS   BANK12         

        CLASS   BANK13         

        CLASS   BANK14         

        CLASS   BANK15         

        CLASS   SFR            

        CLASS   FARRAM         

        CLASS   CONFIG         
                config                           300000   300000        E         0

        CLASS   IDLOC          
                idloc                            200000   200000        8         0

        CLASS   EEDATA         



SEGMENTS        Name                           Load    Length   Top    Selector   Space  Class

                reset_vec                      000000  000004  000004         0       0  CODE    
                cstackCOMRAM                   000001  00007F  000080         1       1  COMRAM  
                intcode                        000008  003A65  003A6D         4       0  CODE    
                bssBANK0                       000080  000080  000100        80       1  BANK0   
                bssBANK1                       000100  0000CE  0001CE       100       1  BANK1   
                bssBANK2                       000200  0000C8  0002C8       200       1  BANK2   
                text25                         003A6E  0000D0  003B3E      1D37       0  CODE    
                mediumconst                    00FD6A  000296  010000      7EB5       0  MEDIUMCO
                idloc                          200000  000008  200008    200000       0  IDLOC   
                config                         300000  00000E  30000E    300000       0  CONFIG  


UNUSED ADDRESS RANGES

        Name                Unused          Largest block    Delta
        BANK1            0001CE-0001FF               32
        BANK10           000A00-000AFF              100
        BANK11           000B00-000BFF              100
        BANK12           000C00-000CFF              100
        BANK13           000D00-000DFF              100
        BANK14           000E00-000EFF              100
        BANK15           000F00-000F7F               80
        BANK2            0002C8-0002FF               38
        BANK3            000300-0003FF              100
        BANK4            000400-0004FF              100
        BANK5            000500-0005FF              100
        BANK6            000600-0006FF              100
        BANK7            000700-0007FF              100
        BANK8            000800-0008FF              100
        BANK9            000900-0009FF              100
        BIGRAM           0001CE-0001FF               32
                         0002C8-000F7F              CB8
        CODE             000004-000007                4
                         003A6D-003A6D                1
                         003B3E-00FD69             C22C
        CONST            000004-000007                4
                         003A6D-003A6D                1
                         003B3E-00FD69             C22C
        EEDATA           F00000-F003FF              400
        MEDIUMCONST      003A6D-003A6D                1
                         003B3E-00FD69             C22C
        RAM              0001CE-0001FF               32
                         0002C8-000F7F              100
        SFR              000F80-000FFF               80
        SMALLCONST       003A6D-003A6D                1
                         003B3E-00FD69              100
        STACK            0002C8-000F7F              CB8

                                  Symbol Table

?___awdiv                            cstackBANK0  0000B9
?___awmod                            cstackCOMRAM 000001
?___lldiv                            cstackBANK0  0000B9
?___lwdiv                            cstackBANK0  0000B9
?___lwmod                            cstackBANK0  0000C0
?___wmul                             cstackBANK0  0000C1
?_check                              cstackCOMRAM 000001
?_printf                             cstackBANK0  0000C7
?_readADC                            cstackBANK0  0000B9
?_strcmp                             cstackCOMRAM 000001
?_strncmp                            cstackCOMRAM 000007
?i2___awdiv                          cstackCOMRAM 000001
?i2___lldiv                          cstackCOMRAM 000001
?i2___lwdiv                          cstackCOMRAM 000001
?i2___lwmod                          cstackCOMRAM 000008
?i2___wmul                           cstackCOMRAM 000001
?i2_printf                           cstackCOMRAM 00000D
I2C_Master_Init@clockFreq            cstackBANK0  0000C6
I2C_Master_Read@ackBit               cstackBANK0  0000BA
I2C_Master_Read@receivedByte         cstackBANK0  0000BB
I2C_Master_Write@byteToWrite         cstackBANK0  0000BA
I2C_sendData@char_data               cstackBANK0  0000BC
_ADCON0                              (abs)        000FC2
_ADCON0bits                          (abs)        000FC2
_ADCON1                              (abs)        000FC1
_ADON                                (abs)        007E10
_ADRESH                              (abs)        000FC4
_ADRESL                              (abs)        000FC3
_B                                   bssCOMRAM    00005F
_B_array                             dataBANK1    0001B4
_B_counter                           bssBANK0     00009E
_B_dispense                          dataBANK0    0000FD
_B_done                              bssBANK1     000126
_B_max                               dataBANK1    0001CA
_B_remain                            bssBANK0     000096
_B_spacingTime                       bssBANK1     00012E
_I2C_Master_Init                     text20       003590
_I2C_Master_Read                     text14       003966
_I2C_Master_Start                    text18       003B26
_I2C_Master_Stop                     text17       003B1E
_I2C_Master_Wait                     text19       003ABC
_I2C_Master_Write                    text16       003B0A
_I2C_sendData                        text15       0039B8
_INT1IE                              (abs)        007F83
_INT1IF                              (abs)        007F80
_INTCONbits                          (abs)        000FF2
_LATA                                (abs)        000F89
_LATB                                (abs)        000F8A
_LATC                                (abs)        000F8B
_LATD                                (abs)        000F8C
_LATDbits                            (abs)        000F8C
_LATE                                (abs)        000F8D
_LCD_HORZ_LIMIT                      mediumconst  00FD9D
_LCD_LEFT                            mediumconst  00FD98
_LCD_RIGHT                           mediumconst  00FD99
_LCD_SIZE_HORZ                       mediumconst  00FD9B
_LCD_SIZE_VERT                       mediumconst  00FD9A
_LCD_VERT_LIMIT                      mediumconst  00FD9C
_LCDinterruptState                   bssBANK0     0000AE
_N                                   bssCOMRAM    00005D
_N_array                             dataBANK1    000194
_N_counter                           bssBANK0     00009A
_N_dispense                          dataBANK0    0000FC
_N_done                              bssBANK1     000124
_N_max                               dataBANK1    0001C8
_N_remain                            bssBANK0     000094
_N_spacingTime                       bssBANK1     00012C
_PORTAbits                           (abs)        000F80
_PORTB                               (abs)        000F81
_S                                   bssCOMRAM    00005B
_SSPADD                              (abs)        000FC8
_SSPBUF                              (abs)        000FC9
_SSPCON1                             (abs)        000FC6
_SSPCON1bits                         (abs)        000FC6
_SSPCON2                             (abs)        000FC5
_SSPCON2bits                         (abs)        000FC5
_SSPSTAT                             (abs)        000FC7
_S_array                             dataBANK1    0001A4
_S_counter                           bssBANK0     00009C
_S_dispense                          dataBANK0    0000FB
_S_done                              bssBANK1     000122
_S_max                               dataBANK1    0001C6
_S_remain                            bssBANK0     000092
_S_spacingTime                       bssBANK1     00012A
_TRISA                               (abs)        000F92
_TRISAbits                           (abs)        000F92
_TRISB                               (abs)        000F93
_TRISC                               (abs)        000F94
_TRISCbits                           (abs)        000F94
_TRISD                               (abs)        000F95
_TRISDbits                           (abs)        000F95
_TRISE                               (abs)        000F96
_W                                   bssCOMRAM    000059
_W_array                             dataBANK1    000184
_W_counter                           bssBANK0     000098
_W_done                              bssBANK1     000120
_W_max                               dataBANK1    0001C4
_W_remain                            bssBANK0     000090
_W_spacingTime                       bssBANK1     000128
__CFG_BOREN$SBORDIS                  (abs)        000000
__CFG_BORV$3                         (abs)        000000
__CFG_CCP2MX$PORTC                   (abs)        000000
__CFG_CP0$OFF                        (abs)        000000
__CFG_CP1$OFF                        (abs)        000000
__CFG_CP2$OFF                        (abs)        000000
__CFG_CP3$OFF                        (abs)        000000
__CFG_CPB$OFF                        (abs)        000000
__CFG_CPD$ON                         (abs)        000000
__CFG_EBTR0$OFF                      (abs)        000000
__CFG_EBTR1$OFF                      (abs)        000000
__CFG_EBTR2$OFF                      (abs)        000000
__CFG_EBTR3$OFF                      (abs)        000000
__CFG_EBTRB$OFF                      (abs)        000000
__CFG_FCMEN$OFF                      (abs)        000000
__CFG_IESO$OFF                       (abs)        000000
__CFG_LPT1OSC$OFF                    (abs)        000000
__CFG_LVP$OFF                        (abs)        000000
__CFG_MCLRE$ON                       (abs)        000000
__CFG_OSC$HSPLL                      (abs)        000000
__CFG_PBADEN$ON                      (abs)        000000
__CFG_PWRT$OFF                       (abs)        000000
__CFG_STVREN$ON                      (abs)        000000
__CFG_WDT$OFF                        (abs)        000000
__CFG_WDTPS$32768                    (abs)        000000
__CFG_WRT0$OFF                       (abs)        000000
__CFG_WRT1$OFF                       (abs)        000000
__CFG_WRT2$OFF                       (abs)        000000
__CFG_WRT3$OFF                       (abs)        000000
__CFG_WRTB$OFF                       (abs)        000000
__CFG_WRTC$OFF                       (abs)        000000
__CFG_WRTD$OFF                       (abs)        000000
__CFG_XINST$OFF                      (abs)        000000
__HRAM                               (abs)        000000
__Habs1                              abs1         000000
__Hbank0                             bank0        000000
__Hbank1                             bank1        000000
__Hbank10                            bank10       000000
__Hbank11                            bank11       000000
__Hbank12                            bank12       000000
__Hbank13                            bank13       000000
__Hbank14                            bank14       000000
__Hbank15                            bank15       000000
__Hbank2                             bank2        000000
__Hbank3                             bank3        000000
__Hbank4                             bank4        000000
__Hbank5                             bank5        000000
__Hbank6                             bank6        000000
__Hbank7                             bank7        000000
__Hbank8                             bank8        000000
__Hbank9                             bank9        000000
__Hbigbss                            bigbss       000000
__Hbigdata                           bigdata      000000
__Hbigram                            bigram       000000
__Hbss                               bss          000000
__HbssBANK0                          bssBANK0     000000
__HbssBANK1                          bssBANK1     000000
__HbssBANK2                          bssBANK2     000000
__HbssCOMRAM                         bssCOMRAM    000000
__Hcinit                             cinit        000000
__Hclrtext                           clrtext      000000
__Hcomram                            comram       000000
__Hconfig                            config       30000E
__Hconst                             const        000000
__HcstackBANK0                       cstackBANK0  000000
__HcstackCOMRAM                      cstackCOMRAM 000000
__Hdata                              data         000000
__HdataBANK0                         dataBANK0    000000
__HdataBANK1                         dataBANK1    000000
__Heeprom_data                       eeprom_data  000000
__Hfarbss                            farbss       000000
__Hfardata                           fardata      000000
__Hibigdata                          ibigdata     000000
__Hidata                             idata        000000
__HidataBANK0                        idataBANK0   000000
__HidataBANK1                        idataBANK1   000000
__Hidloc                             idloc        200008
__Hifardata                          ifardata     000000
__Hinit                              init         000012
__Hintcode                           intcode      00000E
__Hintcode_body                      intcode_body 000000
__Hintcodelo                         intcodelo    00000E
__Hintentry                          intentry     000000
__Hintret                            intret       000000
__Hintsave_regs                      intsave_regs 000000
__Hirdata                            irdata       000000
__Hmediumconst                       mediumconst  010000
__HnvFARRAM                          nvFARRAM     000000
__Hnvbit                             nvbit        000000
__Hnvrram                            nvrram       000000
__Hparam                             rparam       000000
__Hpowerup                           powerup      00000E
__Hram                               ram          000000
__Hramtop                            ramtop       001000
__Hrbit                              rbit         000000
__Hrbss                              rbss         000000
__Hrdata                             rdata        000000
__Hreset_vec                         reset_vec    000004
__Hrparam                            rparam       000000
__Hsfr                               sfr          000000
__Hsmallconst                        smallconst   000000
__Hspace_0                           (abs)        30000E
__Hspace_1                           (abs)        0002C8
__Hspace_2                           (abs)        000000
__Hstack                             stack        000000
__Hstruct                            struct       000000
__Htemp                              temp         000080
__Htext                              text         000000
__Htext0                             text0        000000
__Htext1                             text1        000000
__Htext10                            text10       000000
__Htext11                            text11       000000
__Htext12                            text12       000000
__Htext13                            text13       000000
__Htext14                            text14       000000
__Htext15                            text15       000000
__Htext16                            text16       000000
__Htext17                            text17       000000
__Htext18                            text18       000000
__Htext19                            text19       000000
__Htext2                             text2        000000
__Htext20                            text20       000000
__Htext21                            text21       000000
__Htext23                            text23       000000
__Htext24                            text24       000000
__Htext25                            text25       000000
__Htext26                            text26       000000
__Htext27                            text27       000000
__Htext28                            text28       000000
__Htext29                            text29       000000
__Htext3                             text3        000000
__Htext30                            text30       000000
__Htext31                            text31       000000
__Htext32                            text32       000000
__Htext33                            text33       000000
__Htext34                            text34       000000
__Htext35                            text35       000000
__Htext36                            text36       000000
__Htext37                            text37       000000
__Htext38                            text38       000000
__Htext39                            text39       000000
__Htext4                             text4        000000
__Htext40                            text40       000000
__Htext41                            text41       000000
__Htext42                            text42       000000
__Htext43                            text43       000000
__Htext44                            text44       000000
__Htext45                            text45       000000
__Htext46                            text46       000000
__Htext47                            text47       000000
__Htext5                             text5        000000
__Htext6                             text6        000000
__Htext7                             text7        000000
__Htext8                             text8        000000
__Htext9                             text9        000000
__LRAM                               (abs)        000001
__Labs1                              abs1         000000
__Lbank0                             bank0        000000
__Lbank1                             bank1        000000
__Lbank10                            bank10       000000
__Lbank11                            bank11       000000
__Lbank12                            bank12       000000
__Lbank13                            bank13       000000
__Lbank14                            bank14       000000
__Lbank15                            bank15       000000
__Lbank2                             bank2        000000
__Lbank3                             bank3        000000
__Lbank4                             bank4        000000
__Lbank5                             bank5        000000
__Lbank6                             bank6        000000
__Lbank7                             bank7        000000
__Lbank8                             bank8        000000
__Lbank9                             bank9        000000
__Lbigbss                            bigbss       000000
__Lbigdata                           bigdata      000000
__Lbigram                            bigram       000000
__Lbss                               bss          000000
__LbssBANK0                          bssBANK0     000000
__LbssBANK1                          bssBANK1     000000
__LbssBANK2                          bssBANK2     000000
__LbssCOMRAM                         bssCOMRAM    000000
__Lcinit                             cinit        000000
__Lclrtext                           clrtext      000000
__Lcomram                            comram       000000
__Lconfig                            config       300000
__Lconst                             const        000000
__LcstackBANK0                       cstackBANK0  000000
__LcstackCOMRAM                      cstackCOMRAM 000000
__Ldata                              data         000000
__LdataBANK0                         dataBANK0    000000
__LdataBANK1                         dataBANK1    000000
__Leeprom_data                       eeprom_data  000000
__Lfarbss                            farbss       000000
__Lfardata                           fardata      000000
__Libigdata                          ibigdata     000000
__Lidata                             idata        000000
__LidataBANK0                        idataBANK0   000000
__LidataBANK1                        idataBANK1   000000
__Lidloc                             idloc        200000
__Lifardata                          ifardata     000000
__Linit                              init         00000E
__Lintcode                           intcode      000008
__Lintcode_body                      intcode_body 000000
__Lintcodelo                         intcodelo    00000E
__Lintentry                          intentry     000000
__Lintret                            intret       000000
__Lintsave_regs                      intsave_regs 000000
__Lirdata                            irdata       000000
__Lmediumconst                       mediumconst  00FD6A
__LnvFARRAM                          nvFARRAM     000000
__Lnvbit                             nvbit        000000
__Lnvrram                            nvrram       000000
__Lparam                             rparam       000000
__Lpowerup                           powerup      00000E
__Lram                               ram          000000
__Lramtop                            ramtop       001000
__Lrbit                              rbit         000000
__Lrbss                              rbss         000000
__Lrdata                             rdata        000000
__Lreset_vec                         reset_vec    000000
__Lrparam                            rparam       000000
__Lsfr                               sfr          000000
__Lsmallconst                        smallconst   000000
__Lspace_0                           (abs)        000000
__Lspace_1                           (abs)        000000
__Lspace_2                           (abs)        000000
__Lstack                             stack        000000
__Lstruct                            struct       000000
__Ltemp                              temp         00007F
__Ltext                              text         000000
__Ltext0                             text0        000000
__Ltext1                             text1        000000
__Ltext10                            text10       000000
__Ltext11                            text11       000000
__Ltext12                            text12       000000
__Ltext13                            text13       000000
__Ltext14                            text14       000000
__Ltext15                            text15       000000
__Ltext16                            text16       000000
__Ltext17                            text17       000000
__Ltext18                            text18       000000
__Ltext19                            text19       000000
__Ltext2                             text2        000000
__Ltext20                            text20       000000
__Ltext21                            text21       000000
__Ltext23                            text23       000000
__Ltext24                            text24       000000
__Ltext25                            text25       000000
__Ltext26                            text26       000000
__Ltext27                            text27       000000
__Ltext28                            text28       000000
__Ltext29                            text29       000000
__Ltext3                             text3        000000
__Ltext30                            text30       000000
__Ltext31                            text31       000000
__Ltext32                            text32       000000
__Ltext33                            text33       000000
__Ltext34                            text34       000000
__Ltext35                            text35       000000
__Ltext36                            text36       000000
__Ltext37                            text37       000000
__Ltext38                            text38       000000
__Ltext39                            text39       000000
__Ltext4                             text4        000000
__Ltext40                            text40       000000
__Ltext41                            text41       000000
__Ltext42                            text42       000000
__Ltext43                            text43       000000
__Ltext44                            text44       000000
__Ltext45                            text45       000000
__Ltext46                            text46       000000
__Ltext47                            text47       000000
__Ltext5                             text5        000000
__Ltext6                             text6        000000
__Ltext7                             text7        000000
__Ltext8                             text8        000000
__Ltext9                             text9        000000
__S0                                 (abs)        30000E
__S1                                 (abs)        0002C8
__S2                                 (abs)        000000
___awdiv                             text13       003126
___awdiv@counter                     cstackBANK0  0000BD
___awdiv@dividend                    cstackBANK0  0000B9
___awdiv@divisor                     cstackBANK0  0000BB
___awdiv@quotient                    cstackBANK0  0000BF
___awdiv@sign                        cstackBANK0  0000BE
___awmod                             text47       0034BC
___awmod@counter                     cstackCOMRAM 000005
___awmod@dividend                    cstackCOMRAM 000001
___awmod@divisor                     cstackCOMRAM 000003
___awmod@sign                        cstackCOMRAM 000006
___inthi_sp                          stack        000000
___intlo_sp                          stack        000000
___lldiv                             text21       0032B8
___lldiv@counter                     cstackBANK0  0000C5
___lldiv@dividend                    cstackBANK0  0000B9
___lldiv@divisor                     cstackBANK0  0000BD
___lldiv@quotient                    cstackBANK0  0000C1
___lwdiv                             text6        00364C
___lwdiv@counter                     cstackBANK0  0000BF
___lwdiv@dividend                    cstackBANK0  0000B9
___lwdiv@divisor                     cstackBANK0  0000BB
___lwdiv@quotient                    cstackBANK0  0000BD
___lwmod                             text5        003864
___lwmod@counter                     cstackBANK0  0000C4
___lwmod@dividend                    cstackBANK0  0000C0
___lwmod@divisor                     cstackBANK0  0000C2
___param_bank                        (abs)        000000
___rparam_used                       (abs)        000001
___sp                                stack        000000
___wmul                              text12       003990
___wmul@multiplicand                 cstackBANK0  0000C3
___wmul@multiplier                   cstackBANK0  0000C1
___wmul@product                      cstackBANK0  0000C5
__accesstop                          (abs)        000080
__activetblptr                       (abs)        000003
__end_of_I2C_Master_Init             text20       0035F0
__end_of_I2C_Master_Read             text14       003990
__end_of_I2C_Master_Start            text18       003B2E
__end_of_I2C_Master_Stop             text17       003B26
__end_of_I2C_Master_Wait             text19       003AD0
__end_of_I2C_Master_Write            text16       003B14
__end_of_I2C_sendData                text15       0039E0
__end_of_LCD_HORZ_LIMIT              mediumconst  00FD9E
__end_of_LCD_LEFT                    mediumconst  00FD99
__end_of_LCD_RIGHT                   mediumconst  00FD9A
__end_of_LCD_SIZE_HORZ               mediumconst  00FD9C
__end_of_LCD_SIZE_VERT               mediumconst  00FD9B
__end_of_LCD_VERT_LIMIT              mediumconst  00FD9D
__end_of___awdiv                     text13       0031AC
__end_of___awmod                     text47       00352C
__end_of___lldiv                     text21       00333C
__end_of___lwdiv                     text6        0036A0
__end_of___lwmod                     text5        0038A8
__end_of___wmul                      text12       0039B8
__end_of__initialization             cinit        0034B2
__end_of_array                       mediumconst  00FD98
__end_of_check                       text46       003590
__end_of_dpowers                     mediumconst  00FD86
__end_of_generate_compartment_array  text45       002E22
__end_of_get_RTC_final               text11       00309E
__end_of_happynewyear                mediumconst  00FD95
__end_of_hexpowers                   mediumconst  00FD8E
__end_of_initLCD                     text8        00373E
__end_of_initialize                  text7        002F6C
__end_of_interruptHandler            intcode_body 001A44
__end_of_is_valid                    text42       000E62
__end_of_isdigit                     text4        003A4C
__end_of_keys                        mediumconst  00FD7C
__end_of_lcdInst                     text9        003ABC
__end_of_lcdNibble                   text10       003126
__end_of_main                        text0        002354
__end_of_printf                      text2        00279C
__end_of_putch                       text3        003AA4
__end_of_readADC                     text1        003966
__end_of_strcat                      text41       00392C
__end_of_strcmp                      text44       00381E
__end_of_strcpy                      text40       003864
__end_of_strncmp                     text39       0032B8
__end_of_strs                        mediumconst  00FE02
__end_ofi2_I2C_Master_Init           text37       00364C
__end_ofi2_I2C_Master_Read           text35       003A2A
__end_ofi2_I2C_Master_Start          text34       003B3E
__end_ofi2_I2C_Master_Stop           text33       003B36
__end_ofi2_I2C_Master_Wait           text36       003B0A
__end_ofi2_I2C_Master_Write          text32       003B1E
__end_ofi2___awdiv                   text31       0033C0
__end_ofi2___lldiv                   text38       003442
__end_ofi2___lwdiv                   text27       0036F2
__end_ofi2___lwmod                   text26       0038EA
__end_ofi2___wmul                    text43       003A06
__end_ofi2_initLCD                   text28       00378A
__end_ofi2_isdigit                   text25       003A8C
__end_ofi2_lcdInst                   text29       003AF8
__end_ofi2_lcdNibble                 text30       003232
__end_ofi2_printf                    text23       002BB6
__end_ofi2_putch                     text24       003AE4
__initialization                     cinit        003442
__mediumconst                        mediumconst  00FD6A
__pbssBANK0                          bssBANK0     000080
__pbssBANK1                          bssBANK1     000100
__pbssBANK2                          bssBANK2     000200
__pbssCOMRAM                         bssCOMRAM    000042
__pcinit                             cinit        003442
__pcstackBANK0                       cstackBANK0  0000B9
__pcstackCOMRAM                      cstackCOMRAM 000001
__pdataBANK0                         dataBANK0    0000DF
__pdataBANK1                         dataBANK1    000184
__pidataBANK0                        idataBANK0   003A4C
__pidataBANK1                        idataBANK1   00378A
__pintcode                           intcode      000008
__pintcode_body                      intcode_body 000E62
__pmediumconst                       mediumconst  00FD6A
__ptext0                             text0        001A44
__ptext1                             text1        00392C
__ptext10                            text10       00309E
__ptext11                            text11       002F6C
__ptext12                            text12       003990
__ptext13                            text13       003126
__ptext14                            text14       003966
__ptext15                            text15       0039B8
__ptext16                            text16       003B0A
__ptext17                            text17       003B1E
__ptext18                            text18       003B26
__ptext19                            text19       003ABC
__ptext2                             text2        002354
__ptext20                            text20       003590
__ptext21                            text21       0032B8
__ptext23                            text23       00279C
__ptext24                            text24       003AD0
__ptext25                            text25       003A6E
__ptext26                            text26       0038A8
__ptext27                            text27       0036A0
__ptext28                            text28       00373E
__ptext29                            text29       003AE4
__ptext3                             text3        003A8C
__ptext30                            text30       0031AC
__ptext31                            text31       00333C
__ptext32                            text32       003B14
__ptext33                            text33       003B2E
__ptext34                            text34       003B36
__ptext35                            text35       003A06
__ptext36                            text36       003AF8
__ptext37                            text37       0035F0
__ptext38                            text38       0033C0
__ptext39                            text39       003232
__ptext4                             text4        003A2A
__ptext40                            text40       00381E
__ptext41                            text41       0038EA
__ptext42                            text42       000012
__ptext43                            text43       0039E0
__ptext44                            text44       0037D4
__ptext45                            text45       002BB6
__ptext46                            text46       00352C
__ptext47                            text47       0034BC
__ptext5                             text5        003864
__ptext6                             text6        00364C
__ptext7                             text7        002E22
__ptext8                             text8        0036F2
__ptext9                             text9        003AA4
__ramtop                             ramtop       001000
__size_of_I2C_Master_Init            (abs)        000000
__size_of_I2C_Master_Read            (abs)        000000
__size_of_I2C_Master_Start           (abs)        000000
__size_of_I2C_Master_Stop            (abs)        000000
__size_of_I2C_Master_Wait            (abs)        000000
__size_of_I2C_Master_Write           (abs)        000000
__size_of_I2C_sendData               (abs)        000000
__size_of___awdiv                    (abs)        000000
__size_of___awmod                    (abs)        000000
__size_of___lldiv                    (abs)        000000
__size_of___lwdiv                    (abs)        000000
__size_of___lwmod                    (abs)        000000
__size_of___wmul                     (abs)        000000
__size_of_check                      (abs)        000000
__size_of_generate_compartment_array (abs)        000000
__size_of_get_RTC_final              (abs)        000000
__size_of_initLCD                    (abs)        000000
__size_of_initialize                 (abs)        000000
__size_of_interruptHandler           (abs)        000000
__size_of_is_valid                   (abs)        000000
__size_of_isdigit                    (abs)        000000
__size_of_lcdInst                    (abs)        000000
__size_of_lcdNibble                  (abs)        000000
__size_of_main                       (abs)        000000
__size_of_printf                     (abs)        000000
__size_of_putch                      (abs)        000000
__size_of_readADC                    (abs)        000000
__size_of_strcat                     (abs)        000000
__size_of_strcmp                     (abs)        000000
__size_of_strcpy                     (abs)        000000
__size_of_strncmp                    (abs)        000000
__size_ofi2_I2C_Master_Init          (abs)        000000
__size_ofi2_I2C_Master_Read          (abs)        000000
__size_ofi2_I2C_Master_Start         (abs)        000000
__size_ofi2_I2C_Master_Stop          (abs)        000000
__size_ofi2_I2C_Master_Wait          (abs)        000000
__size_ofi2_I2C_Master_Write         (abs)        000000
__size_ofi2___awdiv                  (abs)        000000
__size_ofi2___lldiv                  (abs)        000000
__size_ofi2___lwdiv                  (abs)        000000
__size_ofi2___lwmod                  (abs)        000000
__size_ofi2___wmul                   (abs)        000000
__size_ofi2_initLCD                  (abs)        000000
__size_ofi2_isdigit                  (abs)        000000
__size_ofi2_lcdInst                  (abs)        000000
__size_ofi2_lcdNibble                (abs)        000000
__size_ofi2_printf                   (abs)        000000
__size_ofi2_putch                    (abs)        000000
__smallconst                         smallconst   000000
_angle                               bssBANK1     000132
_array                               mediumconst  00FD95
_assembly_step                       bssCOMRAM    00006B
_change_mode                         bssCOMRAM    000073
_check                               text46       00352C
_close_handle                        dataBANK0    0000F1
_compartment_array                   dataBANK0    0000DF
_compartment_number                  bssCOMRAM    000042
_compartment_pos                     bssBANK0     0000A0
_counter                             bssCOMRAM    000069
_counter_step                        bssCOMRAM    000067
_current_set                         bssBANK0     0000B4
_current_set2                        bssCOMRAM    000078
_dpowers                             mediumconst  00FD7C
_error                               bssBANK1     000130
_fastener                            bssBANK2     000200
_final_number                        bssBANK1     000110
_final_set                           bssBANK1     00015C
_final_time                          bssBANK0     000080
_gear_counter                        bssBANK0     0000A4
_generate_compartment_array          text45       002BB6
_get_RTC_final                       text11       002F6C
_happynewyear                        mediumconst  00FD8E
_hexpowers                           mediumconst  00FD86
_hr_final                            bssBANK0     000086
_hr_initial                          bssBANK0     00008E
_i                                   bssBANK0     0000AA
_initLCD                             text8        0036F2
_init_position                       dataBANK1    0001CC
_initial_time                        bssBANK0     000088
_initialize                          text7        002E22
_interruptHandler                    intcode      000008
_is_valid                            text42       000012
_isdigit                             text4        003A2A
_isdigit$1254                        cstackBANK0  0000BA
_j                                   bssCOMRAM    000075
_keys                                mediumconst  00FD6B
_lcdInst                             text9        003AA4
_lcdNibble                           text10       00309E
_main                                text0        001A44
_min_final                           bssBANK0     000084
_min_initial                         bssBANK0     00008C
_mode                                dataBANK0    0000EF
_motorStart_0                        dataBANK0    0000FA
_motorStart_1                        dataBANK0    0000F8
_motorStart_2                        dataBANK0    0000F6
_motorStart_3                        dataBANK0    0000F4
_motorStop_0                         dataBANK0    0000F9
_motorStop_1                         dataBANK0    0000F7
_motorStop_2                         dataBANK0    0000F5
_motorStop_3                         dataBANK0    0000F3
_number                              bssCOMRAM    00007D
_nuts_data                           bssBANK0     0000AC
_openHandle_data                     bssBANK0     0000AD
_operation                           bssCOMRAM    000071
_operationTime                       bssCOMRAM    00006F
_operation_done                      bssBANK0     0000A6
_prev                                bssBANK0     0000A2
_prev_number                         bssBANK1     000100
_prev_set                            bssBANK1     000134
_prev_state                          bssCOMRAM    000061
_printf                              text2        002354
_putch                               text3        003A8C
_readADC                             text1        00392C
_rotate_1compartment                 dataBANK0    0000FE
_rotate_gear                         dataBANK0    0000FF
_sec_final                           bssBANK0     000082
_sec_initial                         bssBANK0     00008A
_servo_ramp                          dataBANK0    0000F2
_state                               bssCOMRAM    00006D
_strcat                              text41       0038EA
_strcmp                              text44       0037D4
_strcpy                              text40       00381E
_strncmp                             text39       003232
_strs                                mediumconst  00FD9E
_temp                                bssCOMRAM    000076
_temp_set                            bssBANK0     0000AF
_time                                bssCOMRAM    000052
_total_number                        bssCOMRAM    000063
_valid                               bssCOMRAM    000065
_white_tape                          bssBANK0     0000A8
btemp                                temp         00007F
end_of_initialization                cinit        0034B2
generate_compartment_array@step      cstackCOMRAM 000001
i2I2C_Master_Init@clockFreq          cstackCOMRAM 00000E
i2I2C_Master_Read@ackBit             cstackCOMRAM 000002
i2I2C_Master_Read@receivedByte       cstackCOMRAM 000003
i2I2C_Master_Write@byteToWrite       cstackCOMRAM 000002
i2_I2C_Master_Init                   text37       0035F0
i2_I2C_Master_Read                   text35       003A06
i2_I2C_Master_Start                  text34       003B36
i2_I2C_Master_Stop                   text33       003B2E
i2_I2C_Master_Wait                   text36       003AF8
i2_I2C_Master_Write                  text32       003B14
i2___awdiv                           text31       00333C
i2___awdiv@counter                   cstackCOMRAM 000005
i2___awdiv@dividend                  cstackCOMRAM 000001
i2___awdiv@divisor                   cstackCOMRAM 000003
i2___awdiv@quotient                  cstackCOMRAM 000007
i2___awdiv@sign                      cstackCOMRAM 000006
i2___lldiv                           text38       0033C0
i2___lldiv@counter                   cstackCOMRAM 00000D
i2___lldiv@dividend                  cstackCOMRAM 000001
i2___lldiv@divisor                   cstackCOMRAM 000005
i2___lldiv@quotient                  cstackCOMRAM 000009
i2___lwdiv                           text27       0036A0
i2___lwdiv@counter                   cstackCOMRAM 000007
i2___lwdiv@dividend                  cstackCOMRAM 000001
i2___lwdiv@divisor                   cstackCOMRAM 000003
i2___lwdiv@quotient                  cstackCOMRAM 000005
i2___lwmod                           text26       0038A8
i2___lwmod@counter                   cstackCOMRAM 00000C
i2___lwmod@dividend                  cstackCOMRAM 000008
i2___lwmod@divisor                   cstackCOMRAM 00000A
i2___wmul                            text43       0039E0
i2___wmul@multiplicand               cstackCOMRAM 000003
i2___wmul@multiplier                 cstackCOMRAM 000001
i2___wmul@product                    cstackCOMRAM 000005
i2_initLCD                           text28       00373E
i2_isdigit                           text25       003A6E
i2_isdigit$1254                      cstackCOMRAM 000002
i2_lcdInst                           text29       003AE4
i2_lcdNibble                         text30       0031AC
i2_printf                            text23       00279C
i2_putch                             text24       003AD0
i2isdigit@c                          cstackCOMRAM 000003
i2lcdInst@data                       cstackCOMRAM 000003
i2lcdNibble@data                     cstackCOMRAM 000002
i2lcdNibble@temp                     cstackCOMRAM 000001
i2printf@ap                          cstackCOMRAM 00001D
i2printf@c                           cstackCOMRAM 000026
i2printf@cp                          cstackCOMRAM 00001B
i2printf@f                           cstackCOMRAM 00000D
i2printf@flag                        cstackCOMRAM 000023
i2printf@idx                         cstackCOMRAM 000019
i2printf@len                         cstackCOMRAM 00001F
i2printf@prec                        cstackCOMRAM 00001A
i2printf@val                         cstackCOMRAM 000021
i2printf@width                       cstackCOMRAM 000024
i2putch@data                         cstackCOMRAM 000003
int$flags                            temp         00007F
int_func                             intcode_body 000E62
interruptHandler@i                   cstackCOMRAM 00003E
interruptHandler@keypress            cstackCOMRAM 000040
interruptHandler@temp                cstackCOMRAM 000041
intlevel0                            text         000000
intlevel1                            text         000000
intlevel2                            text         000000
intlevel3                            text         000000
isdigit@c                            cstackBANK0  0000BB
lcdInst@data                         cstackBANK0  0000BB
lcdNibble@data                       cstackBANK0  0000BA
lcdNibble@temp                       cstackBANK0  0000B9
printf@ap                            cstackBANK0  0000D3
printf@c                             cstackBANK0  0000DC
printf@cp                            cstackBANK0  0000D1
printf@f                             cstackBANK0  0000C7
printf@flag                          cstackBANK0  0000D9
printf@idx                           cstackBANK0  0000CF
printf@len                           cstackBANK0  0000D5
printf@prec                          cstackBANK0  0000D0
printf@val                           cstackBANK0  0000D7
printf@width                         cstackBANK0  0000DA
putch@data                           cstackBANK0  0000BB
readADC@channel                      cstackBANK0  0000BD
stackhi                              (abs)        000F7F
stacklo                              (abs)        0002C8
start                                init         00000E
start_initialization                 cinit        003442
strcat@cp                            cstackCOMRAM 000005
strcat@from                          cstackCOMRAM 000003
strcat@to                            cstackCOMRAM 000001
strcmp@r                             cstackCOMRAM 000006
strcmp@s1                            cstackCOMRAM 000001
strcmp@s2                            cstackCOMRAM 000003
strcpy@cp                            cstackCOMRAM 00000B
strcpy@from                          cstackCOMRAM 000009
strcpy@to                            cstackCOMRAM 000007
strncmp@len                          cstackCOMRAM 00000B
strncmp@s1                           cstackCOMRAM 000007
strncmp@s2                           cstackCOMRAM 000009
wtemp6                               temp         000080


FUNCTION INFORMATION:

 *************** function _main *****************
 Defined at:
		line 65 in file "main.c"
 Parameters:    Size  Location     Type
		None
 Auto vars:     Size  Location     Type
		None
 Return value:  Size  Location     Type
                  1    wreg      void 
 Registers used:
		wreg, fsr0l, fsr0h, fsr2l, fsr2h, status,2, status,0, tblptrl, tblptrh, tblptru, prodl, prodh, cstack
 Tracked objects:
		On entry : 
		On exit  : 
		Unchanged: 
 Data sizes:     COMRAM   BANK0   BANK1   BANK2   BANK3   BANK4   BANK5   BANK6   BANK7   BANK8   BANK9  BANK10  BANK11  BANK12  BANK13  BANK14  BANK15
      Params:         0       0       0       0       0       0       0       0       0       0       0       0       0       0       0       0       0
      Locals:         0       0       0       0       0       0       0       0       0       0       0       0       0       0       0       0       0
      Temps:          0       2       0       0       0       0       0       0       0       0       0       0       0       0       0       0       0
      Totals:         0       2       0       0       0       0       0       0       0       0       0       0       0       0       0       0       0
Total ram usage:        2 bytes
 Hardware stack levels required when called:    7
 This function calls:
		_I2C_Master_Init
		_I2C_Master_Read
		_I2C_Master_Start
		_I2C_Master_Stop
		_I2C_Master_Write
		_I2C_sendData
		_get_RTC_final
		_initLCD
		_initialize
		_lcdInst
		_printf
		_readADC
 This function is called by:
		Startup code after reset
 This function uses a non-reentrant model


 *************** function _readADC *****************
 Defined at:
		line 1116 in file "main.c"
 Parameters:    Size  Location     Type
  channel         1    wreg     unsigned char 
 Auto vars:     Size  Location     Type
  channel         1    4[BANK0 ] unsigned char 
 Return value:  Size  Location     Type
                  2    0[BANK0 ] unsigned short 
 Registers used:
		wreg, status,2, status,0
 Tracked objects:
		On entry : 
		On exit  : 
		Unchanged: 
 Data sizes:     COMRAM   BANK0   BANK1   BANK2   BANK3   BANK4   BANK5   BANK6   BANK7   BANK8   BANK9  BANK10  BANK11  BANK12  BANK13  BANK14  BANK15
      Params:         0       2       0       0       0       0       0       0       0       0       0       0       0       0       0       0       0
      Locals:         0       1       0       0       0       0       0       0       0       0       0       0       0       0       0       0       0
      Temps:          0       2       0       0       0       0       0       0       0       0       0       0       0       0       0       0       0
      Totals:         0       5       0       0       0       0       0       0       0       0       0       0       0       0       0       0       0
Total ram usage:        5 bytes
 Hardware stack levels used:    1
 Hardware stack levels required when called:    4
 This function calls:
		Nothing
 This function is called by:
		_main
		_count_gear
 This function uses a non-reentrant model


 *************** function _printf *****************
 Defined at:
		line 464 in file "/Applications/microchip/xc8/v1.45/sources/common/doprnt.c"
 Parameters:    Size  Location     Type
  f               2   14[BANK0 ] PTR const unsigned char 
		 -> STR_45(3), STR_44(9), STR_43(12), STR_41(7), 
		 -> STR_39(3), STR_38(11), STR_36(3), STR_35(9), 
		 -> STR_30(15), STR_29(13), STR_28(16), STR_27(15), 
		 -> STR_26(15), STR_25(15), STR_24(15), STR_23(10), 
		 -> STR_22(19), STR_21(17), STR_20(12), STR_19(17), 
		 -> STR_18(17), STR_17(14), STR_16(15), STR_15(9), 
		 -> STR_14(20), STR_13(3), STR_12(3), STR_11(21), 
		 -> STR_10(11), STR_9(13), STR_8(18), STR_7(11), 
		 -> STR_6(13), STR_5(19), STR_4(11), STR_3(13), 
		 -> STR_2(15), STR_1(12), 
 Auto vars:     Size  Location     Type
  idx             1   22[BANK0 ] unsigned char 
  tmpval          4    0        struct .
  width           2   33[BANK0 ] int 
  val             2   30[BANK0 ] unsigned int 
  len             2   28[BANK0 ] unsigned int 
  ap              2   26[BANK0 ] PTR void [1]
		 -> ?i2_printf(2), ?_printf(2), 
  cp              2   24[BANK0 ] PTR const unsigned char 
		 -> STR_66(7), number(2), current_set(5), 
  c               1   35[BANK0 ] char 
  flag            1   32[BANK0 ] unsigned char 
  prec            1   23[BANK0 ] char 
 Return value:  Size  Location     Type
                  2   14[BANK0 ] int 
 Registers used:
		wreg, fsr0l, fsr0h, fsr2l, fsr2h, status,2, status,0, tblptrl, tblptrh, tblptru, prodl, prodh, cstack
 Tracked objects:
		On entry : 
		On exit  : 
		Unchanged: 
 Data sizes:     COMRAM   BANK0   BANK1   BANK2   BANK3   BANK4   BANK5   BANK6   BANK7   BANK8   BANK9  BANK10  BANK11  BANK12  BANK13  BANK14  BANK15
      Params:         0       4       0       0       0       0       0       0       0       0       0       0       0       0       0       0       0
      Locals:         0      14       0       0       0       0       0       0       0       0       0       0       0       0       0       0       0
      Temps:          0       4       0       0       0       0       0       0       0       0       0       0       0       0       0       0       0
      Totals:         0      22       0       0       0       0       0       0       0       0       0       0       0       0       0       0       0
Total ram usage:       22 bytes
 Hardware stack levels used:    1
 Hardware stack levels required when called:    6
 This function calls:
		___lwdiv
		___lwmod
		___wmul
		_isdigit
		_putch
 This function is called by:
		_main
		_count_gear
 This function uses a non-reentrant model


 *************** function _putch *****************
 Defined at:
		line 24 in file "lcd.c"
 Parameters:    Size  Location     Type
  data            1    wreg     unsigned char 
 Auto vars:     Size  Location     Type
  data            1    2[BANK0 ] unsigned char 
 Return value:  Size  Location     Type
                  1    wreg      void 
 Registers used:
		wreg, status,2, status,0, cstack
 Tracked objects:
		On entry : 
		On exit  : 
		Unchanged: 
 Data sizes:     COMRAM   BANK0   BANK1   BANK2   BANK3   BANK4   BANK5   BANK6   BANK7   BANK8   BANK9  BANK10  BANK11  BANK12  BANK13  BANK14  BANK15
      Params:         0       0       0       0       0       0       0       0       0       0       0       0       0       0       0       0       0
      Locals:         0       1       0       0       0       0       0       0       0       0       0       0       0       0       0       0       0
      Temps:          0       0       0       0       0       0       0       0       0       0       0       0       0       0       0       0       0
      Totals:         0       1       0       0       0       0       0       0       0       0       0       0       0       0       0       0       0
Total ram usage:        1 bytes
 Hardware stack levels used:    1
 Hardware stack levels required when called:    5
 This function calls:
		_lcdNibble
 This function is called by:
		_printf
 This function uses a non-reentrant model


 *************** function _isdigit *****************
 Defined at:
		line 8 in file "/Applications/microchip/xc8/v1.45/sources/common/isdigit.c"
 Parameters:    Size  Location     Type
  c               1    wreg     unsigned char 
 Auto vars:     Size  Location     Type
  c               1    2[BANK0 ] unsigned char 
 Return value:  Size  Location     Type
		None               void
 Registers used:
		wreg, status,2, status,0
 Tracked objects:
		On entry : 
		On exit  : 
		Unchanged: 
 Data sizes:     COMRAM   BANK0   BANK1   BANK2   BANK3   BANK4   BANK5   BANK6   BANK7   BANK8   BANK9  BANK10  BANK11  BANK12  BANK13  BANK14  BANK15
      Params:         0       0       0       0       0       0       0       0       0       0       0       0       0       0       0       0       0
      Locals:         0       2       0       0       0       0       0       0       0       0       0       0       0       0       0       0       0
      Temps:          0       1       0       0       0       0       0       0       0       0       0       0       0       0       0       0       0
      Totals:         0       3       0       0       0       0       0       0       0       0       0       0       0       0       0       0       0
Total ram usage:        3 bytes
 Hardware stack levels used:    1
 Hardware stack levels required when called:    4
 This function calls:
		Nothing
 This function is called by:
		_printf
 This function uses a non-reentrant model


 *************** function ___lwmod *****************
 Defined at:
		line 8 in file "/Applications/microchip/xc8/v1.45/sources/common/lwmod.c"
 Parameters:    Size  Location     Type
  dividend        2    7[BANK0 ] unsigned int 
  divisor         2    9[BANK0 ] unsigned int 
 Auto vars:     Size  Location     Type
  counter         1   11[BANK0 ] unsigned char 
 Return value:  Size  Location     Type
                  2    7[BANK0 ] unsigned int 
 Registers used:
		wreg, status,2, status,0
 Tracked objects:
		On entry : 
		On exit  : 
		Unchanged: 
 Data sizes:     COMRAM   BANK0   BANK1   BANK2   BANK3   BANK4   BANK5   BANK6   BANK7   BANK8   BANK9  BANK10  BANK11  BANK12  BANK13  BANK14  BANK15
      Params:         0       4       0       0       0       0       0       0       0       0       0       0       0       0       0       0       0
      Locals:         0       1       0       0       0       0       0       0       0       0       0       0       0       0       0       0       0
      Temps:          0       0       0       0       0       0       0       0       0       0       0       0       0       0       0       0       0
      Totals:         0       5       0       0       0       0       0       0       0       0       0       0       0       0       0       0       0
Total ram usage:        5 bytes
 Hardware stack levels used:    1
 Hardware stack levels required when called:    4
 This function calls:
		Nothing
 This function is called by:
		_printf
 This function uses a non-reentrant model


 *************** function ___lwdiv *****************
 Defined at:
		line 8 in file "/Applications/microchip/xc8/v1.45/sources/common/lwdiv.c"
 Parameters:    Size  Location     Type
  dividend        2    0[BANK0 ] unsigned int 
  divisor         2    2[BANK0 ] unsigned int 
 Auto vars:     Size  Location     Type
  quotient        2    4[BANK0 ] unsigned int 
  counter         1    6[BANK0 ] unsigned char 
 Return value:  Size  Location     Type
                  2    0[BANK0 ] unsigned int 
 Registers used:
		wreg, status,2, status,0
 Tracked objects:
		On entry : 
		On exit  : 
		Unchanged: 
 Data sizes:     COMRAM   BANK0   BANK1   BANK2   BANK3   BANK4   BANK5   BANK6   BANK7   BANK8   BANK9  BANK10  BANK11  BANK12  BANK13  BANK14  BANK15
      Params:         0       4       0       0       0       0       0       0       0       0       0       0       0       0       0       0       0
      Locals:         0       3       0       0       0       0       0       0       0       0       0       0       0       0       0       0       0
      Temps:          0       0       0       0       0       0       0       0       0       0       0       0       0       0       0       0       0
      Totals:         0       7       0       0       0       0       0       0       0       0       0       0       0       0       0       0       0
Total ram usage:        7 bytes
 Hardware stack levels used:    1
 Hardware stack levels required when called:    4
 This function calls:
		Nothing
 This function is called by:
		_printf
 This function uses a non-reentrant model


 *************** function _initialize *****************
 Defined at:
		line 1081 in file "main.c"
 Parameters:    Size  Location     Type
		None
 Auto vars:     Size  Location     Type
		None
 Return value:  Size  Location     Type
                  1    wreg      void 
 Registers used:
		wreg, fsr2l, fsr2h, status,2, status,0
 Tracked objects:
		On entry : 
		On exit  : 
		Unchanged: 
 Data sizes:     COMRAM   BANK0   BANK1   BANK2   BANK3   BANK4   BANK5   BANK6   BANK7   BANK8   BANK9  BANK10  BANK11  BANK12  BANK13  BANK14  BANK15
      Params:         0       0       0       0       0       0       0       0       0       0       0       0       0       0       0       0       0
      Locals:         0       0       0       0       0       0       0       0       0       0       0       0       0       0       0       0       0
      Temps:          0       0       0       0       0       0       0       0       0       0       0       0       0       0       0       0       0
      Totals:         0       0       0       0       0       0       0       0       0       0       0       0       0       0       0       0       0
Total ram usage:        0 bytes
 Hardware stack levels used:    1
 Hardware stack levels required when called:    4
 This function calls:
		Nothing
 This function is called by:
		_main
 This function uses a non-reentrant model


 *************** function _initLCD *****************
 Defined at:
		line 60 in file "lcd.c"
 Parameters:    Size  Location     Type
		None
 Auto vars:     Size  Location     Type
		None
 Return value:  Size  Location     Type
                  1    wreg      void 
 Registers used:
		wreg, status,2, status,0, cstack
 Tracked objects:
		On entry : 
		On exit  : 
		Unchanged: 
 Data sizes:     COMRAM   BANK0   BANK1   BANK2   BANK3   BANK4   BANK5   BANK6   BANK7   BANK8   BANK9  BANK10  BANK11  BANK12  BANK13  BANK14  BANK15
      Params:         0       0       0       0       0       0       0       0       0       0       0       0       0       0       0       0       0
      Locals:         0       0       0       0       0       0       0       0       0       0       0       0       0       0       0       0       0
      Temps:          0       1       0       0       0       0       0       0       0       0       0       0       0       0       0       0       0
      Totals:         0       1       0       0       0       0       0       0       0       0       0       0       0       0       0       0       0
Total ram usage:        1 bytes
 Hardware stack levels used:    1
 Hardware stack levels required when called:    6
 This function calls:
		_lcdInst
 This function is called by:
		_main
		_count_gear
 This function uses a non-reentrant model


 *************** function _lcdInst *****************
 Defined at:
		line 11 in file "lcd.c"
 Parameters:    Size  Location     Type
  data            1    wreg     unsigned char 
 Auto vars:     Size  Location     Type
  data            1    2[BANK0 ] unsigned char 
 Return value:  Size  Location     Type
                  1    wreg      void 
 Registers used:
		wreg, status,2, status,0, cstack
 Tracked objects:
		On entry : 
		On exit  : 
		Unchanged: 
 Data sizes:     COMRAM   BANK0   BANK1   BANK2   BANK3   BANK4   BANK5   BANK6   BANK7   BANK8   BANK9  BANK10  BANK11  BANK12  BANK13  BANK14  BANK15
      Params:         0       0       0       0       0       0       0       0       0       0       0       0       0       0       0       0       0
      Locals:         0       1       0       0       0       0       0       0       0       0       0       0       0       0       0       0       0
      Temps:          0       0       0       0       0       0       0       0       0       0       0       0       0       0       0       0       0
      Totals:         0       1       0       0       0       0       0       0       0       0       0       0       0       0       0       0       0
Total ram usage:        1 bytes
 Hardware stack levels used:    1
 Hardware stack levels required when called:    5
 This function calls:
		_lcdNibble
 This function is called by:
		_initLCD
		_main
		_lcd_set_cursor
		_lcd_shift_cursor
		_lcd_shift_display
		_count_gear
 This function uses a non-reentrant model


 *************** function _lcdNibble *****************
 Defined at:
		line 37 in file "lcd.c"
 Parameters:    Size  Location     Type
  data            1    wreg     unsigned char 
 Auto vars:     Size  Location     Type
  data            1    1[BANK0 ] unsigned char 
  temp            1    0[BANK0 ] unsigned char 
 Return value:  Size  Location     Type
                  1    wreg      void 
 Registers used:
		wreg, status,2, status,0
 Tracked objects:
		On entry : 
		On exit  : 
		Unchanged: 
 Data sizes:     COMRAM   BANK0   BANK1   BANK2   BANK3   BANK4   BANK5   BANK6   BANK7   BANK8   BANK9  BANK10  BANK11  BANK12  BANK13  BANK14  BANK15
      Params:         0       0       0       0       0       0       0       0       0       0       0       0       0       0       0       0       0
      Locals:         0       2       0       0       0       0       0       0       0       0       0       0       0       0       0       0       0
      Temps:          0       0       0       0       0       0       0       0       0       0       0       0       0       0       0       0       0
      Totals:         0       2       0       0       0       0       0       0       0       0       0       0       0       0       0       0       0
Total ram usage:        2 bytes
 Hardware stack levels used:    1
 Hardware stack levels required when called:    4
 This function calls:
		Nothing
 This function is called by:
		_lcdInst
		_putch
 This function uses a non-reentrant model


 *************** function _get_RTC_final *****************
 Defined at:
		line 1236 in file "main.c"
 Parameters:    Size  Location     Type
		None
 Auto vars:     Size  Location     Type
		None
 Return value:  Size  Location     Type
                  1    wreg      void 
 Registers used:
		wreg, fsr2l, fsr2h, status,2, status,0, prodl, prodh, cstack
 Tracked objects:
		On entry : 
		On exit  : 
		Unchanged: 
 Data sizes:     COMRAM   BANK0   BANK1   BANK2   BANK3   BANK4   BANK5   BANK6   BANK7   BANK8   BANK9  BANK10  BANK11  BANK12  BANK13  BANK14  BANK15
      Params:         0       0       0       0       0       0       0       0       0       0       0       0       0       0       0       0       0
      Locals:         0       0       0       0       0       0       0       0       0       0       0       0       0       0       0       0       0
[...]
 Tracked objects:
		On entry : 
		On exit  : 
		Unchanged: 
 Data sizes:     COMRAM   BANK0   BANK1   BANK2   BANK3   BANK4   BANK5   BANK6   BANK7   BANK8   BANK9  BANK10  BANK11  BANK12  BANK13  BANK14  BANK15
      Params:         8       0       0       0       0       0       0       0       0       0       0       0       0       0       0       0       0
      Locals:         5       0       0       0       0       0       0       0       0       0       0       0       0       0       0       0       0
      Temps:          0       0       0       0       0       0       0       0       0       0       0       0       0       0       0       0       0
      Totals:        13       0       0       0       0       0       0       0       0       0       0       0       0       0       0       0       0
Total ram usage:       13 bytes
 Hardware stack levels used:    1
 This function calls:
		Nothing
 This function is called by:
		i2_I2C_Master_Init
 This function uses a non-reentrant model


 *************** function _strncmp *****************
 Defined at:
		line 4 in file "/Applications/microchip/xc8/v1.45/sources/common/strncmp.c"
 Parameters:    Size  Location     Type
  s1              2    6[COMRAM] PTR const unsigned char 
		 -> current_set(5), 
  s2              2    8[COMRAM] PTR const unsigned char 
		 -> strs(100), 
  len             2   10[COMRAM] unsigned int 
 Auto vars:     Size  Location     Type
		None
 Return value:  Size  Location     Type
                  2    6[COMRAM] int 
 Registers used:
		wreg, fsr2l, fsr2h, status,2, status,0, tblptrl, tblptrh, tblptru
 Tracked objects:
		On entry : 
		On exit  : 
		Unchanged: 
 Data sizes:     COMRAM   BANK0   BANK1   BANK2   BANK3   BANK4   BANK5   BANK6   BANK7   BANK8   BANK9  BANK10  BANK11  BANK12  BANK13  BANK14  BANK15
      Params:         6       0       0       0       0       0       0       0       0       0       0       0       0       0       0       0       0
      Locals:         0       0       0       0       0       0       0       0       0       0       0       0       0       0       0       0       0
      Temps:          3       0       0       0       0       0       0       0       0       0       0       0       0       0       0       0       0
      Totals:         9       0       0       0       0       0       0       0       0       0       0       0       0       0       0       0       0
Total ram usage:        9 bytes
 Hardware stack levels used:    1
 This function calls:
		Nothing
 This function is called by:
		_interruptHandler
 This function uses a non-reentrant model


 *************** function _strcpy *****************
 Defined at:
		line 8 in file "/Applications/microchip/xc8/v1.45/sources/common/strcpy.c"
 Parameters:    Size  Location     Type
  to              2    6[COMRAM] PTR unsigned char 
		 -> current_set2(5), final_set(40), current_set(5), temp_set(5), 
  from            2    8[COMRAM] PTR const unsigned char 
		 -> STR_42(1), STR_40(1), STR_37(1), STR_34(2), 
		 -> STR_33(2), STR_32(2), current_set(5), STR_31(2), 
 Auto vars:     Size  Location     Type
  cp              2   10[COMRAM] PTR unsigned char 
		 -> current_set2(5), final_set(40), current_set(5), temp_set(5), 
 Return value:  Size  Location     Type
                  2    6[COMRAM] PTR unsigned char 
 Registers used:
		wreg, fsr0l, fsr0h, fsr2l, fsr2h, status,2, status,0, tblptrl, tblptrh, tblptru
 Tracked objects:
		On entry : 
		On exit  : 
		Unchanged: 
 Data sizes:     COMRAM   BANK0   BANK1   BANK2   BANK3   BANK4   BANK5   BANK6   BANK7   BANK8   BANK9  BANK10  BANK11  BANK12  BANK13  BANK14  BANK15
      Params:         4       0       0       0       0       0       0       0       0       0       0       0       0       0       0       0       0
      Locals:         2       0       0       0       0       0       0       0       0       0       0       0       0       0       0       0       0
      Temps:          0       0       0       0       0       0       0       0       0       0       0       0       0       0       0       0       0
      Totals:         6       0       0       0       0       0       0       0       0       0       0       0       0       0       0       0       0
Total ram usage:        6 bytes
 Hardware stack levels used:    1
 This function calls:
		Nothing
 This function is called by:
		_interruptHandler
 This function uses a non-reentrant model


 *************** function _strcat *****************
 Defined at:
		line 8 in file "/Applications/microchip/xc8/v1.45/sources/common/strcat.c"
 Parameters:    Size  Location     Type
  to              2    0[COMRAM] PTR unsigned char 
		 -> current_set(5), 
  from            2    2[COMRAM] PTR const unsigned char 
		 -> temp_set(5), 
 Auto vars:     Size  Location     Type
  cp              2    4[COMRAM] PTR unsigned char 
		 -> current_set(5), 
 Return value:  Size  Location     Type
                  2    0[COMRAM] PTR unsigned char 
 Registers used:
		wreg, fsr1l, fsr1h, fsr2l, fsr2h, status,2, status,0
 Tracked objects:
		On entry : 
		On exit  : 
		Unchanged: 
 Data sizes:     COMRAM   BANK0   BANK1   BANK2   BANK3   BANK4   BANK5   BANK6   BANK7   BANK8   BANK9  BANK10  BANK11  BANK12  BANK13  BANK14  BANK15
      Params:         4       0       0       0       0       0       0       0       0       0       0       0       0       0       0       0       0
      Locals:         2       0       0       0       0       0       0       0       0       0       0       0       0       0       0       0       0
      Temps:          0       0       0       0       0       0       0       0       0       0       0       0       0       0       0       0       0
      Totals:         6       0       0       0       0       0       0       0       0       0       0       0       0       0       0       0       0
Total ram usage:        6 bytes
 Hardware stack levels used:    1
 This function calls:
		Nothing
 This function is called by:
		_interruptHandler
 This function uses a non-reentrant model


 *************** function _is_valid *****************
 Defined at:
		line 12 in file "keypad.c"
 Parameters:    Size  Location     Type
		None
 Auto vars:     Size  Location     Type
		None
 Return value:  Size  Location     Type
                  2  125[None  ] int 
 Registers used:
		wreg, fsr2l, fsr2h, status,2, status,0, tblptrl, tblptrh, tblptru, prodl, prodh, cstack
 Tracked objects:
		On entry : 
		On exit  : 
		Unchanged: 
 Data sizes:     COMRAM   BANK0   BANK1   BANK2   BANK3   BANK4   BANK5   BANK6   BANK7   BANK8   BANK9  BANK10  BANK11  BANK12  BANK13  BANK14  BANK15
      Params:         0       0       0       0       0       0       0       0       0       0       0       0       0       0       0       0       0
      Locals:         0       0       0       0       0       0       0       0       0       0       0       0       0       0       0       0       0
      Temps:          2       0       0       0       0       0       0       0       0       0       0       0       0       0       0       0       0
      Totals:         2       0       0       0       0       0       0       0       0       0       0       0       0       0       0       0       0
Total ram usage:        2 bytes
 Hardware stack levels used:    1
 Hardware stack levels required when called:    1
 This function calls:
		_strcmp
		i2___wmul
 This function is called by:
		_interruptHandler
 This function uses a non-reentrant model


 *************** function i2___wmul *****************
 Defined at:
		line 15 in file "/Applications/microchip/xc8/v1.45/sources/common/Umul16.c"
 Parameters:    Size  Location     Type
  multiplier      2    0[COMRAM] unsigned int 
  multiplicand    2    2[COMRAM] unsigned int 
 Auto vars:     Size  Location     Type
  __wmul          2    4[COMRAM] unsigned int 
 Return value:  Size  Location     Type
                  2    0[COMRAM] unsigned int 
 Registers used:
		wreg, status,2, status,0, prodl, prodh
 Tracked objects:
		On entry : 
		On exit  : 
		Unchanged: 
 Data sizes:     COMRAM   BANK0   BANK1   BANK2   BANK3   BANK4   BANK5   BANK6   BANK7   BANK8   BANK9  BANK10  BANK11  BANK12  BANK13  BANK14  BANK15
      Params:         4       0       0       0       0       0       0       0       0       0       0       0       0       0       0       0       0
      Locals:         2       0       0       0       0       0       0       0       0       0       0       0       0       0       0       0       0
      Temps:          0       0       0       0       0       0       0       0       0       0       0       0       0       0       0       0       0
      Totals:         6       0       0       0       0       0       0       0       0       0       0       0       0       0       0       0       0
Total ram usage:        6 bytes
 Hardware stack levels used:    1
 This function calls:
		Nothing
 This function is called by:
		_interruptHandler
		_is_valid
		i2_printf
 This function uses a non-reentrant model


 *************** function _strcmp *****************
 Defined at:
		line 33 in file "/Applications/microchip/xc8/v1.45/sources/common/strcmp.c"
 Parameters:    Size  Location     Type
  s1              2    0[COMRAM] PTR const unsigned char 
		 -> current_set2(5), 
  s2              2    2[COMRAM] PTR const unsigned char 
		 -> STR_65(5), STR_64(5), STR_63(5), STR_62(5), 
		 -> STR_61(5), STR_60(5), STR_59(5), STR_58(4), 
		 -> STR_57(4), STR_56(4), STR_55(4), STR_54(4), 
		 -> STR_53(4), STR_52(3), STR_51(3), STR_50(3), 
		 -> STR_49(2), STR_48(2), STR_47(2), STR_46(2), 
 Auto vars:     Size  Location     Type
  r               1    5[COMRAM] char 
 Return value:  Size  Location     Type
                  2    0[COMRAM] int 
 Registers used:
		wreg, fsr2l, fsr2h, status,2, status,0, tblptrl, tblptrh, tblptru
 Tracked objects:
		On entry : 
		On exit  : 
		Unchanged: 
 Data sizes:     COMRAM   BANK0   BANK1   BANK2   BANK3   BANK4   BANK5   BANK6   BANK7   BANK8   BANK9  BANK10  BANK11  BANK12  BANK13  BANK14  BANK15
      Params:         4       0       0       0       0       0       0       0       0       0       0       0       0       0       0       0       0
      Locals:         1       0       0       0       0       0       0       0       0       0       0       0       0       0       0       0       0
      Temps:          1       0       0       0       0       0       0       0       0       0       0       0       0       0       0       0       0
      Totals:         6       0       0       0       0       0       0       0       0       0       0       0       0       0       0       0       0
Total ram usage:        6 bytes
 Hardware stack levels used:    1
 This function calls:
		Nothing
 This function is called by:
		_is_valid
 This function uses a non-reentrant model


 *************** function _generate_compartment_array *****************
 Defined at:
		line 220 in file "keypad.c"
 Parameters:    Size  Location     Type
  step            2    0[COMRAM] int 
 Auto vars:     Size  Location     Type
		None
 Return value:  Size  Location     Type
                  1    wreg      void 
 Registers used:
		wreg, status,2, status,0
 Tracked objects:
		On entry : 
		On exit  : 
		Unchanged: 
 Data sizes:     COMRAM   BANK0   BANK1   BANK2   BANK3   BANK4   BANK5   BANK6   BANK7   BANK8   BANK9  BANK10  BANK11  BANK12  BANK13  BANK14  BANK15
      Params:         2       0       0       0       0       0       0       0       0       0       0       0       0       0       0       0       0
      Locals:         0       0       0       0       0       0       0       0       0       0       0       0       0       0       0       0       0
      Temps:          2       0       0       0       0       0       0       0       0       0       0       0       0       0       0       0       0
      Totals:         4       0       0       0       0       0       0       0       0       0       0       0       0       0       0       0       0
Total ram usage:        4 bytes
 Hardware stack levels used:    1
 This function calls:
		Nothing
 This function is called by:
		_interruptHandler
 This function uses a non-reentrant model


 *************** function _check *****************
 Defined at:
		line 208 in file "keypad.c"
 Parameters:    Size  Location     Type
		None
 Auto vars:     Size  Location     Type
		None
 Return value:  Size  Location     Type
                  2    0[COMRAM] int 
 Registers used:
		wreg, status,2, status,0
 Tracked objects:
		On entry : 
		On exit  : 
		Unchanged: 
 Data sizes:     COMRAM   BANK0   BANK1   BANK2   BANK3   BANK4   BANK5   BANK6   BANK7   BANK8   BANK9  BANK10  BANK11  BANK12  BANK13  BANK14  BANK15
      Params:         2       0       0       0       0       0       0       0       0       0       0       0       0       0       0       0       0
      Locals:         0       0       0       0       0       0       0       0       0       0       0       0       0       0       0       0       0
      Temps:          0       0       0       0       0       0       0       0       0       0       0       0       0       0       0       0       0
      Totals:         2       0       0       0       0       0       0       0       0       0       0       0       0       0       0       0       0
Total ram usage:        2 bytes
 Hardware stack levels used:    1
 This function calls:
		Nothing
 This function is called by:
		_interruptHandler
 This function uses a non-reentrant model


 *************** function ___awmod *****************
 Defined at:
		line 8 in file "/Applications/microchip/xc8/v1.45/sources/common/awmod.c"
 Parameters:    Size  Location     Type
  dividend        2    0[COMRAM] int 
  divisor         2    2[COMRAM] int 
 Auto vars:     Size  Location     Type
  sign            1    5[COMRAM] unsigned char 
  counter         1    4[COMRAM] unsigned char 
 Return value:  Size  Location     Type
                  2    0[COMRAM] int 
 Registers used:
		wreg, status,2, status,0
 Tracked objects:
		On entry : 
		On exit  : 
		Unchanged: 
 Data sizes:     COMRAM   BANK0   BANK1   BANK2   BANK3   BANK4   BANK5   BANK6   BANK7   BANK8   BANK9  BANK10  BANK11  BANK12  BANK13  BANK14  BANK15
      Params:         4       0       0       0       0       0       0       0       0       0       0       0       0       0       0       0       0
      Locals:         2       0       0       0       0       0       0       0       0       0       0       0       0       0       0       0       0
      Temps:          0       0       0       0       0       0       0       0       0       0       0       0       0       0       0       0       0
      Totals:         6       0       0       0       0       0       0       0       0       0       0       0       0       0       0       0       0
Total ram usage:        6 bytes
 Hardware stack levels used:    1
 This function calls:
		Nothing
 This function is called by:
		_interruptHandler
 This function uses a non-reentrant model



MODULE INFORMATION

Module		Function		Class		Link	Load	Size
/Applications/microchip/xc8/v1.45/sources/common/strcmp.c
		_strcmp        		CODE           	37D4	0000	75

/Applications/microchip/xc8/v1.45/sources/common/strcmp.c estimated size: 75

/Applications/microchip/xc8/v1.45/sources/common/strcpy.c
		_strcpy        		CODE           	381E	0000	71

/Applications/microchip/xc8/v1.45/sources/common/strcpy.c estimated size: 71

/Applications/microchip/xc8/v1.45/sources/common/lwmod.c
		___lwmod       		CODE           	3864	0000	69

/Applications/microchip/xc8/v1.45/sources/common/lwmod.c estimated size: 69

/Applications/microchip/xc8/v1.45/sources/common/awmod.c
		___awmod       		CODE           	34BC	0000	113

/Applications/microchip/xc8/v1.45/sources/common/awmod.c estimated size: 113

keypad.c
		_check         		CODE           	352C	0000	101
		_generate_compartment_array		CODE           	2BB6	0000	621
		_is_valid      		CODE           	0012	0000	3665

keypad.c estimated size: 4387

/Applications/microchip/xc8/v1.45/sources/common/doprnt.c
		_printf        		CODE           	2354	0000	1097

/Applications/microchip/xc8/v1.45/sources/common/doprnt.c estimated size: 1097

/Applications/microchip/xc8/v1.45/sources/common/strncmp.c
		_strncmp       		CODE           	3232	0000	135

/Applications/microchip/xc8/v1.45/sources/common/strncmp.c estimated size: 135

I2C.c
		_I2C_Master_Read		CODE           	3966	0000	43
		_I2C_Master_Wait		CODE           	3ABC	0000	21
		_I2C_Master_Init		CODE           	3590	0000	97
		_I2C_Master_Stop		CODE           	3B1E	0000	9
		_I2C_Master_Write		CODE           	3B0A	0000	11
		_I2C_Master_Start		CODE           	3B26	0000	9

I2C.c estimated size: 190

/Applications/microchip/xc8/v1.45/sources/common/lwdiv.c
		___lwdiv       		CODE           	364C	0000	85

/Applications/microchip/xc8/v1.45/sources/common/lwdiv.c estimated size: 85

/Applications/microchip/xc8/v1.45/sources/common/awdiv.c
		___awdiv       		CODE           	3126	0000	135

/Applications/microchip/xc8/v1.45/sources/common/awdiv.c estimated size: 135

/Applications/microchip/xc8/v1.45/sources/common/lldiv.c
		___lldiv       		CODE           	32B8	0000	133

/Applications/microchip/xc8/v1.45/sources/common/lldiv.c estimated size: 133

/Applications/microchip/xc8/v1.45/sources/common/Umul16.c
		___wmul        		CODE           	3990	0000	41

/Applications/microchip/xc8/v1.45/sources/common/Umul16.c estimated size: 41

/Applications/microchip/xc8/v1.45/sources/common/isdigit.c
		_isdigit       		CODE           	3A2A	0000	35

/Applications/microchip/xc8/v1.45/sources/common/isdigit.c estimated size: 35

shared
		i2_printf      		CODE           	279C	0000	1051
		i2_I2C_Master_Start		CODE           	3B36	0000	9
		i2_putch       		CODE           	3AD0	0000	21
		i2_lcdNibble   		CODE           	31AC	0000	135
		_dpowers       		MEDIUMCONST    	FD7C	0000	11
		i2___lwdiv     		CODE           	36A0	0000	83
		i2_isdigit     		CODE           	3A6E	0000	31
		i2___awdiv     		CODE           	333C	0000	133
		_LCD_LEFT      		MEDIUMCONST    	FD98	0000	2
		i2___wmul      		CODE           	39E0	0000	39
		i2_I2C_Master_Read		CODE           	3A06	0000	37
		i2___lwmod     		CODE           	38A8	0000	67
		_keys          		MEDIUMCONST    	FD6B	0000	18
		_LCD_RIGHT     		MEDIUMCONST    	FD99	0000	2
		i2___lldiv     		CODE           	33C0	0000	131
		__initialization		CODE           	3442	0000	113
		_LCD_VERT_LIMIT		MEDIUMCONST    	FD9C	0000	2
		_strs          		MEDIUMCONST    	FD9E	0000	101
		_LCD_HORZ_LIMIT		MEDIUMCONST    	FD9D	0000	2
		_array         		MEDIUMCONST    	FD95	0000	4
		i2_I2C_Master_Wait		CODE           	3AF8	0000	19
		i2_I2C_Master_Init		CODE           	35F0	0000	93
		_hexpowers     		MEDIUMCONST    	FD86	0000	9
		i2_I2C_Master_Stop		CODE           	3B2E	0000	9
		_LCD_SIZE_VERT 		MEDIUMCONST    	FD9A	0000	2
		_LCD_SIZE_HORZ 		MEDIUMCONST    	FD9B	0000	2
		i2_lcdInst     		CODE           	3AE4	0000	21
		i2_I2C_Master_Write		CODE           	3B14	0000	11
		_happynewyear  		MEDIUMCONST    	FD8E	0000	8
		i2_initLCD     		CODE           	373E	0000	77

shared estimated size: 2243

lcd.c
		_putch         		CODE           	3A8C	0000	25
		_lcdInst       		CODE           	3AA4	0000	25
		_lcdNibble     		CODE           	309E	0000	137
		_initLCD       		CODE           	36F2	0000	77

lcd.c estimated size: 264

/Applications/microchip/xc8/v1.45/sources/common/strcat.c
		_strcat        		CODE           	38EA	0000	67

/Applications/microchip/xc8/v1.45/sources/common/strcat.c estimated size: 67

main.c
		_I2C_sendData  		CODE           	39B8	0000	41
		_main          		CODE           	1A44	0000	2321
		_interruptHandler		CODE           	0008	0000	3049
		_get_RTC_final 		CODE           	2F6C	0000	307
		_initialize    		CODE           	2E22	0000	331
		_readADC       		CODE           	392C	0000	59

main.c estimated size: 6108

