Microchip MPLAB XC8 Compiler V1.40 ()

Linker command line:

--edf=D:\Program Files (x86)\Microchip\xc8\v1.40\dat\en_msgs.txt -cs \
  -h+dist/18F4620/production\Lab3-Solution.X.production.sym \
  --cmf=dist/18F4620/production\Lab3-Solution.X.production.cmf -z -Q18F4620 \
  -oC:\Users\Micha\AppData\Local\Temp\sd5o.2 \
  -Mdist/18F4620/production/Lab3-Solution.X.production.map -E1 -ver=XC8 \
  --acfsm=1493 -ASTACK=01F6h-0cc3h -pstack=STACK -ACODE=00h-0FFFFh \
  -ACONST=00h-0FFFFh -ASMALLCONST=01000h-010FFhx240 \
  -AMEDIUMCONST=01000h-0FFFFh -ACOMRAM=01h-07Fh -AABS1=00h-0F7Fh \
  -ABIGRAM=01h-0F7Fh -ARAM=080h-0FFh,0100h-01FFhx14,0F00h-0F7Fh \
  -ABANK0=080h-0FFh -ABANK1=0100h-01FFh -ABANK2=0200h-02FFh \
  -ABANK3=0300h-03FFh -ABANK4=0400h-04FFh -ABANK5=0500h-05FFh \
  -ABANK6=0600h-06FFh -ABANK7=0700h-07FFh -ABANK8=0800h-08FFh \
  -ABANK9=0900h-09FFh -ABANK10=0A00h-0AFFh -ABANK11=0B00h-0BFFh \
  -ABANK12=0C00h-0CFFh -ABANK13=0D00h-0DFFh -ABANK14=0E00h-0EFFh \
  -ABANK15=0F00h-0F7Fh -ASFR=0F80h-0FFFh \
  -preset_vec=00h,intcode,intcodelo,powerup,init -pramtop=01000h \
  -psmallconst=SMALLCONST -pmediumconst=MEDIUMCONST -pconst=CONST \
  -AFARRAM=00h-00h -ACONFIG=0300000h-030000Dh -pconfig=CONFIG \
  -AIDLOC=0200000h-0200007h -pidloc=IDLOC -AEEDATA=0F00000h-0F003FFh \
  -peeprom_data=EEDATA \
  -prdata=COMRAM,nvrram=COMRAM,nvbit=COMRAM,rbss=COMRAM,rbit=COMRAM \
  -pfarbss=FARRAM,fardata=FARRAM,nvFARRAM=FARRAM \
  -pintsave_regs=BIGRAM,bigbss=BIGRAM,bigdata=BIGRAM -pbss=RAM \
  -pidata=CODE,irdata=CODE,ibigdata=CODE,ifardata=CODE -prparam=COMRAM \
  C:\Users\Micha\AppData\Local\Temp\sd5o.obj \
  dist/18F4620/production\Lab3-Solution.X.production.obj 

Object code version is 3.11

Machine type is 18F4620

Call graph: (short form)




                Name                               Link     Load   Length Selector   Space Scale
C:\Users\Micha\AppData\Local\Temp\sd5o.obj
                init                                  0        0        4        0       0
                idloc                            200000   200000        8   200000       0
                config                           300000   300000        E   300000       0
dist/18F4620/production\Lab3-Solution.X.production.obj
                mediumconst                        EE6A     EE6A     1196     7735       0
                text0                              EBF6     EBF6        2     75FB       0
                bssBIGRAM                           CC4      CC4      2BC      CC4       1
                dataBANK1                           100      100       F6      100       1
                dataBANK0                            80       80       80       80       1
                dataCOMRAM                            1        1       7E        1       1
                cinit                              EBF8     EBF8       7E     75FC       0
                nvCOMRAM                             7F       7F        1        1       1
                idataBANK0                         ECF4     ECF4       80     ECF4       0
                idataBANK1                         ED74     ED74       F6     ED74       0
                idataCOMRAM                        EC76     EC76       7E     EC76       0

TOTAL           Name                               Link     Load   Length     Space
        CLASS   STACK          

        CLASS   CODE           
                init                                  0        0        4         0
                text0                              EBF6     EBF6        2         0
                cinit                              EBF8     EBF8       7E         0
                idataBANK0                         ECF4     ECF4       80         0
                idataBANK1                         ED74     ED74       F6         0
                idataCOMRAM                        EC76     EC76       7E         0

        CLASS   CONST          

        CLASS   SMALLCONST     

        CLASS   MEDIUMCONST    
                mediumconst                        EE6A     EE6A     1196         0

        CLASS   COMRAM         
                dataCOMRAM                            1        1       7E         1
                nvCOMRAM                             7F       7F        1         1

        CLASS   ABS1           

        CLASS   BIGRAM         
                bssBIGRAM                           CC4      CC4      2BC         1

        CLASS   RAM            

        CLASS   BANK0          
                dataBANK0                            80       80       80         1

        CLASS   BANK1          
                dataBANK1                           100      100       F6         1

        CLASS   BANK2          

        CLASS   BANK3          

        CLASS   BANK4          

        CLASS   BANK5          

        CLASS   BANK6          

        CLASS   BANK7          

        CLASS   BANK8          

        CLASS   BANK9          

        CLASS   BANK10         

        CLASS   BANK11         

        CLASS   BANK12         

        CLASS   BANK13         

        CLASS   BANK14         

        CLASS   BANK15         

        CLASS   SFR            

        CLASS   FARRAM         

        CLASS   CONFIG         
                config                           300000   300000        E         0

        CLASS   IDLOC          
                idloc                            200000   200000        8         0

        CLASS   EEDATA         



SEGMENTS        Name                           Load    Length   Top    Selector   Space  Class

                reset_vec                      000000  000004  000004         0       0  CODE    
                dataCOMRAM                     000001  00007F  000080         1       1  COMRAM  
                dataBANK0                      000080  000080  000100        80       1  BANK0   
                dataBANK1                      000100  0000F6  0001F6       100       1  BANK1   
                bssBIGRAM                      000CC4  0002BC  000F80       CC4       1  BIGRAM  
                text0                          00EBF6  000002  00EBF8      75FB       0  CODE    
                cinit                          00EBF8  00007E  00EC76      75FC       0  CODE    
                idataCOMRAM                    00EC76  00007E  00ECF4      EC76       0  CODE    
                idataBANK0                     00ECF4  000080  00ED74      ECF4       0  CODE    
                idataBANK1                     00ED74  0000F6  00EE6A      ED74       0  CODE    
                mediumconst                    00EE6A  001196  010000      7735       0  MEDIUMCO
                idloc                          200000  000008  200008    200000       0  IDLOC   
                config                         300000  00000E  30000E    300000       0  CONFIG  


UNUSED ADDRESS RANGES

        Name                Unused          Largest block    Delta
        BANK1            0001F6-0001FF                A
        BANK10           000A00-000AFF              100
        BANK11           000B00-000BFF              100
        BANK12           000C00-000CC3               C4
        BANK2            000200-0002FF              100
        BANK3            000300-0003FF              100
        BANK4            000400-0004FF              100
        BANK5            000500-0005FF              100
        BANK6            000600-0006FF              100
        BANK7            000700-0007FF              100
        BANK8            000800-0008FF              100
        BANK9            000900-0009FF              100
        BIGRAM           0001F6-000CC3              ACE
        CODE             000004-00EBF5             EBF2
        CONST            000004-00EBF5             EBF2
        EEDATA           F00000-F003FF              400
        MEDIUMCONST      001000-00EBF5             DBF6
        RAM              0001F6-000CC3              100
        SFR              000F80-000FFF               80
        SMALLCONST       001000-00EBF5              100
        STACK            0001F6-000CC3              ACE

                                  Symbol Table

_BigData                 mediumconst  00EE6B
_MoreWithData            mediumconst  00FE0B
_WithData                dataBANK1    00012E
__CFG_BOREN$SBORDIS      (abs)        000000
__CFG_BORV$3             (abs)        000000
__CFG_CCP2MX$PORTC       (abs)        000000
__CFG_CP0$OFF            (abs)        000000
__CFG_CP1$OFF            (abs)        000000
__CFG_CP2$OFF            (abs)        000000
__CFG_CP3$OFF            (abs)        000000
__CFG_CPB$OFF            (abs)        000000
__CFG_CPD$OFF            (abs)        000000
__CFG_EBTR0$OFF          (abs)        000000
__CFG_EBTR1$OFF          (abs)        000000
__CFG_EBTR2$OFF          (abs)        000000
__CFG_EBTR3$OFF          (abs)        000000
__CFG_EBTRB$OFF          (abs)        000000
__CFG_FCMEN$OFF          (abs)        000000
__CFG_IDLOC0$            (abs)        000005
__CFG_IDLOC1$            (abs)        000004
__CFG_IDLOC2$            (abs)        000003
__CFG_IDLOC3$            (abs)        000002
__CFG_IESO$OFF           (abs)        000000
__CFG_LPT1OSC$OFF        (abs)        000000
__CFG_LVP$OFF            (abs)        000000
__CFG_MCLRE$ON           (abs)        000000
__CFG_OSC$HS             (abs)        000000
__CFG_PBADEN$ON          (abs)        000000
__CFG_PWRT$OFF           (abs)        000000
__CFG_STVREN$ON          (abs)        000000
__CFG_WDT$ON             (abs)        000000
__CFG_WDTPS$32768        (abs)        000000
__CFG_WRT0$OFF           (abs)        000000
__CFG_WRT1$OFF           (abs)        000000
__CFG_WRT2$OFF           (abs)        000000
__CFG_WRT3$OFF           (abs)        000000
__CFG_WRTB$OFF           (abs)        000000
__CFG_WRTC$OFF           (abs)        000000
__CFG_WRTD$OFF           (abs)        000000
__CFG_XINST$OFF          (abs)        000000
__HRAM                   (abs)        000000
__Habs1                  abs1         000000
__Hbank0                 bank0        000000
__Hbank1                 bank1        000000
__Hbank10                bank10       000000
__Hbank11                bank11       000000
__Hbank12                bank12       000000
__Hbank13                bank13       000000
__Hbank14                bank14       000000
__Hbank15                bank15       000000
__Hbank2                 bank2        000000
__Hbank3                 bank3        000000
__Hbank4                 bank4        000000
__Hbank5                 bank5        000000
__Hbank6                 bank6        000000
__Hbank7                 bank7        000000
__Hbank8                 bank8        000000
__Hbank9                 bank9        000000
__Hbigbss                bigbss       000000
__Hbigdata               bigdata      000000
__Hbigram                bigram       000000
__Hbss                   bss          000000
__HbssBIGRAM             bssBIGRAM    000000
__Hcinit                 cinit        000000
__Hclrtext               clrtext      000000
__Hcomram                comram       000000
__Hconfig                config       30000E
__Hconst                 const        000000
__HcstackCOMRAM          cstackCOMRAM 000000
__Hdata                  data         000000
__HdataBANK0             dataBANK0    000000
__HdataBANK1             dataBANK1    000000
__HdataCOMRAM            dataCOMRAM   000000
__Heeprom_data           eeprom_data  000000
__Hfarbss                farbss       000000
__Hfardata               fardata      000000
__Hibigdata              ibigdata     000000
__Hidata                 idata        000000
__HidataBANK0            idataBANK0   000000
__HidataBANK1            idataBANK1   000000
__HidataCOMRAM           idataCOMRAM  000000
__Hidloc                 idloc        200008
__Hifardata              ifardata     000000
__Hinit                  init         000004
__Hintcode               intcode      000000
__Hintcode_body          intcode_body 000000
__Hintcodelo             intcodelo    000000
__Hintentry              intentry     000000
__Hintret                intret       000000
__Hintsave_regs          intsave_regs 000000
__Hirdata                irdata       000000
__Hmediumconst           mediumconst  010000
__HnvCOMRAM              nvCOMRAM     000000
__HnvFARRAM              nvFARRAM     000000
__Hnvbit                 nvbit        000000
__Hnvrram                nvrram       000000
__Hparam                 rparam       000000
__Hpowerup               powerup      000000
__Hram                   ram          000000
__Hramtop                ramtop       001000
__Hrbit                  rbit         000000
__Hrbss                  rbss         000000
__Hrdata                 rdata        000000
__Hreset_vec             reset_vec    000000
__Hrparam                rparam       000000
__Hsfr                   sfr          000000
__Hsmallconst            smallconst   000000
__Hspace_0               (abs)        30000E
__Hspace_1               (abs)        000F80
__Hspace_2               (abs)        000000
__Hstack                 stack        000000
__Hstruct                struct       000000
__Htemp                  temp         000000
__Htext                  text         000000
__Htext0                 text0        000000
__LRAM                   (abs)        000001
__Labs1                  abs1         000000
__Lbank0                 bank0        000000
__Lbank1                 bank1        000000
__Lbank10                bank10       000000
__Lbank11                bank11       000000
__Lbank12                bank12       000000
__Lbank13                bank13       000000
__Lbank14                bank14       000000
__Lbank15                bank15       000000
__Lbank2                 bank2        000000
__Lbank3                 bank3        000000
__Lbank4                 bank4        000000
__Lbank5                 bank5        000000
__Lbank6                 bank6        000000
__Lbank7                 bank7        000000
__Lbank8                 bank8        000000
__Lbank9                 bank9        000000
__Lbigbss                bigbss       000000
__Lbigdata               bigdata      000000
__Lbigram                bigram       000000
__Lbss                   bss          000000
__LbssBIGRAM             bssBIGRAM    000000
__Lcinit                 cinit        000000
__Lclrtext               clrtext      000000
__Lcomram                comram       000000
__Lconfig                config       300000
__Lconst                 const        000000
__LcstackCOMRAM          cstackCOMRAM 000000
__Ldata                  data         000000
__LdataBANK0             dataBANK0    000000
__LdataBANK1             dataBANK1    000000
__LdataCOMRAM            dataCOMRAM   000000
__Leeprom_data           eeprom_data  000000
__Lfarbss                farbss       000000
__Lfardata               fardata      000000
__Libigdata              ibigdata     000000
__Lidata                 idata        000000
__LidataBANK0            idataBANK0   000000
__LidataBANK1            idataBANK1   000000
__LidataCOMRAM           idataCOMRAM  000000
__Lidloc                 idloc        200000
__Lifardata              ifardata     000000
__Linit                  init         000000
__Lintcode               intcode      000000
__Lintcode_body          intcode_body 000000
__Lintcodelo             intcodelo    000000
__Lintentry              intentry     000000
__Lintret                intret       000000
__Lintsave_regs          intsave_regs 000000
__Lirdata                irdata       000000
__Lmediumconst           mediumconst  00EE6A
__LnvCOMRAM              nvCOMRAM     000000
__LnvFARRAM              nvFARRAM     000000
__Lnvbit                 nvbit        000000
__Lnvrram                nvrram       000000
__Lparam                 rparam       000000
__Lpowerup               powerup      000000
__Lram                   ram          000000
__Lramtop                ramtop       001000
__Lrbit                  rbit         000000
__Lrbss                  rbss         000000
__Lrdata                 rdata        000000
__Lreset_vec             reset_vec    000000
__Lrparam                rparam       000000
__Lsfr                   sfr          000000
__Lsmallconst            smallconst   000000
__Lspace_0               (abs)        000000
__Lspace_1               (abs)        000000
__Lspace_2               (abs)        000000
__Lstack                 stack        000000
__Lstruct                struct       000000
__Ltemp                  temp         000000
__Ltext                  text         000000
__Ltext0                 text0        000000
__S0                     (abs)        30000E
__S1                     (abs)        000F80
__S2                     (abs)        000000
___inthi_sp              stack        000000
___intlo_sp              stack        000000
___param_bank            (abs)        000000
___rparam_used           (abs)        000001
___sp                    stack        000000
__accesstop              (abs)        000080
__activetblptr           (abs)        000002
__end_of_BigData         mediumconst  00FE0B
__end_of_MoreWithData    mediumconst  00FF9B
__end_of__initialization cinit        00EC6C
__end_of_b01             mediumconst  00FF9C
__end_of_b02             mediumconst  00FF9D
__end_of_b03             mediumconst  00FF9E
__end_of_b04             mediumconst  00FF9F
__end_of_b05             mediumconst  00FFA0
__end_of_b06             mediumconst  00FFA1
__end_of_b07             mediumconst  00FFA2
__end_of_b08             mediumconst  00FFA3
__end_of_b09             mediumconst  00FFA4
__end_of_b10             mediumconst  00FFA5
__end_of_b100            mediumconst  00FFA6
__end_of_b11             mediumconst  00FFA7
__end_of_b12             mediumconst  00FFA8
__end_of_b13             mediumconst  00FFA9
__end_of_b14             mediumconst  00FFAA
__end_of_b15             mediumconst  00FFAB
__end_of_b16             mediumconst  00FFAC
__end_of_b17             mediumconst  00FFAD
__end_of_b18             mediumconst  00FFAE
__end_of_b19             mediumconst  00FFAF
__end_of_b20             mediumconst  00FFB0
__end_of_b21             mediumconst  00FFB1
__end_of_b22             mediumconst  00FFB2
__end_of_b23             mediumconst  00FFB3
__end_of_b24             mediumconst  00FFB4
__end_of_b25             mediumconst  00FFB5
__end_of_b26             mediumconst  00FFB6
__end_of_b27             mediumconst  00FFB7
__end_of_b28             mediumconst  00FFB8
__end_of_b29             mediumconst  00FFB9
__end_of_b30             mediumconst  00FFBA
__end_of_b31             mediumconst  00FFBB
__end_of_b32             mediumconst  00FFBC
__end_of_b33             mediumconst  00FFBD
__end_of_b34             mediumconst  00FFBE
__end_of_b35             mediumconst  00FFBF
__end_of_b36             mediumconst  00FFC0
__end_of_b37             mediumconst  00FFC1
__end_of_b38             mediumconst  00FFC2
__end_of_b39             mediumconst  00FFC3
__end_of_b40             mediumconst  00FFC4
__end_of_b41             mediumconst  00FFC5
__end_of_b42             mediumconst  00FFC6
__end_of_b43             mediumconst  00FFC7
__end_of_b44             mediumconst  00FFC8
__end_of_b45             mediumconst  00FFC9
__end_of_b46             mediumconst  00FFCA
__end_of_b47             mediumconst  00FFCB
__end_of_b48             mediumconst  00FFCC
__end_of_b49             mediumconst  00FFCD
__end_of_b50             mediumconst  00FFCE
__end_of_b51             mediumconst  00FFCF
__end_of_b52             mediumconst  00FFD0
__end_of_b53             mediumconst  00FFD1
__end_of_b54             mediumconst  00FFD2
__end_of_b55             mediumconst  00FFD3
__end_of_b56             mediumconst  00FFD4
__end_of_b57             mediumconst  00FFD5
__end_of_b58             mediumconst  00FFD6
__end_of_b59             mediumconst  00FFD7
__end_of_b60             mediumconst  00FFD8
__end_of_b61             mediumconst  00FFD9
__end_of_b62             mediumconst  00FFDA
__end_of_b63             mediumconst  00FFDB
__end_of_b64             mediumconst  00FFDC
__end_of_b65             mediumconst  00FFDD
__end_of_b66             mediumconst  00FFDE
__end_of_b67             mediumconst  00FFDF
__end_of_b68             mediumconst  00FFE0
__end_of_b69             mediumconst  00FFE1
__end_of_b70             mediumconst  00FFE2
__end_of_b71             mediumconst  00FFE3
__end_of_b72             mediumconst  00FFE4
__end_of_b73             mediumconst  00FFE5
__end_of_b74             mediumconst  00FFE6
__end_of_b75             mediumconst  00FFE7
__end_of_b76             mediumconst  00FFE8
__end_of_b77             mediumconst  00FFE9
__end_of_b78             mediumconst  00FFEA
__end_of_b79             mediumconst  00FFEB
__end_of_b80             mediumconst  00FFEC
__end_of_b81             mediumconst  00FFED
__end_of_b82             mediumconst  00FFEE
__end_of_b83             mediumconst  00FFEF
__end_of_b84             mediumconst  00FFF0
__end_of_b85             mediumconst  00FFF1
__end_of_b86             mediumconst  00FFF2
__end_of_b87             mediumconst  00FFF3
__end_of_b88             mediumconst  00FFF4
__end_of_b89             mediumconst  00FFF5
__end_of_b90             mediumconst  00FFF6
__end_of_b91             mediumconst  00FFF7
__end_of_b92             mediumconst  00FFF8
__end_of_b93             mediumconst  00FFF9
__end_of_b94             mediumconst  00FFFA
__end_of_b95             mediumconst  00FFFB
__end_of_b96             mediumconst  00FFFC
__end_of_b97             mediumconst  00FFFD
__end_of_b98             mediumconst  00FFFE
__end_of_b99             mediumconst  00FFFF
__end_of_main            text0        00EBF8
__initialization         cinit        00EBF8
__mediumconst            mediumconst  00EE6A
__pbssBIGRAM             bssBIGRAM    000CC4
__pcinit                 cinit        00EBF8
__pcstackCOMRAM          cstackCOMRAM 000000
__pdataBANK0             dataBANK0    000080
__pdataBANK1             dataBANK1    000100
__pdataCOMRAM            dataCOMRAM   000001
__pidataBANK0            idataBANK0   00ECF4
__pidataBANK1            idataBANK1   00ED74
__pidataCOMRAM           idataCOMRAM  00EC76
__pmediumconst           mediumconst  00EE6A
__pnvCOMRAM              nvCOMRAM     00007F
__ptext0                 text0        00EBF6
__ramtop                 ramtop       001000
__size_of_main           (abs)        000000
__smallconst             smallconst   000000
_a01                     dataCOMRAM   00001B
_a02                     dataCOMRAM   00001C
_a03                     dataCOMRAM   00001D
_a04                     dataCOMRAM   00001E
_a05                     dataCOMRAM   00001F
_a06                     dataCOMRAM   000020
_a07                     dataCOMRAM   000021
_a08                     dataCOMRAM   000022
_a09                     dataCOMRAM   000023
_a10                     dataCOMRAM   000024
_a100                    dataCOMRAM   000025
_a11                     dataCOMRAM   000026
_a12                     dataCOMRAM   000027
_a13                     dataCOMRAM   000028
_a14                     dataCOMRAM   000029
_a15                     dataCOMRAM   00002A
_a16                     dataCOMRAM   00002B
_a17                     dataCOMRAM   00002C
_a18                     dataCOMRAM   00002D
_a19                     dataCOMRAM   00002E
_a20                     dataCOMRAM   00002F
_a21                     dataCOMRAM   000030
_a22                     dataCOMRAM   000031
_a23                     dataCOMRAM   000032
_a24                     dataCOMRAM   000033
_a25                     dataCOMRAM   000034
_a26                     dataCOMRAM   000035
_a27                     dataCOMRAM   000036
_a28                     dataCOMRAM   000037
_a29                     dataCOMRAM   000038
_a30                     dataCOMRAM   000039
_a31                     dataCOMRAM   00003A
_a32                     dataCOMRAM   00003B
_a33                     dataCOMRAM   00003C
_a34                     dataCOMRAM   00003D
_a35                     dataCOMRAM   00003E
_a36                     dataCOMRAM   00003F
_a37                     dataCOMRAM   000040
_a38                     dataCOMRAM   000041
_a39                     dataCOMRAM   000042
_a40                     dataCOMRAM   000043
_a41                     dataCOMRAM   000044
_a42                     dataCOMRAM   000045
_a43                     dataCOMRAM   000046
_a44                     dataCOMRAM   000047
_a45                     dataCOMRAM   000048
_a46                     dataCOMRAM   000049
_a47                     dataCOMRAM   00004A
_a48                     dataCOMRAM   00004B
_a49                     dataCOMRAM   00004C
_a50                     dataCOMRAM   00004D
_a51                     dataCOMRAM   00004E
_a52                     dataCOMRAM   00004F
_a53                     dataCOMRAM   000050
_a54                     dataCOMRAM   000051
_a55                     dataCOMRAM   000052
_a56                     dataCOMRAM   000053
_a57                     dataCOMRAM   000054
_a58                     dataCOMRAM   000055
_a59                     dataCOMRAM   000056
_a60                     dataCOMRAM   000057
_a61                     dataCOMRAM   000058
_a62                     dataCOMRAM   000059
_a63                     dataCOMRAM   00005A
_a64                     dataCOMRAM   00005B
_a65                     dataCOMRAM   00005C
_a66                     dataCOMRAM   00005D
_a67                     dataCOMRAM   00005E
_a68                     dataCOMRAM   00005F
_a69                     dataCOMRAM   000060
_a70                     dataCOMRAM   000061
_a71                     dataCOMRAM   000062
_a72                     dataCOMRAM   000063
_a73                     dataCOMRAM   000064
_a74                     dataCOMRAM   000065
_a75                     dataCOMRAM   000066
_a76                     dataCOMRAM   000067
_a77                     dataCOMRAM   000068
_a78                     dataCOMRAM   000069
_a79                     dataCOMRAM   00006A
_a80                     dataCOMRAM   00006B
_a81                     dataCOMRAM   00006C
_a82                     dataCOMRAM   00006D
_a83                     dataCOMRAM   00006E
_a84                     dataCOMRAM   00006F
_a85                     dataCOMRAM   000070
_a86                     dataCOMRAM   000071
_a87                     dataCOMRAM   000072
_a88                     dataCOMRAM   000073
_a89                     dataCOMRAM   000074
_a90                     dataCOMRAM   000075
_a91                     dataCOMRAM   000076
_a92                     dataCOMRAM   000077
_a93                     dataCOMRAM   000078
_a94                     dataCOMRAM   000079
_a95                     dataCOMRAM   00007A
_a96                     dataCOMRAM   00007B
_a97                     dataCOMRAM   00007C
_a98                     dataCOMRAM   00007D
_a99                     dataCOMRAM   00007E
_b01                     mediumconst  00FF9B
_b02                     mediumconst  00FF9C
_b03                     mediumconst  00FF9D
_b04                     mediumconst  00FF9E
_b05                     mediumconst  00FF9F
_b06                     mediumconst  00FFA0
_b07                     mediumconst  00FFA1
_b08                     mediumconst  00FFA2
_b09                     mediumconst  00FFA3
_b10                     mediumconst  00FFA4
_b100                    mediumconst  00FFA5
_b11                     mediumconst  00FFA6
_b12                     mediumconst  00FFA7
_b13                     mediumconst  00FFA8
_b14                     mediumconst  00FFA9
_b15                     mediumconst  00FFAA
_b16                     mediumconst  00FFAB
_b17                     mediumconst  00FFAC
_b18                     mediumconst  00FFAD
_b19                     mediumconst  00FFAE
_b20                     mediumconst  00FFAF
_b21                     mediumconst  00FFB0
_b22                     mediumconst  00FFB1
_b23                     mediumconst  00FFB2
_b24                     mediumconst  00FFB3
_b25                     mediumconst  00FFB4
_b26                     mediumconst  00FFB5
_b27                     mediumconst  00FFB6
_b28                     mediumconst  00FFB7
_b29                     mediumconst  00FFB8
_b30                     mediumconst  00FFB9
_b31                     mediumconst  00FFBA
_b32                     mediumconst  00FFBB
_b33                     mediumconst  00FFBC
_b34                     mediumconst  00FFBD
_b35                     mediumconst  00FFBE
_b36                     mediumconst  00FFBF
_b37                     mediumconst  00FFC0
_b38                     mediumconst  00FFC1
_b39                     mediumconst  00FFC2
_b40                     mediumconst  00FFC3
_b41                     mediumconst  00FFC4
_b42                     mediumconst  00FFC5
_b43                     mediumconst  00FFC6
_b44                     mediumconst  00FFC7
_b45                     mediumconst  00FFC8
_b46                     mediumconst  00FFC9
_b47                     mediumconst  00FFCA
_b48                     mediumconst  00FFCB
_b49                     mediumconst  00FFCC
_b50                     mediumconst  00FFCD
_b51                     mediumconst  00FFCE
_b52                     mediumconst  00FFCF
_b53                     mediumconst  00FFD0
_b54                     mediumconst  00FFD1
_b55                     mediumconst  00FFD2
_b56                     mediumconst  00FFD3
_b57                     mediumconst  00FFD4
_b58                     mediumconst  00FFD5
_b59                     mediumconst  00FFD6
_b60                     mediumconst  00FFD7
_b61                     mediumconst  00FFD8
_b62                     mediumconst  00FFD9
_b63                     mediumconst  00FFDA
_b64                     mediumconst  00FFDB
_b65                     mediumconst  00FFDC
_b66                     mediumconst  00FFDD
_b67                     mediumconst  00FFDE
_b68                     mediumconst  00FFDF
_b69                     mediumconst  00FFE0
_b70                     mediumconst  00FFE1
_b71                     mediumconst  00FFE2
_b72                     mediumconst  00FFE3
_b73                     mediumconst  00FFE4
_b74                     mediumconst  00FFE5
_b75                     mediumconst  00FFE6
_b76                     mediumconst  00FFE7
_b77                     mediumconst  00FFE8
_b78                     mediumconst  00FFE9
_b79                     mediumconst  00FFEA
_b80                     mediumconst  00FFEB
_b81                     mediumconst  00FFEC
_b82                     mediumconst  00FFED
_b83                     mediumconst  00FFEE
_b84                     mediumconst  00FFEF
_b85                     mediumconst  00FFF0
_b86                     mediumconst  00FFF1
_b87                     mediumconst  00FFF2
_b88                     mediumconst  00FFF3
_b89                     mediumconst  00FFF4
_b90                     mediumconst  00FFF5
_b91                     mediumconst  00FFF6
_b92                     mediumconst  00FFF7
_b93                     mediumconst  00FFF8
_b94                     mediumconst  00FFF9
_b95                     mediumconst  00FFFA
_b96                     mediumconst  00FFFB
_b97                     mediumconst  00FFFC
_b98                     mediumconst  00FFFD
_b99                     mediumconst  00FFFE
_i01                     dataCOMRAM   000001
_i02                     dataCOMRAM   000003
_i03                     dataCOMRAM   000005
_i04                     dataCOMRAM   000007
_i05                     dataCOMRAM   000009
_i06                     dataCOMRAM   00000B
_i07                     dataCOMRAM   00000D
_i08                     dataCOMRAM   00000F
_i09                     dataCOMRAM   000011
_i10                     dataCOMRAM   000013
_i100                    dataBANK1    000100
_i11                     dataCOMRAM   000015
_i12                     dataCOMRAM   000017
_i13                     dataCOMRAM   000019
_i14                     dataBANK0    000080
_i15                     dataBANK0    000082
_i16                     dataBANK0    000084
_i17                     dataBANK0    000086
_i18                     dataBANK0    000088
_i19                     dataBANK0    00008A
_i20                     dataBANK0    00008C
_i21                     dataBANK0    00008E
_i22                     dataBANK0    000090
_i23                     dataBANK0    000092
_i24                     dataBANK0    000094
_i25                     dataBANK0    000096
_i26                     dataBANK0    000098
_i27                     dataBANK0    00009A
_i28                     dataBANK0    00009C
_i29                     dataBANK0    00009E
_i30                     dataBANK0    0000A0
_i31                     dataBANK0    0000A2
_i32                     dataBANK0    0000A4
_i33                     dataBANK0    0000A6
_i34                     dataBANK0    0000A8
_i35                     dataBANK0    0000AA
_i36                     dataBANK0    0000AC
_i37                     dataBANK0    0000AE
_i38                     dataBANK0    0000B0
_i39                     dataBANK0    0000B2
_i40                     dataBANK0    0000B4
_i41                     dataBANK0    0000B6
_i42                     dataBANK0    0000B8
_i43                     dataBANK0    0000BA
_i44                     dataBANK0    0000BC
_i45                     dataBANK0    0000BE
_i46                     dataBANK0    0000C0
_i47                     dataBANK0    0000C2
_i48                     dataBANK0    0000C4
_i49                     dataBANK0    0000C6
_i50                     dataBANK0    0000C8
_i51                     dataBANK0    0000CA
_i52                     dataBANK0    0000CC
_i53                     dataBANK0    0000CE
_i54                     dataBANK0    0000D0
_i55                     dataBANK0    0000D2
_i56                     dataBANK0    0000D4
_i57                     dataBANK0    0000D6
_i58                     dataBANK0    0000D8
_i59                     dataBANK0    0000DA
_i60                     dataBANK0    0000DC
_i61                     dataBANK0    0000DE
_i62                     dataBANK0    0000E0
_i63                     dataBANK0    0000E2
_i64                     dataBANK0    0000E4
_i65                     dataBANK0    0000E6
_i66                     dataBANK0    0000E8
_i67                     dataBANK0    0000EA
_i68                     dataBANK0    0000EC
_i69                     dataBANK0    0000EE
_i70                     dataBANK0    0000F0
_i71                     dataBANK0    0000F2
_i72                     dataBANK0    0000F4
_i73                     dataBANK0    0000F6
_i74                     dataBANK0    0000F8
_i75                     dataBANK0    0000FA
_i76                     dataBANK0    0000FC
_i77                     dataBANK0    0000FE
_i78                     dataBANK1    000102
_i79                     dataBANK1    000104
_i80                     dataBANK1    000106
_i81                     dataBANK1    000108
_i82                     dataBANK1    00010A
_i83                     dataBANK1    00010C
_i84                     dataBANK1    00010E
_i85                     dataBANK1    000110
_i86                     dataBANK1    000112
_i87                     dataBANK1    000114
_i88                     dataBANK1    000116
_i89                     dataBANK1    000118
_i90                     dataBANK1    00011A
_i91                     dataBANK1    00011C
_i92                     dataBANK1    00011E
_i93                     dataBANK1    000120
_i94                     dataBANK1    000122
_i95                     dataBANK1    000124
_i96                     dataBANK1    000126
_i97                     dataBANK1    000128
_i98                     dataBANK1    00012A
_i99                     dataBANK1    00012C
_main                    text0        00EBF6
_nodata                  bssBIGRAM    000CC4
_remember                nvCOMRAM     00007F
end_of_initialization    cinit        00EC6C
intlevel0                text         000000
intlevel1                text         000000
intlevel2                text         000000
intlevel3                text         000000
stackhi                  (abs)        000CC3
stacklo                  (abs)        0001F6
start                    init         000000
start_initialization     cinit        00EBF8


FUNCTION INFORMATION:

 *************** function _main *****************
 Defined at:
		line 164 in file "SRC/Lab3-Solution.c"
 Parameters:    Size  Location     Type
		None
 Auto vars:     Size  Location     Type
		None
 Return value:  Size  Location     Type
                  2  612[None  ] int 
 Registers used:
		None
 Tracked objects:
		On entry : 
		On exit  : 
		Unchanged: 
 Data sizes:     COMRAM   BANK0   BANK1   BANK2   BANK3   BANK4   BANK5   BANK6   BANK7   BANK8   BANK9  BANK10  BANK11  BANK12  BANK13  BANK14  BANK15
      Params:         0       0       0       0       0       0       0       0       0       0       0       0       0       0       0       0       0
      Locals:         0       0       0       0       0       0       0       0       0       0       0       0       0       0       0       0       0
      Temps:          0       0       0       0       0       0       0       0       0       0       0       0       0       0       0       0       0
      Totals:         0       0       0       0       0       0       0       0       0       0       0       0       0       0       0       0       0
Total ram usage:        0 bytes
 This function calls:
		Nothing
 This function is called by:
		Startup code after reset
 This function uses a non-reentrant model



MODULE INFORMATION

Module		Function		Class		Link	Load	Size
shared
		_b10           		MEDIUMCONST    	FFA4	0000	2
		_b01           		MEDIUMCONST    	FF9B	0000	2
		_b20           		MEDIUMCONST    	FFAF	0000	2
		_b11           		MEDIUMCONST    	FFA6	0000	2
		_b30           		MEDIUMCONST    	FFB9	0000	2
		_b02           		MEDIUMCONST    	FF9C	0000	2
		_b21           		MEDIUMCONST    	FFB0	0000	2
		_b40           		MEDIUMCONST    	FFC3	0000	2
		_b12           		MEDIUMCONST    	FFA7	0000	2
		_b31           		MEDIUMCONST    	FFBA	0000	2
		_b50           		MEDIUMCONST    	FFCD	0000	2
		_b03           		MEDIUMCONST    	FF9D	0000	2
		_b22           		MEDIUMCONST    	FFB1	0000	2
		_b41           		MEDIUMCONST    	FFC4	0000	2
		_b60           		MEDIUMCONST    	FFD7	0000	2
		_b100          		MEDIUMCONST    	FFA5	0000	2
		_b13           		MEDIUMCONST    	FFA8	0000	2
		_b32           		MEDIUMCONST    	FFBB	0000	2
		_b51           		MEDIUMCONST    	FFCE	0000	2
		_b70           		MEDIUMCONST    	FFE1	0000	2
		_b04           		MEDIUMCONST    	FF9E	0000	2
		_b23           		MEDIUMCONST    	FFB2	0000	2
		_b42           		MEDIUMCONST    	FFC5	0000	2
		_b61           		MEDIUMCONST    	FFD8	0000	2
		_b80           		MEDIUMCONST    	FFEB	0000	2
		_b14           		MEDIUMCONST    	FFA9	0000	2
		_b33           		MEDIUMCONST    	FFBC	0000	2
		_b52           		MEDIUMCONST    	FFCF	0000	2
		_b71           		MEDIUMCONST    	FFE2	0000	2
		_b90           		MEDIUMCONST    	FFF5	0000	2
		_b05           		MEDIUMCONST    	FF9F	0000	2
		_b24           		MEDIUMCONST    	FFB3	0000	2
		_b43           		MEDIUMCONST    	FFC6	0000	2
		_b62           		MEDIUMCONST    	FFD9	0000	2
		_b81           		MEDIUMCONST    	FFEC	0000	2
		_b15           		MEDIUMCONST    	FFAA	0000	2
		_b34           		MEDIUMCONST    	FFBD	0000	2
		_b53           		MEDIUMCONST    	FFD0	0000	2
		_b72           		MEDIUMCONST    	FFE3	0000	2
		_b91           		MEDIUMCONST    	FFF6	0000	2
		_b06           		MEDIUMCONST    	FFA0	0000	2
		_b25           		MEDIUMCONST    	FFB4	0000	2
		_b44           		MEDIUMCONST    	FFC7	0000	2
		_b63           		MEDIUMCONST    	FFDA	0000	2
		_b82           		MEDIUMCONST    	FFED	0000	2
		_b16           		MEDIUMCONST    	FFAB	0000	2
		_b35           		MEDIUMCONST    	FFBE	0000	2
		_b54           		MEDIUMCONST    	FFD1	0000	2
		_b73           		MEDIUMCONST    	FFE4	0000	2
		_b92           		MEDIUMCONST    	FFF7	0000	2
		__initialization		CODE           	EBF8	0000	117
		_b07           		MEDIUMCONST    	FFA1	0000	2
		_b26           		MEDIUMCONST    	FFB5	0000	2
		_b45           		MEDIUMCONST    	FFC8	0000	2
		_b64           		MEDIUMCONST    	FFDB	0000	2
		_b83           		MEDIUMCONST    	FFEE	0000	2
		_b17           		MEDIUMCONST    	FFAC	0000	2
		_b36           		MEDIUMCONST    	FFBF	0000	2
		_b55           		MEDIUMCONST    	FFD2	0000	2
		_b74           		MEDIUMCONST    	FFE5	0000	2
		_b93           		MEDIUMCONST    	FFF8	0000	2
		_b08           		MEDIUMCONST    	FFA2	0000	2
		_b27           		MEDIUMCONST    	FFB6	0000	2
		_b46           		MEDIUMCONST    	FFC9	0000	2
		_b65           		MEDIUMCONST    	FFDC	0000	2
		_b84           		MEDIUMCONST    	FFEF	0000	2
		_b18           		MEDIUMCONST    	FFAD	0000	2
		_b37           		MEDIUMCONST    	FFC0	0000	2
		_b56           		MEDIUMCONST    	FFD3	0000	2
		_b75           		MEDIUMCONST    	FFE6	0000	2
		_b94           		MEDIUMCONST    	FFF9	0000	2
		_b09           		MEDIUMCONST    	FFA3	0000	2
		_b28           		MEDIUMCONST    	FFB7	0000	2
		_b47           		MEDIUMCONST    	FFCA	0000	2
		_b66           		MEDIUMCONST    	FFDD	0000	2
		_b85           		MEDIUMCONST    	FFF0	0000	2
		_b19           		MEDIUMCONST    	FFAE	0000	2
		_b38           		MEDIUMCONST    	FFC1	0000	2
		_b57           		MEDIUMCONST    	FFD4	0000	2
		_b76           		MEDIUMCONST    	FFE7	0000	2
		_b95           		MEDIUMCONST    	FFFA	0000	2
		_BigData       		MEDIUMCONST    	EE6B	0000	4001
		_b29           		MEDIUMCONST    	FFB8	0000	2
		_b48           		MEDIUMCONST    	FFCB	0000	2
		_b67           		MEDIUMCONST    	FFDE	0000	2
		_b86           		MEDIUMCONST    	FFF1	0000	2
		_b39           		MEDIUMCONST    	FFC2	0000	2
		_b58           		MEDIUMCONST    	FFD5	0000	2
		_b77           		MEDIUMCONST    	FFE8	0000	2
		_b96           		MEDIUMCONST    	FFFB	0000	2
		_b49           		MEDIUMCONST    	FFCC	0000	2
		_b68           		MEDIUMCONST    	FFDF	0000	2
		_b87           		MEDIUMCONST    	FFF2	0000	2
		_b59           		MEDIUMCONST    	FFD6	0000	2
		_b78           		MEDIUMCONST    	FFE9	0000	2
		_b97           		MEDIUMCONST    	FFFC	0000	2
		_b69           		MEDIUMCONST    	FFE0	0000	2
		_b88           		MEDIUMCONST    	FFF3	0000	2
		_b79           		MEDIUMCONST    	FFEA	0000	2
		_b98           		MEDIUMCONST    	FFFD	0000	2
		_b89           		MEDIUMCONST    	FFF4	0000	2
		_b99           		MEDIUMCONST    	FFFE	0000	2
		_MoreWithData  		MEDIUMCONST    	FE0B	0000	401

shared estimated size: 4719

SRC/Lab3-Solution.c
		_main          		CODE           	EBF6	0000	3

SRC/Lab3-Solution.c estimated size: 3

