Microchip MPLAB XC8 Compiler V1.45 ()

Linker command line:

-W-3 --edf=/Applications/microchip/xc8/v1.45/dat/en_msgs.txt -cs \
  -h+dist/default/production/final_integration6.0.X.production.sym \
  --cmf=dist/default/production/final_integration6.0.X.production.cmf -z \
  -Q18F4620 -o/tmp/xcatWu2tx \
  -Mdist/default/production/final_integration6.0.X.production.map -E1 \
  -ver=XC8 -ASTACK=02C8h-0f7fh -pstack=STACK -ACODE=00h-0FFFFh \
  -ACONST=00h-0FFFFh -ASMALLCONST=01000h-010FFhx240 \
  -AMEDIUMCONST=01000h-0FFFFh -ACOMRAM=01h-07Fh -AABS1=00h-0F7Fh \
  -ABIGRAM=01h-0F7Fh -ARAM=080h-0FFh,0100h-01FFhx14,0F00h-0F7Fh \
  -ABANK0=080h-0FFh -ABANK1=0100h-01FFh -ABANK2=0200h-02FFh \
  -ABANK3=0300h-03FFh -ABANK4=0400h-04FFh -ABANK5=0500h-05FFh \
  -ABANK6=0600h-06FFh -ABANK7=0700h-07FFh -ABANK8=0800h-08FFh \
  -ABANK9=0900h-09FFh -ABANK10=0A00h-0AFFh -ABANK11=0B00h-0BFFh \
  -ABANK12=0C00h-0CFFh -ABANK13=0D00h-0DFFh -ABANK14=0E00h-0EFFh \
  -ABANK15=0F00h-0F7Fh -ASFR=0F80h-0FFFh \
  -preset_vec=00h,intcode=08h,intcodelo,powerup,init -pramtop=01000h \
  -psmallconst=SMALLCONST -pmediumconst=MEDIUMCONST -pconst=CONST \
  -AFARRAM=00h-00h -ACONFIG=0300000h-030000Dh -pconfig=CONFIG \
  -AIDLOC=0200000h-0200007h -pidloc=IDLOC -AEEDATA=0F00000h-0F003FFh \
  -peeprom_data=EEDATA \
  -prdata=COMRAM,nvrram=COMRAM,nvbit=COMRAM,rbss=COMRAM,rbit=COMRAM \
  -pfarbss=FARRAM,fardata=FARRAM,nvFARRAM=FARRAM \
  -pintsave_regs=BIGRAM,bigbss=BIGRAM,bigdata=BIGRAM -pbss=RAM \
  -pidata=CODE,irdata=CODE,ibigdata=CODE,ifardata=CODE -prparam=COMRAM \
  /tmp/xcl7VlWCr.obj \
  dist/default/production/final_integration6.0.X.production.obj 

Object code version is 3.11

Machine type is 18F4620

Call graph: (short form)




                Name                               Link     Load   Length Selector   Space Scale
/tmp/xcl7VlWCr.obj
                init                                  E        E        4        4       0
                reset_vec                             0        0        4        0       0
                idloc                            200000   200000        8   200000       0
                config                           300000   300000        E   300000       0
dist/default/production/final_integration6.0.X.production.obj
                intcode                               8        8        6        4       0
                temp                                 7F       7F        1        1       1
                mediumconst                        FC52     FC52      3AE     7E29       0
                text68                             5B5E     5B5E       70        4       0
                text67                             5BCE     5BCE       66        4       0
                text66                             5E8A     5E8A       4A        4       0
                text65                             611C     611C       26        4       0
                text64                              FEA      FEA      E56        4       0
                text63                             5FA0     5FA0       42        4       0
                text62                             5ED4     5ED4       46        4       0
                text61                             594E     594E       86        4       0
                text60                             5ADC     5ADC       82        4       0
                text59                             5CF0     5CF0       5C        4       0
                text58                             6226     6226       12        4       0
                text57                             6142     6142       24        4       0
                text56                             6284     6284        8        4       0
                text55                             627C     627C        8        4       0
                text54                             625A     625A        A        4       0
                text53                             5A58     5A58       84        4       0
                text52                             4880     4880      26C        4       0
                text51                             58C8     58C8       86        4       0
                text50                             6212     6212       14        4       0
                text49                             5E3E     5E3E       4C        4       0
                text48                             5DA0     5DA0       52        4       0
                text47                             5F5E     5F5E       42        4       0
                text46                             6188     6188       1E        4       0
                text45                             61FE     61FE       14        4       0
                text44                             369C     369C      41A        4       0
                intcode_body                         12       12      FD8        4       0
                text42                             61EA     61EA       14        4       0
                text41                             6274     6274        8        4       0
                text40                             626C     626C        8        4       0
                text39                             6250     6250        A        4       0
                text38                             60F4     60F4       28        4       0
                text37                             59D4     59D4       84        4       0
                text36                             5C34     5C34       60        4       0
                text35                             60CC     60CC       28        4       0
                text34                             60A4     60A4       28        4       0
                text33                             6238     6238        E        4       0
                text32                             604C     604C       2E        4       0
                text31                             4D50     4D50      1B4        4       0
                text30                             5FE2     5FE2       3C        4       0
                text29                             4F04     4F04      164        4       0
                text28                             57BA     57BA       88        4       0
                text27                             61BE     61BE       18        4       0
                text26                             5D4C     5D4C       54        4       0
                text25                             5F1A     5F1A       44        4       0
                text24                             6166     6166       22        4       0
                text23                             61A6     61A6       18        4       0
                text22                             3254     3254      448        4       0
                text21                             5724     5724       96        4       0
                text20                             53EE     53EE       BC        4       0
                text19                             607A     607A       2A        4       0
                text18                             601E     601E       2E        4       0
                text17                             4594     4594      2EC        4       0
                text16                             55EA     55EA       A0        4       0
                text15                             5332     5332       BC        4       0
                text14                             4200     4200      394        4       0
                text13                             554A     554A       A0        4       0
                text12                             5276     5276       BC        4       0
                text11                             29F0     29F0      864        4       0
                text10                             54AA     54AA       A0        4       0
                text9                              51BA     51BA       BC        4       0
                text8                              5842     5842       86        4       0
                text7                              3E6C     3E6C      394        4       0
                text6                              4AEC     4AEC      264        4       0
                text5                              5C94     5C94       5C        4       0
                text4                              3AB6     3AB6      3B6        4       0
                text3                              5DF2     5DF2       4C        4       0
                text2                              61D6     61D6       14        4       0
                text1                              5068     5068      152        4       0
                text0                              1E40     1E40      BB0        4       0
                cstackCOMRAM                          1        1       41        1       1
                cstackBANK0                          C3       C3       37       80       1
                bssBANK2                            200      200       C8      200       1
                dataBANK1                           1E9      1E9        A      100       1
                bssBANK1                            100      100       E9      100       1
                dataBANK0                            FA       FA        6       80       1
                bssBANK0                             80       80       43       80       1
                dataCOMRAM                           77       77        8        1       1
                bssCOMRAM                            42       42       35        1       1
                cinit                              568A     568A       9A        4       0
                idataBANK1                         6246     6246        A        4       0
                idataBANK0                         628C     628C        6        4       0
                idataCOMRAM                        6264     6264        8        4       0

TOTAL           Name                               Link     Load   Length     Space
        CLASS   STACK          

        CLASS   CODE           
                intcode                               8        8        6         0
                init                                  E        E        4         0
                reset_vec                             0        0        4         0
                text68                             5B5E     5B5E       70         0
                text67                             5BCE     5BCE       66         0
                text66                             5E8A     5E8A       4A         0
                text65                             611C     611C       26         0
                text64                              FEA      FEA      E56         0
                text63                             5FA0     5FA0       42         0
                text62                             5ED4     5ED4       46         0
                text61                             594E     594E       86         0
                text60                             5ADC     5ADC       82         0
                text59                             5CF0     5CF0       5C         0
                text58                             6226     6226       12         0
                text57                             6142     6142       24         0
                text56                             6284     6284        8         0
                text55                             627C     627C        8         0
                text54                             625A     625A        A         0
                text53                             5A58     5A58       84         0
                text52                             4880     4880      26C         0
                text51                             58C8     58C8       86         0
                text50                             6212     6212       14         0
                text49                             5E3E     5E3E       4C         0
                text48                             5DA0     5DA0       52         0
                text47                             5F5E     5F5E       42         0
                text46                             6188     6188       1E         0
                text45                             61FE     61FE       14         0
                text44                             369C     369C      41A         0
                intcode_body                         12       12      FD8         0
                text42                             61EA     61EA       14         0
                text41                             6274     6274        8         0
                text40                             626C     626C        8         0
                text39                             6250     6250        A         0
                text38                             60F4     60F4       28         0
                text37                             59D4     59D4       84         0
                text36                             5C34     5C34       60         0
                text35                             60CC     60CC       28         0
                text34                             60A4     60A4       28         0
                text33                             6238     6238        E         0
                text32                             604C     604C       2E         0
                text31                             4D50     4D50      1B4         0
                text30                             5FE2     5FE2       3C         0
                text29                             4F04     4F04      164         0
                text28                             57BA     57BA       88         0
                text27                             61BE     61BE       18         0
                text26                             5D4C     5D4C       54         0
                text25                             5F1A     5F1A       44         0
                text24                             6166     6166       22         0
                text23                             61A6     61A6       18         0
                text22                             3254     3254      448         0
                text21                             5724     5724       96         0
                text20                             53EE     53EE       BC         0
                text19                             607A     607A       2A         0
                text18                             601E     601E       2E         0
                text17                             4594     4594      2EC         0
                text16                             55EA     55EA       A0         0
                text15                             5332     5332       BC         0
                text14                             4200     4200      394         0
                text13                             554A     554A       A0         0
                text12                             5276     5276       BC         0
                text11                             29F0     29F0      864         0
                text10                             54AA     54AA       A0         0
                text9                              51BA     51BA       BC         0
                text8                              5842     5842       86         0
                text7                              3E6C     3E6C      394         0
                text6                              4AEC     4AEC      264         0
                text5                              5C94     5C94       5C         0
                text4                              3AB6     3AB6      3B6         0
                text3                              5DF2     5DF2       4C         0
                text2                              61D6     61D6       14         0
                text1                              5068     5068      152         0
                text0                              1E40     1E40      BB0         0
                cinit                              568A     568A       9A         0
                idataBANK1                         6246     6246        A         0
                idataBANK0                         628C     628C        6         0
                idataCOMRAM                        6264     6264        8         0

        CLASS   CONST          

        CLASS   SMALLCONST     

        CLASS   MEDIUMCONST    
                mediumconst                        FC52     FC52      3AE         0

        CLASS   COMRAM         
                temp                                 7F       7F        1         1
                cstackCOMRAM                          1        1       41         1
                dataCOMRAM                           77       77        8         1
                bssCOMRAM                            42       42       35         1

        CLASS   ABS1           

        CLASS   BIGRAM         

        CLASS   RAM            

        CLASS   BANK0          
                cstackBANK0                          C3       C3       37         1
                dataBANK0                            FA       FA        6         1
                bssBANK0                             80       80       43         1

        CLASS   BANK1          
                dataBANK1                           1E9      1E9        A         1
                bssBANK1                            100      100       E9         1

        CLASS   BANK2          
                bssBANK2                            200      200       C8         1

        CLASS   BANK3          

        CLASS   BANK4          

        CLASS   BANK5          

        CLASS   BANK6          

        CLASS   BANK7          

        CLASS   BANK8          

        CLASS   BANK9          

        CLASS   BANK10         

        CLASS   BANK11         

        CLASS   BANK12         

        CLASS   BANK13         

        CLASS   BANK14         

        CLASS   BANK15         

        CLASS   SFR            

        CLASS   FARRAM         

        CLASS   CONFIG         
                config                           300000   300000        E         0

        CLASS   IDLOC          
                idloc                            200000   200000        8         0

        CLASS   EEDATA         



SEGMENTS        Name                           Load    Length   Top    Selector   Space  Class

                reset_vec                      000000  000004  000004         0       0  CODE    
                cstackCOMRAM                   000001  00007F  000080         1       1  COMRAM  
                intcode                        000008  00628A  006292         4       0  CODE    
                bssBANK0                       000080  000080  000100        80       1  BANK0   
                bssBANK1                       000100  0000F3  0001F3       100       1  BANK1   
                bssBANK2                       000200  0000C8  0002C8       200       1  BANK2   
                mediumconst                    00FC52  0003AE  010000      7E29       0  MEDIUMCO
                idloc                          200000  000008  200008    200000       0  IDLOC   
                config                         300000  00000E  30000E    300000       0  CONFIG  


UNUSED ADDRESS RANGES

        Name                Unused          Largest block    Delta
        BANK1            0001F3-0001FF                D
        BANK10           000A00-000AFF              100
        BANK11           000B00-000BFF              100
        BANK12           000C00-000CFF              100
        BANK13           000D00-000DFF              100
        BANK14           000E00-000EFF              100
        BANK15           000F00-000F7F               80
        BANK2            0002C8-0002FF               38
        BANK3            000300-0003FF              100
        BANK4            000400-0004FF              100
        BANK5            000500-0005FF              100
        BANK6            000600-0006FF              100
        BANK7            000700-0007FF              100
        BANK8            000800-0008FF              100
        BANK9            000900-0009FF              100
        BIGRAM           0001F3-0001FF                D
                         0002C8-000F7F              CB8
        CODE             000004-000007                4
                         006292-00FC51             99C0
        CONST            000004-000007                4
                         006292-00FC51             99C0
        EEDATA           F00000-F003FF              400
        MEDIUMCONST      006292-00FC51             99C0
        RAM              0001F3-0001FF                D
                         0002C8-000F7F              100
        SFR              000F80-000FFF               80
        SMALLCONST       006292-00FC51              100
        STACK            0002C8-000F7F              CB8

                                  Symbol Table

?___awdiv                              cstackBANK0  0000C3
?___awmod                              cstackCOMRAM 000001
?___lldiv                              cstackBANK0  0000C3
?___lwdiv                              cstackBANK0  0000C3
?___lwmod                              cstackBANK0  0000CA
?___wmul                               cstackBANK0  0000CB
?_check                                cstackCOMRAM 000001
?_printf                               cstackBANK0  0000D1
?_strcmp                               cstackCOMRAM 000001
?_strncmp                              cstackCOMRAM 000007
?i2___awdiv                            cstackCOMRAM 000001
?i2___lldiv                            cstackCOMRAM 000001
?i2___lwdiv                            cstackCOMRAM 000001
?i2___lwmod                            cstackCOMRAM 000008
?i2___wmul                             cstackCOMRAM 000001
?i2_printf                             cstackCOMRAM 00000D
Bolt_dispense@B_max                    cstackBANK0  0000ED
Bolt_remain@time                       cstackBANK0  0000ED
GLCD_PIC@INST_CASET                    mediumconst  00FCBC
GLCD_PIC@INST_COLMOD                   mediumconst  00FCB3
GLCD_PIC@INST_DISPON                   mediumconst  00FCBD
GLCD_PIC@INST_FRMCTR1                  mediumconst  00FCB2
GLCD_PIC@INST_FRMCTR2                  mediumconst  00FCB1
GLCD_PIC@INST_FRMCTR3                  mediumconst  00FCB0
GLCD_PIC@INST_GAMSET                   mediumconst  00FCBF
GLCD_PIC@INST_IDMOFF                   mediumconst  00FCB5
GLCD_PIC@INST_INVCTR                   mediumconst  00FCAF
GLCD_PIC@INST_INVOFF                   mediumconst  00FCC1
GLCD_PIC@INST_MADCTL                   mediumconst  00FCB6
GLCD_PIC@INST_NORON                    mediumconst  00FCC2
GLCD_PIC@INST_PWCTR1                   mediumconst  00FCAE
GLCD_PIC@INST_PWCTR2                   mediumconst  00FCAD
GLCD_PIC@INST_PWCTR3                   mediumconst  00FCAC
GLCD_PIC@INST_PWCTR4                   mediumconst  00FCAB
GLCD_PIC@INST_PWCTR5                   mediumconst  00FCAA
GLCD_PIC@INST_RAMWR                    mediumconst  00FCBA
GLCD_PIC@INST_RASET                    mediumconst  00FCBB
GLCD_PIC@INST_SLPOUT                   mediumconst  00FCC4
GLCD_PIC@INST_SWRESET                  mediumconst  00FCC6
GLCD_PIC@INST_VMCTR1                   mediumconst  00FCA9
I2C_Master_Init@clockFreq              cstackBANK0  0000D0
I2C_Master_Read@ackBit                 cstackBANK0  0000C4
I2C_Master_Read@receivedByte           cstackBANK0  0000C5
I2C_Master_Write@byteToWrite           cstackBANK0  0000C4
I2C_sendData@char_data                 cstackBANK0  0000C6
Nut_dispense@N_max                     cstackBANK0  0000ED
Nut_remain@time                        cstackBANK0  0000ED
Spacer_dispense@S_max                  cstackBANK0  0000ED
Spacer_remain@time                     cstackBANK0  0000ED
Washer_dispense@W_max                  cstackBANK0  0000ED
Washer_remain@time                     cstackBANK0  0000ED
_ADCON0                                (abs)        000FC2
_ADCON0bits                            (abs)        000FC2
_ADCON1                                (abs)        000FC1
_ADON                                  (abs)        007E10
_ADRESH                                (abs)        000FC4
_ADRESL                                (abs)        000FC3
_B                                     bssCOMRAM    000058
_BLACK                                 mediumconst  00FCA1
_BLUE                                  mediumconst  00FC85
_B_array                               bssBANK1     000130
_B_counter                             bssBANK0     0000AD
_B_done                                bssBANK1     00017E
_B_input                               bssBANK1     000186
_B_max                                 dataBANK1    0001EF
_B_remain                              bssBANK0     0000A5
_B_spacingTime                         bssBANK0     00009D
_B_total_dispensed                     bssBANK1     000176
_Bolt_dispense                         text21       005724
_Bolt_remain                           text20       0053EE
_EEADR                                 (abs)        000FA9
_EECON1bits                            (abs)        000FA6
_EECON2                                (abs)        000FA7
_EEDATA                                (abs)        000FA8
_EndOfProgram                          bssBANK0     0000BB
_GLCD_ADDRESSABLE_SIZE_HORZ            mediumconst  00FCEB
_GLCD_ADDRESSABLE_SIZE_VERT            mediumconst  00FCEA
_GLCD_SIZE_HORZ                        mediumconst  00FCE9
_GLCD_SIZE_VERT                        mediumconst  00FCE8
_GREEN                                 mediumconst  00FC89
_GREY                                  mediumconst  00FC9D
_I2C_Master_Init                       text36       005C34
_I2C_Master_Read                       text19       00607A
_I2C_Master_Start                      text41       006274
_I2C_Master_Stop                       text40       00626C
_I2C_Master_Wait                       text42       0061EA
_I2C_Master_Write                      text39       006250
_I2C_init                              text18       00601E
_I2C_sendData                          text38       0060F4
_INDIGO                                mediumconst  00FC81
_INT1IE                                (abs)        007F83
_INT1IF                                (abs)        007F80
_INTCONbits                            (abs)        000FF2
_LATA                                  (abs)        000F89
_LATB                                  (abs)        000F8A
_LATC                                  (abs)        000F8B
_LATCbits                              (abs)        000F8B
_LATD                                  (abs)        000F8C
_LATDbits                              (abs)        000F8C
_LATE                                  (abs)        000F8D
_LCD_HORZ_LIMIT                        mediumconst  00FCF1
_LCD_LEFT                              mediumconst  00FCEC
_LCD_RIGHT                             mediumconst  00FCED
_LCD_SIZE_HORZ                         mediumconst  00FCEF
_LCD_SIZE_VERT                         mediumconst  00FCEE
_LCD_VERT_LIMIT                        mediumconst  00FCF0
_LCDinterruptState                     bssBANK0     0000BD
_MADCTLbits                            bssBANK0     0000B9
_N                                     bssCOMRAM    000056
_N_array                               bssBANK1     000110
_N_counter                             bssBANK0     0000A9
_N_done                                bssBANK1     00017C
_N_input                               bssBANK1     000184
_N_max                                 dataBANK1    0001ED
_N_remain                              bssBANK0     0000A3
_N_spacingTime                         bssBANK0     00009B
_N_total_dispensed                     bssBANK1     000174
_NeedToCloseLid                        bssBANK0     0000BA
_Nut_dispense                          text16       0055EA
_Nut_remain                            text15       005332
_ORANGE                                mediumconst  00FC91
_OSCCONbits                            (abs)        000FD3
_OSCTUNEbits                           (abs)        000F9B
_PORTAbits                             (abs)        000F80
_PORTB                                 (abs)        000F81
_PORTBbits                             (abs)        000F81
_RBIE                                  (abs)        007F93
_RBIF                                  (abs)        007F90
_RED                                   mediumconst  00FC95
_S                                     bssCOMRAM    000054
_SSPADD                                (abs)        000FC8
_SSPBUF                                (abs)        000FC9
_SSPCON1                               (abs)        000FC6
_SSPCON1bits                           (abs)        000FC6
_SSPCON2                               (abs)        000FC5
_SSPCON2bits                           (abs)        000FC5
_SSPIF                                 (abs)        007CF3
_SSPSTAT                               (abs)        000FC7
_SSPSTATbits                           (abs)        000FC7
_S_array                               bssBANK1     000120
_S_counter                             bssBANK0     0000AB
_S_done                                bssBANK1     00017A
_S_input                               bssBANK1     000182
_S_max                                 dataBANK1    0001EB
_S_remain                              bssBANK0     0000A1
_S_spacingTime                         bssBANK0     000099
_S_total_dispensed                     bssBANK1     000172
_Spacer_dispense                       text13       00554A
_Spacer_remain                         text12       005276
_T0CONbits                             (abs)        000FD5
_TMR0IE                                (abs)        007F95
_TMR0IF                                (abs)        007F92
_TRISA                                 (abs)        000F92
_TRISAbits                             (abs)        000F92
_TRISB                                 (abs)        000F93
_TRISBbits                             (abs)        000F93
_TRISC                                 (abs)        000F94
_TRISCbits                             (abs)        000F94
_TRISD                                 (abs)        000F95
_TRISDbits                             (abs)        000F95
_TRISE                                 (abs)        000F96
_VIOLET                                mediumconst  00FC7D
_W                                     bssCOMRAM    000052
_WHITE                                 mediumconst  00FC99
_W_array                               bssBANK1     000100
_W_counter                             bssBANK0     0000A7
_W_done                                bssBANK1     000178
_W_input                               bssBANK1     000180
_W_max                                 dataBANK1    0001E9
_W_remain                              bssBANK0     00009F
_W_spacingTime                         bssBANK0     000097
_W_total_dispensed                     bssBANK1     000170
_Washer_dispense                       text10       0054AA
_Washer_remain                         text9        0051BA
_YELLOW                                mediumconst  00FC8D
__CFG_BOREN$SBORDIS                    (abs)        000000
__CFG_BORV$3                           (abs)        000000
__CFG_CCP2MX$PORTC                     (abs)        000000
__CFG_CP0$OFF                          (abs)        000000
__CFG_CP1$OFF                          (abs)        000000
__CFG_CP2$OFF                          (abs)        000000
__CFG_CP3$OFF                          (abs)        000000
__CFG_CPB$OFF                          (abs)        000000
__CFG_CPD$ON                           (abs)        000000
__CFG_EBTR0$OFF                        (abs)        000000
__CFG_EBTR1$OFF                        (abs)        000000
__CFG_EBTR2$OFF                        (abs)        000000
__CFG_EBTR3$OFF                        (abs)        000000
__CFG_EBTRB$OFF                        (abs)        000000
__CFG_FCMEN$OFF                        (abs)        000000
__CFG_IESO$OFF                         (abs)        000000
__CFG_LPT1OSC$OFF                      (abs)        000000
__CFG_LVP$OFF                          (abs)        000000
__CFG_MCLRE$ON                         (abs)        000000
__CFG_OSC$INTIO67                      (abs)        000000
__CFG_PBADEN$ON                        (abs)        000000
__CFG_PWRT$OFF                         (abs)        000000
__CFG_STVREN$ON                        (abs)        000000
__CFG_WDT$OFF                          (abs)        000000
__CFG_WDTPS$32768                      (abs)        000000
__CFG_WRT0$OFF                         (abs)        000000
__CFG_WRT1$OFF                         (abs)        000000
__CFG_WRT2$OFF                         (abs)        000000
__CFG_WRT3$OFF                         (abs)        000000
__CFG_WRTB$OFF                         (abs)        000000
__CFG_WRTC$OFF                         (abs)        000000
__CFG_WRTD$OFF                         (abs)        000000
__CFG_XINST$OFF                        (abs)        000000
__HRAM                                 (abs)        000000
__Habs1                                abs1         000000
__Hbank0                               bank0        000000
__Hbank1                               bank1        000000
__Hbank10                              bank10       000000
__Hbank11                              bank11       000000
__Hbank12                              bank12       000000
__Hbank13                              bank13       000000
__Hbank14                              bank14       000000
__Hbank15                              bank15       000000
__Hbank2                               bank2        000000
__Hbank3                               bank3        000000
__Hbank4                               bank4        000000
__Hbank5                               bank5        000000
__Hbank6                               bank6        000000
__Hbank7                               bank7        000000
__Hbank8                               bank8        000000
__Hbank9                               bank9        000000
__Hbigbss                              bigbss       000000
__Hbigdata                             bigdata      000000
__Hbigram                              bigram       000000
__Hbss                                 bss          000000
__HbssBANK0                            bssBANK0     000000
__HbssBANK1                            bssBANK1     000000
__HbssBANK2                            bssBANK2     000000
__HbssCOMRAM                           bssCOMRAM    000000
__Hcinit                               cinit        000000
__Hclrtext                             clrtext      000000
__Hcomram                              comram       000000
__Hconfig                              config       30000E
__Hconst                               const        000000
__HcstackBANK0                         cstackBANK0  000000
__HcstackCOMRAM                        cstackCOMRAM 000000
__Hdata                                data         000000
__HdataBANK0                           dataBANK0    000000
__HdataBANK1                           dataBANK1    000000
__HdataCOMRAM                          dataCOMRAM   000000
__Heeprom_data                         eeprom_data  000000
__Hfarbss                              farbss       000000
__Hfardata                             fardata      000000
__Hibigdata                            ibigdata     000000
__Hidata                               idata        000000
__HidataBANK0                          idataBANK0   000000
__HidataBANK1                          idataBANK1   000000
__HidataCOMRAM                         idataCOMRAM  000000
__Hidloc                               idloc        200008
__Hifardata                            ifardata     000000
__Hinit                                init         000012
__Hintcode                             intcode      00000E
__Hintcode_body                        intcode_body 000000
__Hintcodelo                           intcodelo    00000E
__Hintentry                            intentry     000000
__Hintret                              intret       000000
__Hintsave_regs                        intsave_regs 000000
__Hirdata                              irdata       000000
__Hmediumconst                         mediumconst  010000
__HnvFARRAM                            nvFARRAM     000000
__Hnvbit                               nvbit        000000
__Hnvrram                              nvrram       000000
__Hparam                               rparam       000000
__Hpowerup                             powerup      00000E
__Hram                                 ram          000000
__Hramtop                              ramtop       001000
__Hrbit                                rbit         000000
__Hrbss                                rbss         000000
__Hrdata                               rdata        000000
__Hreset_vec                           reset_vec    000004
__Hrparam                              rparam       000000
__Hsfr                                 sfr          000000
__Hsmallconst                          smallconst   000000
__Hspace_0                             (abs)        30000E
__Hspace_1                             (abs)        0002C8
__Hspace_2                             (abs)        000000
__Hstack                               stack        000000
__Hstruct                              struct       000000
__Htemp                                temp         000080
__Htext                                text         000000
__Htext0                               text0        000000
__Htext1                               text1        000000
__Htext10                              text10       000000
__Htext11                              text11       000000
__Htext12                              text12       000000
__Htext13                              text13       000000
__Htext14                              text14       000000
__Htext15                              text15       000000
__Htext16                              text16       000000
__Htext17                              text17       000000
__Htext18                              text18       000000
__Htext19                              text19       000000
__Htext2                               text2        000000
__Htext20                              text20       000000
__Htext21                              text21       000000
__Htext22                              text22       000000
__Htext23                              text23       000000
__Htext24                              text24       000000
__Htext25                              text25       000000
__Htext26                              text26       000000
__Htext27                              text27       000000
__Htext28                              text28       000000
__Htext29                              text29       000000
__Htext3                               text3        000000
__Htext30                              text30       000000
__Htext31                              text31       000000
__Htext32                              text32       000000
__Htext33                              text33       000000
__Htext34                              text34       000000
__Htext35                              text35       000000
__Htext36                              text36       000000
__Htext37                              text37       000000
__Htext38                              text38       000000
__Htext39                              text39       000000
__Htext4                               text4        000000
__Htext40                              text40       000000
__Htext41                              text41       000000
__Htext42                              text42       000000
__Htext44                              text44       000000
__Htext45                              text45       000000
__Htext46                              text46       000000
__Htext47                              text47       000000
__Htext48                              text48       000000
__Htext49                              text49       000000
__Htext5                               text5        000000
__Htext50                              text50       000000
__Htext51                              text51       000000
__Htext52                              text52       000000
__Htext53                              text53       000000
__Htext54                              text54       000000
__Htext55                              text55       000000
__Htext56                              text56       000000
__Htext57                              text57       000000
__Htext58                              text58       000000
__Htext59                              text59       000000
__Htext6                               text6        000000
__Htext60                              text60       000000
__Htext61                              text61       000000
__Htext62                              text62       000000
__Htext63                              text63       000000
__Htext64                              text64       000000
__Htext65                              text65       000000
__Htext66                              text66       000000
__Htext67                              text67       000000
__Htext68                              text68       000000
__Htext7                               text7        000000
__Htext8                               text8        000000
__Htext9                               text9        000000
__LRAM                                 (abs)        000001
__Labs1                                abs1         000000
__Lbank0                               bank0        000000
__Lbank1                               bank1        000000
__Lbank10                              bank10       000000
__Lbank11                              bank11       000000
__Lbank12                              bank12       000000
__Lbank13                              bank13       000000
__Lbank14                              bank14       000000
__Lbank15                              bank15       000000
__Lbank2                               bank2        000000
__Lbank3                               bank3        000000
__Lbank4                               bank4        000000
__Lbank5                               bank5        000000
__Lbank6                               bank6        000000
__Lbank7                               bank7        000000
__Lbank8                               bank8        000000
__Lbank9                               bank9        000000
__Lbigbss                              bigbss       000000
__Lbigdata                             bigdata      000000
__Lbigram                              bigram       000000
__Lbss                                 bss          000000
__LbssBANK0                            bssBANK0     000000
__LbssBANK1                            bssBANK1     000000
__LbssBANK2                            bssBANK2     000000
__LbssCOMRAM                           bssCOMRAM    000000
__Lcinit                               cinit        000000
__Lclrtext                             clrtext      000000
__Lcomram                              comram       000000
__Lconfig                              config       300000
__Lconst                               const        000000
__LcstackBANK0                         cstackBANK0  000000
__LcstackCOMRAM                        cstackCOMRAM 000000
__Ldata                                data         000000
__LdataBANK0                           dataBANK0    000000
__LdataBANK1                           dataBANK1    000000
__LdataCOMRAM                          dataCOMRAM   000000
__Leeprom_data                         eeprom_data  000000
__Lfarbss                              farbss       000000
__Lfardata                             fardata      000000
__Libigdata                            ibigdata     000000
__Lidata                               idata        000000
__LidataBANK0                          idataBANK0   000000
__LidataBANK1                          idataBANK1   000000
__LidataCOMRAM                         idataCOMRAM  000000
__Lidloc                               idloc        200000
__Lifardata                            ifardata     000000
__Linit                                init         00000E
__Lintcode                             intcode      000008
__Lintcode_body                        intcode_body 000000
__Lintcodelo                           intcodelo    00000E
__Lintentry                            intentry     000000
__Lintret                              intret       000000
__Lintsave_regs                        intsave_regs 000000
__Lirdata                              irdata       000000
__Lmediumconst                         mediumconst  00FC52
__LnvFARRAM                            nvFARRAM     000000
__Lnvbit                               nvbit        000000
__Lnvrram                              nvrram       000000
__Lparam                               rparam       000000
__Lpowerup                             powerup      00000E
__Lram                                 ram          000000
__Lramtop                              ramtop       001000
__Lrbit                                rbit         000000
__Lrbss                                rbss         000000
__Lrdata                               rdata        000000
__Lreset_vec                           reset_vec    000000
__Lrparam                              rparam       000000
__Lsfr                                 sfr          000000
__Lsmallconst                          smallconst   000000
__Lspace_0                             (abs)        000000
__Lspace_1                             (abs)        000000
__Lspace_2                             (abs)        000000
__Lstack                               stack        000000
__Lstruct                              struct       000000
__Ltemp                                temp         00007F
__Ltext                                text         000000
__Ltext0                               text0        000000
__Ltext1                               text1        000000
__Ltext10                              text10       000000
__Ltext11                              text11       000000
__Ltext12                              text12       000000
__Ltext13                              text13       000000
__Ltext14                              text14       000000
__Ltext15                              text15       000000
__Ltext16                              text16       000000
__Ltext17                              text17       000000
__Ltext18                              text18       000000
__Ltext19                              text19       000000
__Ltext2                               text2        000000
__Ltext20                              text20       000000
__Ltext21                              text21       000000
__Ltext22                              text22       000000
__Ltext23                              text23       000000
__Ltext24                              text24       000000
__Ltext25                              text25       000000
__Ltext26                              text26       000000
__Ltext27                              text27       000000
__Ltext28                              text28       000000
__Ltext29                              text29       000000
__Ltext3                               text3        000000
__Ltext30                              text30       000000
__Ltext31                              text31       000000
__Ltext32                              text32       000000
__Ltext33                              text33       000000
__Ltext34                              text34       000000
__Ltext35                              text35       000000
__Ltext36                              text36       000000
__Ltext37                              text37       000000
__Ltext38                              text38       000000
__Ltext39                              text39       000000
__Ltext4                               text4        000000
__Ltext40                              text40       000000
__Ltext41                              text41       000000
__Ltext42                              text42       000000
__Ltext44                              text44       000000
__Ltext45                              text45       000000
__Ltext46                              text46       000000
__Ltext47                              text47       000000
__Ltext48                              text48       000000
__Ltext49                              text49       000000
__Ltext5                               text5        000000
__Ltext50                              text50       000000
__Ltext51                              text51       000000
__Ltext52                              text52       000000
__Ltext53                              text53       000000
__Ltext54                              text54       000000
__Ltext55                              text55       000000
__Ltext56                              text56       000000
__Ltext57                              text57       000000
__Ltext58                              text58       000000
__Ltext59                              text59       000000
__Ltext6                               text6        000000
__Ltext60                              text60       000000
__Ltext61                              text61       000000
__Ltext62                              text62       000000
__Ltext63                              text63       000000
__Ltext64                              text64       000000
__Ltext65                              text65       000000
__Ltext66                              text66       000000
__Ltext67                              text67       000000
__Ltext68                              text68       000000
__Ltext7                               text7        000000
__Ltext8                               text8        000000
__Ltext9                               text9        000000
__S0                                   (abs)        30000E
__S1                                   (abs)        0002C8
__S2                                   (abs)        000000
___awdiv                               text8        005842
___awdiv@counter                       cstackBANK0  0000C7
___awdiv@dividend                      cstackBANK0  0000C3
___awdiv@divisor                       cstackBANK0  0000C5
___awdiv@quotient                      cstackBANK0  0000C9
___awdiv@sign                          cstackBANK0  0000C8
___awmod                               text68       005B5E
___awmod@counter                       cstackCOMRAM 000005
___awmod@dividend                      cstackCOMRAM 000001
___awmod@divisor                       cstackCOMRAM 000003
___awmod@sign                          cstackCOMRAM 000006
___inthi_sp                            stack        000000
___intlo_sp                            stack        000000
___lldiv                               text37       0059D4
___lldiv@counter                       cstackBANK0  0000CF
___lldiv@dividend                      cstackBANK0  0000C3
___lldiv@divisor                       cstackBANK0  0000C7
___lldiv@quotient                      cstackBANK0  0000CB
___lwdiv                               text26       005D4C
___lwdiv@counter                       cstackBANK0  0000C9
___lwdiv@dividend                      cstackBANK0  0000C3
___lwdiv@divisor                       cstackBANK0  0000C5
___lwdiv@quotient                      cstackBANK0  0000C7
___lwmod                               text25       005F1A
___lwmod@counter                       cstackBANK0  0000CE
___lwmod@dividend                      cstackBANK0  0000CA
___lwmod@divisor                       cstackBANK0  0000CC
___param_bank                          (abs)        000000
___rparam_used                         (abs)        000001
___sp                                  stack        000000
___wmul                                text35       0060CC
___wmul@multiplicand                   cstackBANK0  0000CD
___wmul@multiplier                     cstackBANK0  0000CB
___wmul@product                        cstackBANK0  0000CF
__accesstop                            (abs)        000080
__activetblptr                         (abs)        000003
__end_ofGLCD_PIC@INST_CASET            mediumconst  00FCBD
__end_ofGLCD_PIC@INST_COLMOD           mediumconst  00FCB4
__end_ofGLCD_PIC@INST_DISPOFF          mediumconst  00FCBF
__end_ofGLCD_PIC@INST_DISPON           mediumconst  00FCBE
__end_ofGLCD_PIC@INST_FRMCTR1          mediumconst  00FCB3
__end_ofGLCD_PIC@INST_FRMCTR2          mediumconst  00FCB2
__end_ofGLCD_PIC@INST_FRMCTR3          mediumconst  00FCB1
__end_ofGLCD_PIC@INST_GAMSET           mediumconst  00FCC0
__end_ofGLCD_PIC@INST_IDMOFF           mediumconst  00FCB6
__end_ofGLCD_PIC@INST_IDMON            mediumconst  00FCB5
__end_ofGLCD_PIC@INST_INVCTR           mediumconst  00FCB0
__end_ofGLCD_PIC@INST_INVOFF           mediumconst  00FCC2
__end_ofGLCD_PIC@INST_INVON            mediumconst  00FCC1
__end_ofGLCD_PIC@INST_MADCTL           mediumconst  00FCB7
__end_ofGLCD_PIC@INST_NOP              mediumconst  00FCC8
__end_ofGLCD_PIC@INST_NORON            mediumconst  00FCC3
__end_ofGLCD_PIC@INST_PTLAR            mediumconst  00FCBA
__end_ofGLCD_PIC@INST_PTLON            mediumconst  00FCC4
__end_ofGLCD_PIC@INST_PWCTR1           mediumconst  00FCAF
__end_ofGLCD_PIC@INST_PWCTR2           mediumconst  00FCAE
__end_ofGLCD_PIC@INST_PWCTR3           mediumconst  00FCAD
__end_ofGLCD_PIC@INST_PWCTR4           mediumconst  00FCAC
__end_ofGLCD_PIC@INST_PWCTR5           mediumconst  00FCAB
__end_ofGLCD_PIC@INST_RAMWR            mediumconst  00FCBB
__end_ofGLCD_PIC@INST_RASET            mediumconst  00FCBC
__end_ofGLCD_PIC@INST_SLPIN            mediumconst  00FCC6
__end_ofGLCD_PIC@INST_SLPOUT           mediumconst  00FCC5
__end_ofGLCD_PIC@INST_SWRESET          mediumconst  00FCC7
__end_ofGLCD_PIC@INST_TEOFF            mediumconst  00FCB9
__end_ofGLCD_PIC@INST_TEON             mediumconst  00FCB8
__end_ofGLCD_PIC@INST_VMCTR1           mediumconst  00FCAA
__end_ofGLCD_PIC@INST_VMOFCTR2         mediumconst  00FCA9
__end_of_BLACK                         mediumconst  00FCA5
__end_of_BLUE                          mediumconst  00FC89
__end_of_Bolt_dispense                 text21       0057BA
__end_of_Bolt_remain                   text20       0054AA
__end_of_GLCD_ADDRESSABLE_SIZE_HORZ    mediumconst  00FCEC
__end_of_GLCD_ADDRESSABLE_SIZE_VERT    mediumconst  00FCEB
__end_of_GLCD_SIZE_HORZ                mediumconst  00FCEA
__end_of_GLCD_SIZE_VERT                mediumconst  00FCE9
__end_of_GREEN                         mediumconst  00FC8D
__end_of_GREY                          mediumconst  00FCA1
__end_of_I2C_Master_Init               text36       005C94
__end_of_I2C_Master_Read               text19       0060A4
__end_of_I2C_Master_Start              text41       00627C
__end_of_I2C_Master_Stop               text40       006274
__end_of_I2C_Master_Wait               text42       0061FE
__end_of_I2C_Master_Write              text39       00625A
__end_of_I2C_init                      text18       00604C
__end_of_I2C_sendData                  text38       00611C
__end_of_INDIGO                        mediumconst  00FC85
__end_of_INST_CASET                    mediumconst  00FCDD
__end_of_INST_COLMOD                   mediumconst  00FCD4
__end_of_INST_DISPOFF                  mediumconst  00FCDF
__end_of_INST_DISPON                   mediumconst  00FCDE
__end_of_INST_FRMCTR1                  mediumconst  00FCD3
__end_of_INST_FRMCTR2                  mediumconst  00FCD2
__end_of_INST_FRMCTR3                  mediumconst  00FCD1
__end_of_INST_GAMSET                   mediumconst  00FCE0
__end_of_INST_IDMOFF                   mediumconst  00FCD6
__end_of_INST_IDMON                    mediumconst  00FCD5
__end_of_INST_INVCTR                   mediumconst  00FCD0
__end_of_INST_INVOFF                   mediumconst  00FCE2
__end_of_INST_INVON                    mediumconst  00FCE1
__end_of_INST_MADCTL                   mediumconst  00FCD7
__end_of_INST_NOP                      mediumconst  00FCE8
__end_of_INST_NORON                    mediumconst  00FCE3
__end_of_INST_PTLAR                    mediumconst  00FCDA
__end_of_INST_PTLON                    mediumconst  00FCE4
__end_of_INST_PWCTR1                   mediumconst  00FCCF
__end_of_INST_PWCTR2                   mediumconst  00FCCE
__end_of_INST_PWCTR3                   mediumconst  00FCCD
__end_of_INST_PWCTR4                   mediumconst  00FCCC
__end_of_INST_PWCTR5                   mediumconst  00FCCB
__end_of_INST_RAMWR                    mediumconst  00FCDB
__end_of_INST_RASET                    mediumconst  00FCDC
__end_of_INST_SLPIN                    mediumconst  00FCE6
__end_of_INST_SLPOUT                   mediumconst  00FCE5
__end_of_INST_SWRESET                  mediumconst  00FCE7
__end_of_INST_TEOFF                    mediumconst  00FCD9
__end_of_INST_TEON                     mediumconst  00FCD8
__end_of_INST_VMCTR1                   mediumconst  00FCCA
__end_of_INST_VMOFCTR2                 mediumconst  00FCC9
__end_of_LCD_HORZ_LIMIT                mediumconst  00FCF2
__end_of_LCD_LEFT                      mediumconst  00FCED
__end_of_LCD_RIGHT                     mediumconst  00FCEE
__end_of_LCD_SIZE_HORZ                 mediumconst  00FCF0
__end_of_LCD_SIZE_VERT                 mediumconst  00FCEF
__end_of_LCD_VERT_LIMIT                mediumconst  00FCF1
__end_of_Nut_dispense                  text16       00568A
__end_of_Nut_remain                    text15       0053EE
__end_of_ORANGE                        mediumconst  00FC95
__end_of_RED                           mediumconst  00FC99
__end_of_Spacer_dispense               text13       0055EA
__end_of_Spacer_remain                 text12       005332
__end_of_VIOLET                        mediumconst  00FC81
__end_of_WHITE                         mediumconst  00FC9D
__end_of_Washer_dispense               text10       00554A
__end_of_Washer_remain                 text9        005276
__end_of_YELLOW                        mediumconst  00FC91
__end_of___awdiv                       text8        0058C8
__end_of___awmod                       text68       005BCE
__end_of___lldiv                       text37       005A58
__end_of___lwdiv                       text26       005DA0
__end_of___lwmod                       text25       005F5E
__end_of___wmul                        text35       0060F4
__end_of__initialization               cinit        00571A
__end_of_array                         mediumconst  00FCA8
__end_of_check                         text67       005C34
__end_of_dpowers                       mediumconst  00FC6E
__end_of_drawBolt                      text29       005068
__end_of_drawNut                       text17       004880
__end_of_drawSpacer                    text14       004594
__end_of_drawTeamName                  text7        004200
__end_of_drawWasher                    text11       003254
__end_of_generate_compartment_array    text6        004D50
__end_of_glcdDrawRectangle             text31       004F04
__end_of_glcdSetCOLMOD                 text5        005CF0
__end_of_glcdTransfer                  text32       00607A
__end_of_happynewyear                  mediumconst  00FC7D
__end_of_hexpowers                     mediumconst  00FC76
__end_of_initGLCD                      text4        003E6C
__end_of_initLCD                       text3        005E3E
__end_of_initVibTimer                  text2        0061EA
__end_of_initialize                    text1        0051BA
__end_of_interruptHandler              intcode_body 000FEA
__end_of_is_valid                      text64       001E40
__end_of_isdigit                       text24       006188
__end_of_keys                          mediumconst  00FC64
__end_of_lcdInst                       text27       0061D6
__end_of_lcdNibble                     text28       005842
__end_of_main                          text0        0029F0
__end_of_printf                        text22       00369C
__end_of_putch                         text23       0061BE
__end_of_spiInit                       text30       00601E
__end_of_spiSend                       text33       006246
__end_of_spiTransfer                   text34       0060CC
__end_of_strcat                        text63       005FE2
__end_of_strcmp                        text66       005ED4
__end_of_strcpy                        text62       005F1A
__end_of_strncmp                       text61       0059D4
__end_of_strs                          mediumconst  00FD56
__end_ofi2_I2C_Master_Init             text59       005D4C
__end_ofi2_I2C_Master_Read             text57       006166
__end_ofi2_I2C_Master_Start            text56       00628C
__end_ofi2_I2C_Master_Stop             text55       006284
__end_ofi2_I2C_Master_Wait             text58       006238
__end_ofi2_I2C_Master_Write            text54       006264
__end_ofi2___awdiv                     text53       005ADC
__end_ofi2___lldiv                     text60       005B5E
__end_ofi2___lwdiv                     text48       005DF2
__end_ofi2___lwmod                     text47       005FA0
__end_ofi2___wmul                      text65       006142
__end_ofi2_generate_compartment_array  text52       004AEC
__end_ofi2_initLCD                     text49       005E8A
__end_ofi2_isdigit                     text46       0061A6
__end_ofi2_lcdInst                     text50       006226
__end_ofi2_lcdNibble                   text51       00594E
__end_ofi2_printf                      text44       003AB6
__end_ofi2_putch                       text45       006212
__initialization                       cinit        00568A
__mediumconst                          mediumconst  00FC52
__pbssBANK0                            bssBANK0     000080
__pbssBANK1                            bssBANK1     000100
__pbssBANK2                            bssBANK2     000200
__pbssCOMRAM                           bssCOMRAM    000042
__pcinit                               cinit        00568A
__pcstackBANK0                         cstackBANK0  0000C3
__pcstackCOMRAM                        cstackCOMRAM 000001
__pdataBANK0                           dataBANK0    0000FA
__pdataBANK1                           dataBANK1    0001E9
__pdataCOMRAM                          dataCOMRAM   000077
__pidataBANK0                          idataBANK0   00628C
__pidataBANK1                          idataBANK1   006246
__pidataCOMRAM                         idataCOMRAM  006264
__pintcode                             intcode      000008
__pintcode_body                        intcode_body 000012
__pmediumconst                         mediumconst  00FC52
__ptext0                               text0        001E40
__ptext1                               text1        005068
__ptext10                              text10       0054AA
__ptext11                              text11       0029F0
__ptext12                              text12       005276
__ptext13                              text13       00554A
__ptext14                              text14       004200
__ptext15                              text15       005332
__ptext16                              text16       0055EA
__ptext17                              text17       004594
__ptext18                              text18       00601E
__ptext19                              text19       00607A
__ptext2                               text2        0061D6
__ptext20                              text20       0053EE
__ptext21                              text21       005724
__ptext22                              text22       003254
__ptext23                              text23       0061A6
__ptext24                              text24       006166
__ptext25                              text25       005F1A
__ptext26                              text26       005D4C
__ptext27                              text27       0061BE
__ptext28                              text28       0057BA
__ptext29                              text29       004F04
__ptext3                               text3        005DF2
__ptext30                              text30       005FE2
__ptext31                              text31       004D50
__ptext32                              text32       00604C
__ptext33                              text33       006238
__ptext34                              text34       0060A4
__ptext35                              text35       0060CC
__ptext36                              text36       005C34
__ptext37                              text37       0059D4
__ptext38                              text38       0060F4
__ptext39                              text39       006250
__ptext4                               text4        003AB6
__ptext40                              text40       00626C
__ptext41                              text41       006274
__ptext42                              text42       0061EA
__ptext44                              text44       00369C
__ptext45                              text45       0061FE
__ptext46                              text46       006188
__ptext47                              text47       005F5E
__ptext48                              text48       005DA0
__ptext49                              text49       005E3E
__ptext5                               text5        005C94
__ptext50                              text50       006212
__ptext51                              text51       0058C8
__ptext52                              text52       004880
__ptext53                              text53       005A58
__ptext54                              text54       00625A
__ptext55                              text55       00627C
__ptext56                              text56       006284
__ptext57                              text57       006142
__ptext58                              text58       006226
__ptext59                              text59       005CF0
__ptext6                               text6        004AEC
__ptext60                              text60       005ADC
__ptext61                              text61       00594E
__ptext62                              text62       005ED4
__ptext63                              text63       005FA0
__ptext64                              text64       000FEA
__ptext65                              text65       00611C
__ptext66                              text66       005E8A
__ptext67                              text67       005BCE
__ptext68                              text68       005B5E
__ptext7                               text7        003E6C
__ptext8                               text8        005842
__ptext9                               text9        0051BA
__ramtop                               ramtop       001000
__size_of_Bolt_dispense                (abs)        000000
__size_of_Bolt_remain                  (abs)        000000
__size_of_I2C_Master_Init              (abs)        000000
__size_of_I2C_Master_Read              (abs)        000000
__size_of_I2C_Master_Start             (abs)        000000
__size_of_I2C_Master_Stop              (abs)        000000
__size_of_I2C_Master_Wait              (abs)        000000
__size_of_I2C_Master_Write             (abs)        000000
__size_of_I2C_init                     (abs)        000000
__size_of_I2C_sendData                 (abs)        000000
__size_of_Nut_dispense                 (abs)        000000
__size_of_Nut_remain                   (abs)        000000
__size_of_Spacer_dispense              (abs)        000000
__size_of_Spacer_remain                (abs)        000000
__size_of_Washer_dispense              (abs)        000000
__size_of_Washer_remain                (abs)        000000
__size_of___awdiv                      (abs)        000000
__size_of___awmod                      (abs)        000000
__size_of___lldiv                      (abs)        000000
__size_of___lwdiv                      (abs)        000000
__size_of___lwmod                      (abs)        000000
__size_of___wmul                       (abs)        000000
__size_of_check                        (abs)        000000
__size_of_drawBolt                     (abs)        000000
__size_of_drawNut                      (abs)        000000
__size_of_drawSpacer                   (abs)        000000
__size_of_drawTeamName                 (abs)        000000
__size_of_drawWasher                   (abs)        000000
__size_of_generate_compartment_array   (abs)        000000
__size_of_glcdDrawRectangle            (abs)        000000
__size_of_glcdSetCOLMOD                (abs)        000000
__size_of_glcdTransfer                 (abs)        000000
__size_of_initGLCD                     (abs)        000000
__size_of_initLCD                      (abs)        000000
__size_of_initVibTimer                 (abs)        000000
__size_of_initialize                   (abs)        000000
__size_of_interruptHandler             (abs)        000000
__size_of_is_valid                     (abs)        000000
__size_of_isdigit                      (abs)        000000
__size_of_lcdInst                      (abs)        000000
__size_of_lcdNibble                    (abs)        000000
__size_of_main                         (abs)        000000
__size_of_printf                       (abs)        000000
__size_of_putch                        (abs)        000000
__size_of_spiInit                      (abs)        000000
__size_of_spiSend                      (abs)        000000
__size_of_spiTransfer                  (abs)        000000
__size_of_strcat                       (abs)        000000
__size_of_strcmp                       (abs)        000000
__size_of_strcpy                       (abs)        000000
__size_of_strncmp                      (abs)        000000
__size_ofi2_I2C_Master_Init            (abs)        000000
__size_ofi2_I2C_Master_Read            (abs)        000000
__size_ofi2_I2C_Master_Start           (abs)        000000
__size_ofi2_I2C_Master_Stop            (abs)        000000
__size_ofi2_I2C_Master_Wait            (abs)        000000
__size_ofi2_I2C_Master_Write           (abs)        000000
__size_ofi2___awdiv                    (abs)        000000
__size_ofi2___lldiv                    (abs)        000000
__size_ofi2___lwdiv                    (abs)        000000
__size_ofi2___lwmod                    (abs)        000000
__size_ofi2___wmul                     (abs)        000000
__size_ofi2_generate_compartment_array (abs)        000000
__size_ofi2_initLCD                    (abs)        000000
__size_ofi2_isdigit                    (abs)        000000
__size_ofi2_lcdInst                    (abs)        000000
__size_ofi2_lcdNibble                  (abs)        000000
__size_ofi2_printf                     (abs)        000000
__size_ofi2_putch                      (abs)        000000
__smallconst                           smallconst   000000
_angle                                 bssBANK1     000192
_array                                 mediumconst  00FCA5
_assembly_step                         bssBANK0     0000AF
_change_mode                           bssBANK0     0000B3
_check                                 text67       005BCE
_close_handle                          dataBANK0    0000FC
_compartment_array                     bssBANK0     000080
_compartment_number                    bssCOMRAM    000042
_compartment_pos                       bssBANK1     000190
_counter                               bssCOMRAM    00005C
_counter_step                          bssCOMRAM    00005A
_current_set                           bssBANK0     0000BE
_current_set2                          bssCOMRAM    000070
_dpowers                               mediumconst  00FC64
_drawBolt                              text29       004F04
_drawNut                               text17       004594
_drawSpacer                            text14       004200
_drawTeamName                          text7        003E6C
_drawWasher                            text11       0029F0
_error                                 bssBANK1     00018E
_fastener                              bssBANK2     000200
_final_number                          bssBANK1     000150
_final_set                             bssBANK1     0001BC
_final_time                            bssBANK1     000160
_gear_counter                          bssCOMRAM    000062
_generate_compartment_array            text6        004AEC
_glcdDrawRectangle                     text31       004D50
_glcdSetCOLMOD                         text5        005C94
_glcdTransfer                          text32       00604C
_happynewyear                          mediumconst  00FC76
_hexpowers                             mediumconst  00FC6E
_hr_final                              bssBANK1     000166
_hr_initial                            bssBANK1     00016E
_i                                     bssBANK0     0000B7
_initGLCD                              text4        003AB6
_initLCD                               text3        005DF2
_initVibTimer                          text2        0061D6
_init_position                         dataBANK1    0001F1
_initial_time                          bssBANK1     000168
_initialize                            text1        005068
_input_ch                              bssCOMRAM    00006C
_interruptHandler                      intcode      000008
_is_valid                              text64       000FEA
_isdigit                               text24       006166
_isdigit$2258                          cstackBANK0  0000C4
_j                                     bssCOMRAM    00006B
_keys                                  mediumconst  00FC53
_lcdInst                               text27       0061BE
_lcdNibble                             text28       0057BA
_main                                  text0        001E40
_main$2694                             cstackBANK0  0000F6
_min_final                             bssBANK1     000164
_min_initial                           bssBANK1     00016C
_mode                                  bssBANK0     0000B5
_motorStart_0                          dataCOMRAM   00007E
_motorStart_1                          dataCOMRAM   00007C
_motorStart_2                          dataCOMRAM   00007A
_motorStart_3                          dataCOMRAM   000078
_motorStop_0                           dataCOMRAM   00007D
_motorStop_1                           dataCOMRAM   00007B
_motorStop_2                           dataCOMRAM   000079
_motorStop_3                           dataCOMRAM   000077
_number                                bssCOMRAM    000075
_nuts_data                             bssCOMRAM    00006D
_openHandle_data                       bssBANK0     0000BC
_operation                             bssCOMRAM    000066
_operationTime                         bssCOMRAM    00005E
_operation_done                        bssCOMRAM    000064
_prev                                  bssCOMRAM    000060
_prev_number                           bssBANK1     000140
_prev_set                              bssBANK1     000194
_prev_state                            bssBANK1     000188
_printf                                text22       003254
_putch                                 text23       0061A6
_rotate_1compartment                   dataBANK0    0000FE
_rotate_gear                           dataBANK0    0000FF
_sec_final                             bssBANK1     000162
_sec_initial                           bssBANK1     00016A
_servo_ramp                            dataBANK0    0000FD
_spacingTime                           dataBANK0    0000FA
_spiInit                               text30       005FE2
_spiSend                               text33       006238
_spiTransfer                           text34       0060A4
_state                                 bssBANK0     0000B1
_strcat                                text63       005FA0
_strcmp                                text66       005E8A
_strcpy                                text62       005ED4
_strncmp                               text61       00594E
_strs                                  mediumconst  00FCF2
_temp                                  bssCOMRAM    00006E
_temp_set                              bssBANK1     0001E4
_time                                  bssBANK0     000090
_timerCounter                          bssCOMRAM    00006A
_total_number                          bssBANK1     00018A
_valid                                 bssBANK1     00018C
_white_tape                            bssCOMRAM    000068
btemp                                  temp         00007F
end_of_initialization                  cinit        00571A
generate_compartment_array@step        cstackBANK0  0000C3
glcdDrawRectangle@XE                   cstackBANK0  0000D1
glcdDrawRectangle@XS                   cstackBANK0  0000E3
glcdDrawRectangle@YE                   cstackBANK0  0000D3
glcdDrawRectangle@YS                   cstackBANK0  0000D2
glcdDrawRectangle@color                cstackBANK0  0000D4
glcdDrawRectangle@colorData            cstackBANK0  0000E0
glcdDrawRectangle@i                    cstackBANK0  0000DE
glcdDrawRectangle@numLoops             cstackBANK0  0000DC
glcdSetCOLMOD@numBitsPerPixel          cstackBANK0  0000C9
glcdSetCOLMOD@rawData                  cstackBANK0  0000CA
glcdTransfer@byte                      cstackBANK0  0000C8
glcdTransfer@cmd                       cstackBANK0  0000C6
i2I2C_Master_Init@clockFreq            cstackCOMRAM 00000E
i2I2C_Master_Read@ackBit               cstackCOMRAM 000002
i2I2C_Master_Read@receivedByte         cstackCOMRAM 000003
i2I2C_Master_Write@byteToWrite         cstackCOMRAM 000002
i2_I2C_Master_Init                     text59       005CF0
i2_I2C_Master_Read                     text57       006142
i2_I2C_Master_Start                    text56       006284
i2_I2C_Master_Stop                     text55       00627C
i2_I2C_Master_Wait                     text58       006226
i2_I2C_Master_Write                    text54       00625A
i2___awdiv                             text53       005A58
i2___awdiv@counter                     cstackCOMRAM 000005
i2___awdiv@dividend                    cstackCOMRAM 000001
i2___awdiv@divisor                     cstackCOMRAM 000003
i2___awdiv@quotient                    cstackCOMRAM 000007
i2___awdiv@sign                        cstackCOMRAM 000006
i2___lldiv                             text60       005ADC
i2___lldiv@counter                     cstackCOMRAM 00000D
i2___lldiv@dividend                    cstackCOMRAM 000001
i2___lldiv@divisor                     cstackCOMRAM 000005
i2___lldiv@quotient                    cstackCOMRAM 000009
i2___lwdiv                             text48       005DA0
i2___lwdiv@counter                     cstackCOMRAM 000007
i2___lwdiv@dividend                    cstackCOMRAM 000001
i2___lwdiv@divisor                     cstackCOMRAM 000003
i2___lwdiv@quotient                    cstackCOMRAM 000005
i2___lwmod                             text47       005F5E
i2___lwmod@counter                     cstackCOMRAM 00000C
i2___lwmod@dividend                    cstackCOMRAM 000008
i2___lwmod@divisor                     cstackCOMRAM 00000A
[...]
      Params:         4       0       0       0       0       0       0       0       0       0       0       0       0       0       0       0       0
      Locals:         2       0       0       0       0       0       0       0       0       0       0       0       0       0       0       0       0
      Temps:          0       0       0       0       0       0       0       0       0       0       0       0       0       0       0       0       0
      Totals:         6       0       0       0       0       0       0       0       0       0       0       0       0       0       0       0       0
Total ram usage:        6 bytes
 Hardware stack levels used:    1
 This function calls:
		Nothing
 This function is called by:
		_interruptHandler
 This function uses a non-reentrant model


 *************** function _strcat *****************
 Defined at:
		line 8 in file "/Applications/microchip/xc8/v1.45/sources/common/strcat.c"
 Parameters:    Size  Location     Type
  to              2    0[COMRAM] PTR unsigned char 
		 -> current_set(5), 
  from            2    2[COMRAM] PTR const unsigned char 
		 -> temp_set(5), 
 Auto vars:     Size  Location     Type
  cp              2    4[COMRAM] PTR unsigned char 
		 -> current_set(5), 
 Return value:  Size  Location     Type
                  2    0[COMRAM] PTR unsigned char 
 Registers used:
		wreg, fsr1l, fsr1h, fsr2l, fsr2h, status,2, status,0
 Tracked objects:
		On entry : 
		On exit  : 
		Unchanged: 
 Data sizes:     COMRAM   BANK0   BANK1   BANK2   BANK3   BANK4   BANK5   BANK6   BANK7   BANK8   BANK9  BANK10  BANK11  BANK12  BANK13  BANK14  BANK15
      Params:         4       0       0       0       0       0       0       0       0       0       0       0       0       0       0       0       0
      Locals:         2       0       0       0       0       0       0       0       0       0       0       0       0       0       0       0       0
      Temps:          0       0       0       0       0       0       0       0       0       0       0       0       0       0       0       0       0
      Totals:         6       0       0       0       0       0       0       0       0       0       0       0       0       0       0       0       0
Total ram usage:        6 bytes
 Hardware stack levels used:    1
 This function calls:
		Nothing
 This function is called by:
		_interruptHandler
 This function uses a non-reentrant model


 *************** function _is_valid *****************
 Defined at:
		line 12 in file "keypad.c"
 Parameters:    Size  Location     Type
		None
 Auto vars:     Size  Location     Type
		None
 Return value:  Size  Location     Type
                  2  157[None  ] int 
 Registers used:
		wreg, fsr2l, fsr2h, status,2, status,0, tblptrl, tblptrh, tblptru, prodl, prodh, cstack
 Tracked objects:
		On entry : 
		On exit  : 
		Unchanged: 
 Data sizes:     COMRAM   BANK0   BANK1   BANK2   BANK3   BANK4   BANK5   BANK6   BANK7   BANK8   BANK9  BANK10  BANK11  BANK12  BANK13  BANK14  BANK15
      Params:         0       0       0       0       0       0       0       0       0       0       0       0       0       0       0       0       0
      Locals:         0       0       0       0       0       0       0       0       0       0       0       0       0       0       0       0       0
      Temps:          2       0       0       0       0       0       0       0       0       0       0       0       0       0       0       0       0
      Totals:         2       0       0       0       0       0       0       0       0       0       0       0       0       0       0       0       0
Total ram usage:        2 bytes
 Hardware stack levels used:    1
 Hardware stack levels required when called:    1
 This function calls:
		_strcmp
		i2___wmul
 This function is called by:
		_interruptHandler
 This function uses a non-reentrant model


 *************** function i2___wmul *****************
 Defined at:
		line 15 in file "/Applications/microchip/xc8/v1.45/sources/common/Umul16.c"
 Parameters:    Size  Location     Type
  multiplier      2    0[COMRAM] unsigned int 
  multiplicand    2    2[COMRAM] unsigned int 
 Auto vars:     Size  Location     Type
  __wmul          2    4[COMRAM] unsigned int 
 Return value:  Size  Location     Type
                  2    0[COMRAM] unsigned int 
 Registers used:
		wreg, status,2, status,0, prodl, prodh
 Tracked objects:
		On entry : 
		On exit  : 
		Unchanged: 
 Data sizes:     COMRAM   BANK0   BANK1   BANK2   BANK3   BANK4   BANK5   BANK6   BANK7   BANK8   BANK9  BANK10  BANK11  BANK12  BANK13  BANK14  BANK15
      Params:         4       0       0       0       0       0       0       0       0       0       0       0       0       0       0       0       0
      Locals:         2       0       0       0       0       0       0       0       0       0       0       0       0       0       0       0       0
      Temps:          0       0       0       0       0       0       0       0       0       0       0       0       0       0       0       0       0
      Totals:         6       0       0       0       0       0       0       0       0       0       0       0       0       0       0       0       0
Total ram usage:        6 bytes
 Hardware stack levels used:    1
 This function calls:
		Nothing
 This function is called by:
		_interruptHandler
		_is_valid
		i2_printf
 This function uses a non-reentrant model


 *************** function _strcmp *****************
 Defined at:
		line 33 in file "/Applications/microchip/xc8/v1.45/sources/common/strcmp.c"
 Parameters:    Size  Location     Type
  s1              2    0[COMRAM] PTR const unsigned char 
		 -> current_set2(5), 
  s2              2    2[COMRAM] PTR const unsigned char 
		 -> STR_97(5), STR_96(5), STR_95(5), STR_94(5), 
		 -> STR_93(5), STR_92(5), STR_91(5), STR_90(4), 
		 -> STR_89(4), STR_88(4), STR_87(4), STR_86(4), 
		 -> STR_85(4), STR_84(3), STR_83(3), STR_82(3), 
		 -> STR_81(2), STR_80(2), STR_79(2), STR_78(2), 
 Auto vars:     Size  Location     Type
  r               1    5[COMRAM] char 
 Return value:  Size  Location     Type
                  2    0[COMRAM] int 
 Registers used:
		wreg, fsr2l, fsr2h, status,2, status,0, tblptrl, tblptrh, tblptru
 Tracked objects:
		On entry : 
		On exit  : 
		Unchanged: 
 Data sizes:     COMRAM   BANK0   BANK1   BANK2   BANK3   BANK4   BANK5   BANK6   BANK7   BANK8   BANK9  BANK10  BANK11  BANK12  BANK13  BANK14  BANK15
      Params:         4       0       0       0       0       0       0       0       0       0       0       0       0       0       0       0       0
      Locals:         1       0       0       0       0       0       0       0       0       0       0       0       0       0       0       0       0
      Temps:          1       0       0       0       0       0       0       0       0       0       0       0       0       0       0       0       0
      Totals:         6       0       0       0       0       0       0       0       0       0       0       0       0       0       0       0       0
Total ram usage:        6 bytes
 Hardware stack levels used:    1
 This function calls:
		Nothing
 This function is called by:
		_is_valid
 This function uses a non-reentrant model


 *************** function _check *****************
 Defined at:
		line 208 in file "keypad.c"
 Parameters:    Size  Location     Type
		None
 Auto vars:     Size  Location     Type
		None
 Return value:  Size  Location     Type
                  2    0[COMRAM] int 
 Registers used:
		wreg, status,2, status,0
 Tracked objects:
		On entry : 
		On exit  : 
		Unchanged: 
 Data sizes:     COMRAM   BANK0   BANK1   BANK2   BANK3   BANK4   BANK5   BANK6   BANK7   BANK8   BANK9  BANK10  BANK11  BANK12  BANK13  BANK14  BANK15
      Params:         2       0       0       0       0       0       0       0       0       0       0       0       0       0       0       0       0
      Locals:         0       0       0       0       0       0       0       0       0       0       0       0       0       0       0       0       0
      Temps:          0       0       0       0       0       0       0       0       0       0       0       0       0       0       0       0       0
      Totals:         2       0       0       0       0       0       0       0       0       0       0       0       0       0       0       0       0
Total ram usage:        2 bytes
 Hardware stack levels used:    1
 This function calls:
		Nothing
 This function is called by:
		_interruptHandler
 This function uses a non-reentrant model


 *************** function ___awmod *****************
 Defined at:
		line 8 in file "/Applications/microchip/xc8/v1.45/sources/common/awmod.c"
 Parameters:    Size  Location     Type
  dividend        2    0[COMRAM] int 
  divisor         2    2[COMRAM] int 
 Auto vars:     Size  Location     Type
  sign            1    5[COMRAM] unsigned char 
  counter         1    4[COMRAM] unsigned char 
 Return value:  Size  Location     Type
                  2    0[COMRAM] int 
 Registers used:
		wreg, status,2, status,0
 Tracked objects:
		On entry : 
		On exit  : 
		Unchanged: 
 Data sizes:     COMRAM   BANK0   BANK1   BANK2   BANK3   BANK4   BANK5   BANK6   BANK7   BANK8   BANK9  BANK10  BANK11  BANK12  BANK13  BANK14  BANK15
      Params:         4       0       0       0       0       0       0       0       0       0       0       0       0       0       0       0       0
      Locals:         2       0       0       0       0       0       0       0       0       0       0       0       0       0       0       0       0
      Temps:          0       0       0       0       0       0       0       0       0       0       0       0       0       0       0       0       0
      Totals:         6       0       0       0       0       0       0       0       0       0       0       0       0       0       0       0       0
Total ram usage:        6 bytes
 Hardware stack levels used:    1
 This function calls:
		Nothing
 This function is called by:
		_interruptHandler
 This function uses a non-reentrant model



MODULE INFORMATION

Module		Function		Class		Link	Load	Size
/Applications/microchip/xc8/v1.45/sources/common/strcmp.c
		_strcmp        		CODE           	5E8A	0000	75

/Applications/microchip/xc8/v1.45/sources/common/strcmp.c estimated size: 75

/Applications/microchip/xc8/v1.45/sources/common/strcpy.c
		_strcpy        		CODE           	5ED4	0000	71

/Applications/microchip/xc8/v1.45/sources/common/strcpy.c estimated size: 71

/Applications/microchip/xc8/v1.45/sources/common/lwmod.c
		___lwmod       		CODE           	5F1A	0000	69

/Applications/microchip/xc8/v1.45/sources/common/lwmod.c estimated size: 69

/Applications/microchip/xc8/v1.45/sources/common/awmod.c
		___awmod       		CODE           	5B5E	0000	113

/Applications/microchip/xc8/v1.45/sources/common/awmod.c estimated size: 113

keypad.c
		_check         		CODE           	5BCE	0000	103
		_generate_compartment_array		CODE           	4AEC	0000	613
		_is_valid      		CODE           	0FEA	0000	3671

keypad.c estimated size: 4387

/Applications/microchip/xc8/v1.45/sources/common/doprnt.c
		_printf        		CODE           	3254	0000	1097

/Applications/microchip/xc8/v1.45/sources/common/doprnt.c estimated size: 1097

/Applications/microchip/xc8/v1.45/sources/common/strncmp.c
		_strncmp       		CODE           	594E	0000	135

/Applications/microchip/xc8/v1.45/sources/common/strncmp.c estimated size: 135

I2C.c
		_I2C_Master_Read		CODE           	607A	0000	43
		_I2C_Master_Wait		CODE           	61EA	0000	21
		_I2C_Master_Init		CODE           	5C34	0000	97
		_I2C_Master_Stop		CODE           	626C	0000	9
		_I2C_Master_Write		CODE           	6250	0000	11
		_I2C_Master_Start		CODE           	6274	0000	9

I2C.c estimated size: 190

GLCD_PIC.c
		_glcdDrawRectangle		CODE           	4D50	0000	437
		_glcdSetCOLMOD 		CODE           	5C94	0000	93
		_initGLCD      		CODE           	3AB6	0000	951
		_glcdTransfer  		CODE           	604C	0000	47

GLCD_PIC.c estimated size: 1528

/Applications/microchip/xc8/v1.45/sources/common/lwdiv.c
		___lwdiv       		CODE           	5D4C	0000	85

/Applications/microchip/xc8/v1.45/sources/common/lwdiv.c estimated size: 85

/Applications/microchip/xc8/v1.45/sources/common/awdiv.c
		___awdiv       		CODE           	5842	0000	135

/Applications/microchip/xc8/v1.45/sources/common/awdiv.c estimated size: 135

/Applications/microchip/xc8/v1.45/sources/common/lldiv.c
		___lldiv       		CODE           	59D4	0000	133

/Applications/microchip/xc8/v1.45/sources/common/lldiv.c estimated size: 133

/Applications/microchip/xc8/v1.45/sources/common/Umul16.c
		___wmul        		CODE           	60CC	0000	41

/Applications/microchip/xc8/v1.45/sources/common/Umul16.c estimated size: 41

SPI_PIC.c
		_spiTransfer   		CODE           	60A4	0000	41
		_spiInit       		CODE           	5FE2	0000	61
		_spiSend       		CODE           	6238	0000	15

SPI_PIC.c estimated size: 117

/Applications/microchip/xc8/v1.45/sources/common/isdigit.c
		_isdigit       		CODE           	6166	0000	35

/Applications/microchip/xc8/v1.45/sources/common/isdigit.c estimated size: 35

shared
		GLCD_PIC@INST_DISPON		MEDIUMCONST    	FCBD	0000	2
		GLCD_PIC@INST_PWCTR5		MEDIUMCONST    	FCAA	0000	2
		i2_printf      		CODE           	369C	0000	1051
		_INST_TEON     		MEDIUMCONST    	0000	0000	0
		_INST_TEOFF    		MEDIUMCONST    	0000	0000	0
		GLCD_PIC@INST_GAMSET		MEDIUMCONST    	FCBF	0000	2
		_INST_PWCTR1   		MEDIUMCONST    	0000	0000	0
		_INST_PWCTR2   		MEDIUMCONST    	0000	0000	0
		_INST_PWCTR3   		MEDIUMCONST    	0000	0000	0
		_INST_PWCTR4   		MEDIUMCONST    	0000	0000	0
		_INST_PWCTR5   		MEDIUMCONST    	0000	0000	0
		_INST_COLMOD   		MEDIUMCONST    	0000	0000	0
		i2_I2C_Master_Start		CODE           	6284	0000	9
		_INDIGO        		MEDIUMCONST    	FC81	0000	5
		_INST_SWRESET  		MEDIUMCONST    	0000	0000	0
		GLCD_PIC@INST_NOP		MEDIUMCONST    	0000	0000	0
		_ORANGE        		MEDIUMCONST    	FC91	0000	5
		i2_putch       		CODE           	61FE	0000	21
		i2_lcdNibble   		CODE           	58C8	0000	135
		GLCD_PIC@INST_INVCTR		MEDIUMCONST    	FCAF	0000	2
		_INST_FRMCTR1  		MEDIUMCONST    	0000	0000	0
		_INST_FRMCTR2  		MEDIUMCONST    	0000	0000	0
		_INST_FRMCTR3  		MEDIUMCONST    	0000	0000	0
		_GLCD_ADDRESSABLE_SIZE_HORZ		MEDIUMCONST    	FCEB	0000	2
		_GREY          		MEDIUMCONST    	FC9D	0000	5
		_INST_VMCTR1   		MEDIUMCONST    	0000	0000	0
		_VIOLET        		MEDIUMCONST    	FC7D	0000	5
		_dpowers       		MEDIUMCONST    	FC64	0000	11
		i2___lwdiv     		CODE           	5DA0	0000	83
		i2_isdigit     		CODE           	6188	0000	31
		_INST_DISPON   		MEDIUMCONST    	0000	0000	0
		_INST_VMOFCTR2 		MEDIUMCONST    	0000	0000	0
		_INST_DISPOFF  		MEDIUMCONST    	0000	0000	0
		GLCD_PIC@INST_TEOFF		MEDIUMCONST    	0000	0000	0
		_RED           		MEDIUMCONST    	FC95	0000	5
		i2_generate_compartment_array		CODE           	4880	0000	621
		GLCD_PIC@INST_FRMCTR1		MEDIUMCONST    	FCB2	0000	2
		i2___awdiv     		CODE           	5A58	0000	133
		_LCD_LEFT      		MEDIUMCONST    	FCEC	0000	2
		GLCD_PIC@INST_SLPOUT		MEDIUMCONST    	FCC4	0000	2
		i2___wmul      		CODE           	611C	0000	39
		i2_I2C_Master_Read		CODE           	6142	0000	37
		GLCD_PIC@INST_IDMOFF		MEDIUMCONST    	FCB5	0000	2
		_INST_CASET    		MEDIUMCONST    	0000	0000	0
		_INST_INVON    		MEDIUMCONST    	0000	0000	0
		GLCD_PIC@INST_FRMCTR2		MEDIUMCONST    	FCB1	0000	2
		_INST_INVOFF   		MEDIUMCONST    	0000	0000	0
		_INST_INVCTR   		MEDIUMCONST    	0000	0000	0
		i2___lwmod     		CODE           	5F5E	0000	67
		_keys          		MEDIUMCONST    	FC53	0000	18
		_LCD_RIGHT     		MEDIUMCONST    	FCED	0000	2
		i2___lldiv     		CODE           	5ADC	0000	131
		__initialization		CODE           	568A	0000	145
		GLCD_PIC@INST_INVOFF		MEDIUMCONST    	FCC1	0000	2
		_INST_SLPIN    		MEDIUMCONST    	0000	0000	0
		_GLCD_SIZE_VERT		MEDIUMCONST    	FCE8	0000	2
		_INST_SLPOUT   		MEDIUMCONST    	0000	0000	0
		GLCD_PIC@INST_COLMOD		MEDIUMCONST    	FCB3	0000	2
		_GLCD_SIZE_HORZ		MEDIUMCONST    	FCE9	0000	2
		GLCD_PIC@INST_FRMCTR3		MEDIUMCONST    	FCB0	0000	2
		_INST_IDMON    		MEDIUMCONST    	0000	0000	0
		_LCD_VERT_LIMIT		MEDIUMCONST    	FCF0	0000	2
		GLCD_PIC@INST_PTLAR		MEDIUMCONST    	0000	0000	0
		GLCD_PIC@INST_VMOFCTR2		MEDIUMCONST    	0000	0000	0
		_INST_IDMOFF   		MEDIUMCONST    	0000	0000	0
		GLCD_PIC@INST_SLPIN		MEDIUMCONST    	0000	0000	0
		_strs          		MEDIUMCONST    	FCF2	0000	101
		GLCD_PIC@INST_IDMON		MEDIUMCONST    	0000	0000	0
		_INST_RASET    		MEDIUMCONST    	0000	0000	0
		_INST_RAMWR    		MEDIUMCONST    	0000	0000	0
		_LCD_HORZ_LIMIT		MEDIUMCONST    	FCF1	0000	2
		_array         		MEDIUMCONST    	FCA5	0000	4
		GLCD_PIC@INST_CASET		MEDIUMCONST    	FCBC	0000	2
		GLCD_PIC@INST_PTLON		MEDIUMCONST    	0000	0000	0
		i2_I2C_Master_Wait		CODE           	6226	0000	19
		GLCD_PIC@INST_RASET		MEDIUMCONST    	FCBB	0000	2
		GLCD_PIC@INST_NORON		MEDIUMCONST    	FCC2	0000	2
		i2_I2C_Master_Init		CODE           	5CF0	0000	93
		_hexpowers     		MEDIUMCONST    	FC6E	0000	9
		GLCD_PIC@INST_INVON		MEDIUMCONST    	0000	0000	0
		i2_I2C_Master_Stop		CODE           	627C	0000	9
		GLCD_PIC@INST_DISPOFF		MEDIUMCONST    	0000	0000	0
		GLCD_PIC@INST_RAMWR		MEDIUMCONST    	FCBA	0000	2
		_WHITE         		MEDIUMCONST    	FC99	0000	5
		GLCD_PIC@INST_MADCTL		MEDIUMCONST    	FCB6	0000	2
		_YELLOW        		MEDIUMCONST    	FC8D	0000	5
		GLCD_PIC@INST_VMCTR1		MEDIUMCONST    	FCA9	0000	2
		_INST_GAMSET   		MEDIUMCONST    	0000	0000	0
		_LCD_SIZE_VERT 		MEDIUMCONST    	FCEE	0000	2
		_LCD_SIZE_HORZ 		MEDIUMCONST    	FCEF	0000	2
		_INST_NOP      		MEDIUMCONST    	0000	0000	0
		_GLCD_ADDRESSABLE_SIZE_VERT		MEDIUMCONST    	FCEA	0000	2
		GLCD_PIC@INST_PWCTR1		MEDIUMCONST    	FCAE	0000	2
		_INST_NORON    		MEDIUMCONST    	0000	0000	0
		i2_lcdInst     		CODE           	6212	0000	21
		i2_I2C_Master_Write		CODE           	625A	0000	11
		_BLACK         		MEDIUMCONST    	FCA1	0000	5
		GLCD_PIC@INST_SWRESET		MEDIUMCONST    	FCC6	0000	2
		GLCD_PIC@INST_PWCTR2		MEDIUMCONST    	FCAD	0000	2
		_INST_MADCTL   		MEDIUMCONST    	0000	0000	0
		_GREEN         		MEDIUMCONST    	FC89	0000	5
		_happynewyear  		MEDIUMCONST    	FC76	0000	8
		i2_initLCD     		CODE           	5E3E	0000	77
		GLCD_PIC@INST_PWCTR3		MEDIUMCONST    	FCAC	0000	2
		GLCD_PIC@INST_TEON		MEDIUMCONST    	0000	0000	0
		GLCD_PIC@INST_PWCTR4		MEDIUMCONST    	FCAB	0000	2
		_INST_PTLAR    		MEDIUMCONST    	0000	0000	0
		_INST_PTLON    		MEDIUMCONST    	0000	0000	0
		_BLUE          		MEDIUMCONST    	FC85	0000	5

shared estimated size: 2998

lcd.c
		_putch         		CODE           	61A6	0000	25
		_lcdInst       		CODE           	61BE	0000	25
		_lcdNibble     		CODE           	57BA	0000	137
		_initLCD       		CODE           	5DF2	0000	77

lcd.c estimated size: 264

/Applications/microchip/xc8/v1.45/sources/common/strcat.c
		_strcat        		CODE           	5FA0	0000	67

/Applications/microchip/xc8/v1.45/sources/common/strcat.c estimated size: 67

main.c
		_Washer_remain 		CODE           	51BA	0000	189
		_Nut_dispense  		CODE           	55EA	0000	161
		_I2C_init      		CODE           	601E	0000	47
		_Spacer_remain 		CODE           	5276	0000	189
		_I2C_sendData  		CODE           	60F4	0000	41
		_main          		CODE           	1E40	0000	2993
		_initVibTimer  		CODE           	61D6	0000	21
		_drawWasher    		CODE           	29F0	0000	2149
		_drawNut       		CODE           	4594	0000	749
		_Washer_dispense		CODE           	54AA	0000	161
		_drawSpacer    		CODE           	4200	0000	917
		_Spacer_dispense		CODE           	554A	0000	161
		_interruptHandler		CODE           	0008	0000	4063
		_initialize    		CODE           	5068	0000	339
		_drawBolt      		CODE           	4F04	0000	357
		_Bolt_remain   		CODE           	53EE	0000	189
		_Bolt_dispense 		CODE           	5724	0000	151
		_Nut_remain    		CODE           	5332	0000	189
		_drawTeamName  		CODE           	3E6C	0000	917

main.c estimated size: 13983

